/* This is part of the LibEth library, an ANSI C library for Ethiopic
   text and information processing (http://libeth.netpedia.net).
   Copyright (C) 1995-1998 Daniel Yacob.

   This library is free software; you can redistribute it and/or
   modify it under the terms of the GNU Library General Public
   License as published by the Free Software Foundation; either
   version 2 of the License, or (at your option) any later version.

   This library is distributed in the hope that it will be useful,
   but WITHOUT ANY WARRANTY; without even the implied warranty of
   MERCHANTABILITY or FITNESS FOR A PARTICULAR PURPOSE.  See the GNU
   Library General Public License for more details.

   You should have received a copy of the GNU Library General Public
   License along with this library; if not, write to the Free
   Foundation, Inc., 59 Temple Place, Suite 330, Boston, MA  02111-1307  USA
*/

#ifndef ABSHA_MAP
#define ABSHA_MAP 1

#ifndef SUPPORT_ABSHA
#  define SUPPORT_ABSHA 1
#endif /* SUPPORT_ABSHA */

#define NUM_ABSHA 2
#define GEEZEDITSETLENGTH 1
unsigned char* AbshaTTFNames[NUM_ABSHA] = { 
    "Ge\xe8zEdit Amharic P",
    "AmharQ"
    /*------------------------------------/
    **   We support these other at some   /
    **   distant time in the future       /
    **-----------------------------------*/
	/* "EG Amharic",        */
	/* "GeèzEditAmharic98", */
    /* "e2", */
    /* "E3", */
    /* "E4", */
    /* "E5", */
    /* "E6", */
    /* "E7", */
    /* "E8", */
    /* "E9", */
    /* "EA", */
    /* "EB", */
    /* "EC", */
};
char* AbshaRTFPrefix[] = { 
  "\\fswiss\\fprq2"
};


#ifndef SUPPORT_GEEZEDIT
#define SUPPORT_GEEZEDIT  1

#ifndef MAPTYPES_H
#  include "maptypes.h"
#endif /* MAPTYPES_H */

#ifndef ABSHA_H
#  include "absha.h"
#endif /* ABSHA_H */


LETCHAR GeezEditFidel[UNITOTAL] = 
       {
/* he */  {"\x48", NOCH, SET0},   {"\xad", NOCH, SET0}, {"\xe8", SGE_ir, SET0},  {"\xe8", NOCH, SET0}, {"\x89", NOCH, SET0},   {"\x68", NOCH, SET0},   {"\xc8", NOCH, SET0},    {NOCH, NOCH, NOCH},
/* le */  {"\x4c", NOCH, SET0},   {"\x4c", SGE_urr, SET0}, {"\x4c", SGE_ir, SET0},  {"\xec", NOCH, SET0}, {"\x4c", SGE_Er, SET0},   {"\x6c", NOCH, SET0},   {"\x4c", SGE_Wer, SET0},  {"\xec", SGE_War, SET0},
/* He */  {"\xf6", NOCH, SET0},   {"\xf6", SGE_urr, SET0}, {"\xf6", SGE_ir, SET0},  {"\xa7", NOCH, SET0}, {"\xf6", SGE_Er, SET0},   {"\x27", NOCH, SET0},   {"\xa2", NOCH, SET0},    {"\xa7", SGE_War, SET0},
/* me */  {"\x4d", NOCH, SET0},   {"\x4d", SGE_urr, SET0}, {"\xed", SGE_ir, SET0},  {"\xed", NOCH, SET0}, {"\x91", NOCH, SET0},   {"\x6d", NOCH, SET0},   {"\xcd", NOCH, SET0},    {"\x98", NOCH, SET0},
/*`se */  {"\x3e", NOCH, SET0},   {"\x3e", SGE_urr, SET0}, {"\xae", SGE_ir, SET0},  {"\xae", NOCH, SET0}, {"\xae", SGE_Er, SET0},   {"\xcc", NOCH, SET0},   {"\xbe", NOCH, SET0},    {"\xae", SGE_Walw, SET0},
/* re */  {"\x52", NOCH, SET0},   {"\xb9", NOCH, SET0}, {"\xb0", NOCH, SET0},  {"\xf2", NOCH, SET0}, {"\x52", SGE_Er, SET0},   {"\x72", NOCH, SET0},   {"\xd2", NOCH, SET0},    {"\x85", NOCH, SET0},
/* se */  {"\x53", NOCH, SET0},   {"\x53", SGE_urr, SET0}, {"\x53", SGE_ir, SET0},  {"\xf3", NOCH, SET0}, {"\x53", SGE_Er, SET0},   {"\x73", NOCH, SET0},   {"\xd3", NOCH, SET0},    {"\xf3", SGE_War, SET0},
/* xe */  {"\x56", NOCH, SET0},   {"\x56", SGE_urr, SET0}, {"\x56", SGE_ir, SET0},  {"\x9a", NOCH, SET0}, {"\x56", SGE_Er, SET0},   {"\x76", NOCH, SET0},   {"\xd3", SGE_Bj, SET0},  {"\x9a", SGE_War, SET0},
/* qe */  {"\x51", NOCH, SET0},   {"\x51", SGE_ull, SET0},{"\x51", SGE_il, SET0}, {"\xf1", NOCH, SET0}, {"\x51", SGE_El, SET0},  {"\x71", NOCH, SET0},   {"\xd1", NOCH, SET0},    {NOCH, NOCH, SETD},
          {"\x51", SGE_Wel, SET0},{NOCH, NOCH, NOCH}, {"\x51", SGE_Wil, SET0},{"\xa8", NOCH, SET0}, {NOCH, NOCH, NOCH},   {"\x51", SGE_W, SET0},  {NOCH, NOCH, NOCH},    {NOCH, NOCH, NOCH},
/* Qe */  {"\x51", SGE_BW, SET0},  {"\x51", SGE_ull, SET0},{"\x51", SGE_il, SET0}, {"\xf1", SGE_Bj, SET0},{"\x51", SGE_El, SET0}, {"\x87", NOCH, SET0},   {"\xd1", SGE_BW, SET0},   {NOCH, NOCH, SETD},
          {NOCH, NOCH, NOCH},   {NOCH, NOCH, NOCH}, {NOCH,    NOCH}, {"\xa8", NOCH, SET0}, {NOCH, NOCH, NOCH},   {NOCH, NOCH, NOCH},   {NOCH, NOCH, NOCH},    {NOCH, NOCH, NOCH},
/* be */  {"\x42", NOCH, SET0},   {"\x42", SGE_urr, SET0}, {"\x42", SGE_ir, SET0},  {"\xe2", NOCH, SET0}, {"\x42", SGE_Er, SET0},   {SGE_S,"\x42", SET0},  {"\xc2", NOCH, SET0},    {"\xe2", SGE_War, SET0},
/* ve */  {"\x7e", NOCH, SET0},   {"\x7e", SGE_urr, SET0}, {"\x7e", SGE_ir, SET0},  {"\xe0", NOCH, SET0}, {"\x7e", SGE_Er, SET0},   {"\x60", NOCH, SET0},   {"\xfe", NOCH, SET0},    {"\xe0", SGE_War, SET0},
/* te */  {"\x54", NOCH, SET0},   {"\x54", SGE_ul, SET0},{"\x54", SGE_il, SET0}, {"\xf4", NOCH, SET0}, {"\x54", SGE_El, SET0},  {"\x74", NOCH, SET0},   {"\xd4", NOCH, SET0},    {"\x54", SGE_Walw, SET0},
/* ce */  {"\x43", NOCH, SET0},   {"\x43", SGE_ul, SET0},{"\x43", SGE_il, SET0}, {"\xe3", NOCH, SET0}, {"\x43", SGE_El, SET0},  {"\x63", NOCH, SET0},   {"\x99", NOCH, SET0},    {"\x43", SGE_Walw, SET0},
/*`he */  {"\x23", NOCH, SET0},   {"\x23", SGE_urr, SET0}, {"\x23", SGE_ir, SET0},  {"\xff", NOCH, SET0}, {"\x23", SGE_Er, SET0},   {"\x3b", NOCH, SET0},   {SGE_S,"\xce", SET0},   {NOCH, NOCH, SETD},
          {"\x2e", NOCH, NOCH},   {NOCH, NOCH, NOCH}, {"\x2e", SGE_W, SET0},  {"\xa9", NOCH, SET0},  {NOCH, NOCH, NOCH},   {NOCH, NOCH, NOCH},   {NOCH, NOCH, NOCH},    {NOCH, NOCH, NOCH},
/* ne */  {"\x4e", NOCH, SET0},   {"\xab", NOCH, SET0}, {"\x4e", SGE_ir, SET0},  {"\xee", NOCH, SET0},  {"\x96", NOCH, SET0},   {"\x6e", NOCH, SET0},   {"\xce", NOCH, SET0},    {"\xee", SGE_Wal, SET0},
/* Ne */  {"\x4f", NOCH, SET0},   {"\x4f", SGE_ul, SET0},{"\x4f", SGE_il, SET0}, {"\xb5", NOCH, SET0},  {"\x96", SGE_Bj, SET0}, {"\x6f", NOCH, SET0},   {"\xce", SGE_Bj, SET0},  {"\xb5", SGE_Walw, SET0},
/* e  */  {"\x41", NOCH, SET0},   {"\x41", SGE_urr, SET0}, {"\x41", SGE_ir, SET0},  {"\xe1", NOCH, SET0},  {"\x41", SGE_Er, SET0},  {"\x61", NOCH, SET0},   {"\xc1", NOCH, SET0},    {"\x41", SGE_B, SET0},
/* ke */  {"\x4b", NOCH, SET0},   {"\x4b", SGE_urr, SET0}, {"\x4b", SGE_ir, SET0},  {"\xeb", NOCH, SET0},  {"\x4b", SGE_Er, SET0},  {"\x6b", NOCH, SET0},   {"\xcb", NOCH, SET0},    {NOCH, NOCH, SETD},
          {"\x4b", SGE_Wer, SET0}, {NOCH, NOCH, NOCH}, {"\x4b", SGE_Wir, SET0}, {"\xa6", NOCH, NOCH},  {NOCH, NOCH, NOCH},   {"\x9c", NOCH, SET0},   {NOCH, NOCH, NOCH},    {NOCH, NOCH, NOCH},
/* Ke */  {"\x3c", NOCH, SET0},   {"\x3c", SGE_urr, SET0}, {"\x3c", SGE_ir, SET0},  {"\xac", NOCH, SET0},  {"\x3c", SGE_Er, SET0},  {"\x2c", NOCH, SET0},   {"\xbc", NOCH, SET0},    {NOCH, NOCH, SETD}, 
          {"\x3c", SGE_Wer, SET0}, {NOCH, NOCH, NOCH}, {"\x3c", SGE_Wir, SET0}, {"\xa6", SGE_BW, SET0}, {NOCH, NOCH, NOCH},   {"\x9c", SGE_BW, SET0},  {NOCH, NOCH, NOCH},    {NOCH, NOCH, NOCH},
/* we */  {"\x57", NOCH, SET0},   {"\xbb", NOCH, SET0}, {"\xf7", SGE_il, SET0}, {"\xf7", NOCH, SET0},  {"\xf7", SGE_El, SET0}, {"\x57", SGE_urr, SET0},  {"\xd7", NOCH, SET0},    {NOCH, NOCH, NOCH}, 
/* `e */  {"\x7d", NOCH, SET0},   {"\x7d", SGE_urr, SET0}, {"\xdd", SGE_ir, SET0},  {"\xdd", NOCH, SET0},  {"\xdd", SGE_Er, SET0},  {"\x9f", NOCH, SET0},   {"\xfd", NOCH, SET0},    {NOCH, NOCH, NOCH},
/* ze */  {"\x5a", NOCH, SET0},   {"\x5a", SGE_urr, SET0}, {"\x5a", SGE_ir, SET0},  {"\xfa", NOCH, SET0},  {"\x5a", SGE_Er, SET0},  {"\x7a", NOCH, SET0},   {"\xda", NOCH, SET0},    {"\xfa", SGE_War, SET0},
/* Ze */  {"\x45", NOCH, SET0},   {"\x45", SGE_ull, SET0},{"\x45", SGE_il, SET0}, {"\xe5", NOCH, SET0},  {"\x45", SGE_El, SET0}, {"\x65", NOCH, SET0},   {"\xc5", NOCH, SET0},    {"\xe5", SGE_Walw, SET0},
/* ye */  {"\x59", NOCH, SET0},   {"\x59", SGE_ul, SET0},{"\x59", SGE_Wil, SET0},{"\xf9", NOCH, SET0},  {"\x59", SGE_Wel, SET0},{"\x79", NOCH, SET0},   {"\x59", SGE_yo, SET0},  {NOCH, NOCH, NOCH}, 
/* de */  {"\x44", NOCH, SET0},   {"\xe4", SGE_urr, SET0}, {"\xe4", SGE_ir, SET0},  {"\xe4", NOCH, SET0},  {"\xe4", SGE_Er, SET0},  {"\x64", NOCH, SET0},   {"\xc4", NOCH, SET0},    {"\xe4", SGE_War, SET0},
/* De */  {"\xc4", SGE_P, SET0}, {"\xe4", SGE_urr, SET0}, {"\xe4", SGE_ir, SET0},  {"\xe4", SGE_P, SET0},{"\xe4", SGE_Er, SET0},  {"\x64", SGE_P, SET0}, {"\xc4", SGE_P, SET0},  {"\xe4", SGE_War, SET0},
/* je */  {"\x4a", NOCH, SET0},   {"\xea", SGE_urr, SET0}, {"\xea", SGE_ir, SET0},  {"\xea", NOCH, SET0},  {"\xea", SGE_Er, SET0},  {"\x64", SGE_Bj, SET0}, {"\xc4", SGE_Bj, SET0},  {"\xea", SGE_Walw, SET0},
/* ge */  {"\x47", NOCH, SET0},   {"\x47", SGE_urr, SET0}, {"\x47", SGE_ir, SET0},  {"\xe7", NOCH, SET0},  {"\x47", SGE_Er, SET0},  {"\x67", NOCH, SET0},   {"\x8a", NOCH, SET0},    {NOCH, NOCH, SETD},
          {"\x47", SGE_Wel, SET0},{NOCH, NOCH, NOCH}, {"\x47", SGE_Wir, SET0}, {"\xaa", NOCH, SET0},  {NOCH, NOCH, NOCH},   {"\x47", SGE_W, SET0},  {NOCH, NOCH, NOCH},    {NOCH, NOCH, NOCH},
/* Ge */  {"\x47", SGE_BW, SET0},  {"\x47", SGE_urr, SET0}, {"\x47", SGE_ir, SET0},  {"\xe7", SGE_BW, SET0}, {"\x47", SGE_Er, SET0},  {"\x67", SGE_BW, SET0},  {"\x8a", SGE_BW, SET0},   {NOCH, NOCH, NOCH},
/* Te */  {"\x55", NOCH, SET0},   {"\x55", SGE_urr, SET0}, {"\x55", SGE_ir, SET0},  {"\xf5", NOCH, SET0},  {"\x55", SGE_Er, SET0},  {"\x75", NOCH, SET0},   {"\xd5", NOCH, SET0},    {"\xf5", SGE_War, SET0},
/* Ce */  {"\x58", NOCH, SET0},   {"\x58", SGE_urr, SET0}, {"\x58", SGE_ir, SET0},  {"\xf8", NOCH, SET0},  {"\x58", SGE_Er, SET0},  {"\x78", NOCH, SET0},   {"\xd8", NOCH, SET0},    {"\xf8", SGE_Walw, SET0},
/* Pe */  {"\x7b", NOCH, SET0},   {"\x7b", SGE_ur, SET0},{"\x7b", SGE_ir, SET0},  {"\xe9", SGE_P, SET0},{"\x7b", SGE_Er, SET0},  {"\x7b", SGE_P, SET0},  {"\xc9", SGE_P, SET0},  {"\x7b", SGE_War, SET0},
/* Se */  {"\x49", NOCH, SET0},   {"\x49", SGE_ull, SET0},{"\x49", SGE_ir, SET0},  {"\xe9", NOCH, SET0},  {"\x49", SGE_Er, SET0},  {"\x69", NOCH, SET0},   {"\xc9", NOCH, SET0},    {"\xe9", SGE_War, SET0},
/*`Se */  {"\x3f", NOCH, SET0},   {"\x3f", SGE_urr, SET0}, {"\xaf", SGE_ir, SET0},  {"\xaf", NOCH, SET0},  {"\xaf", SGE_Er, SET0},  {"\x86", NOCH, SET0},   {"\xc9", NOCH, SET0},    {NOCH, NOCH, NOCH}, 
/* fe */  {"\x46", NOCH, SET0},   {"\xb3", NOCH, SET0}, {"\xde", NOCH, SET0},  {"\xe6", NOCH, SET0},  {"\x46", SGE_Er, SET0},  {"\x66", NOCH, SET0},   {"\xc6", NOCH, SET0},    {"\xe6", SGE_Walw, SET0},
/* pe */  {"\x50", NOCH, SET0},   {"\x50", SGE_ull, SET0},{"\x50", SGE_il, SET0}, {"\xf0", NOCH, SET0},  {"\x50", SGE_El, SET0}, {"\x70", NOCH, SET0},   {"\xd0", NOCH, SET0},    {"\x50", SGE_Walw, SET0},
          {NOCH, NOCH, NOCH},   {"\xb0", SGE_BW, SET0}, {"\xde", SGE_BW, SET0},  {NOCH, NOCH, NOCH},  {NOCH, NOCH, NOCH},   {NOCH, NOCH, NOCH},   {NOCH, NOCH, NOCH},    {NOCH, NOCH, NOCH},
 
          {NOCH, NOCH, NOCH},   {"\x3a", NOCH, SET0},  {"\x3a", "\x3a", SET0}, {"\x5e", NOCH, SET0},  {"\x40", NOCH, SET0},  {"\xc3", NOCH, SET0},   {"\x3a", "\x2d", SET0}, {"\xb4", NOCH, SET0},  {NOCH, NOCH, NOCH},


          {"\x77", NOCH, SET0}, {"\x5b", NOCH, SET0}, {"\x5d", NOCH, SET0}, {"\x6a", NOCH, SET0}, {"\x62", NOCH, SET0}, {"\x22", NOCH, SET0}, {"\x26", NOCH, SET0}, {"\x2a", NOCH, SET0}, {"\x7c", NOCH, SET0}, {"\x95", NOCH, SET0}, 
          {"\x97", NOCH, SET0}, {"\xef", NOCH, SET0}, {"\xb7", NOCH, SET0}, {"\xa5", NOCH, SET0}, {"\xfc", NOCH, SET0}, {"\xd9", NOCH, SET0}, {"\xdb", NOCH, SET0}, {"\xca", NOCH, SET0}, {"\xc7", NOCH, SET0}, {"\xa0", NOCH, SET0}, 
          {NOCH, NOCH, NOCH}, {NOCH, NOCH, NOCH}, {NOCH, NOCH, NOCH}, 

  
          {NOCH, NOCH, NOCH},   {NOCH, NOCH, NOCH},   {NOCH, NOCH, NOCH}, {NOCH, NOCH, NOCH},   {NOCH, NOCH, NOCH},   {NOCH, NOCH, NOCH}, {NOCH, NOCH, NOCH}, {NOCH, NOCH, NOCH},
          {"\xd4", SGE_Wer, SET0}, {"\x42", SGE_Wer, SET0}, {NOCH, NOCH, NOCH}, {"\x46", SGE_Wer, SET0}, {"\x50", SGE_Wer, SET0}, {NOCH, NOCH, NOCH}, {NOCH, NOCH, NOCH}, {NOCH, NOCH, NOCH},
          {NOCH, NOCH, NOCH},   {NOCH, NOCH, NOCH},   {NOCH, NOCH, NOCH}, {NOCH, NOCH, NOCH},   {NOCH, NOCH, NOCH},   {NOCH, NOCH, NOCH}, {NOCH, NOCH, NOCH}, {NOCH, NOCH, NOCH},
          {NOCH, NOCH, NOCH},   {"\x42", SGE_Wir, SET0}, {NOCH, NOCH, NOCH}, {"\x46", SGE_Wir, SET0}, {"\x50", SGE_Wir, SET0}, {NOCH, NOCH, NOCH}, {NOCH, NOCH, NOCH}, {NOCH, NOCH, NOCH},
          {NOCH, NOCH, NOCH},   {NOCH, NOCH, NOCH},   {NOCH, NOCH, NOCH}, {NOCH, NOCH, NOCH},   {NOCH, NOCH, NOCH},   {NOCH, NOCH, NOCH}, {NOCH, NOCH, NOCH}, {NOCH, NOCH, NOCH},
          {NOCH, NOCH, NOCH},   {NOCH, NOCH, NOCH},   {NOCH, NOCH, NOCH}, {NOCH, NOCH, NOCH},   {NOCH, NOCH, NOCH},   {NOCH, NOCH, NOCH}, {NOCH, NOCH, NOCH}, {NOCH, NOCH, NOCH},
          {NOCH, NOCH, NOCH},   {NOCH, NOCH, NOCH},   {NOCH, NOCH, NOCH}, {NOCH, NOCH, NOCH},   {NOCH, NOCH, NOCH},   {NOCH, NOCH, NOCH}, {NOCH, NOCH, NOCH}, {NOCH, NOCH, NOCH},
          {NOCH, NOCH, NOCH},   {"\x42", SGE_W, SET0},  {NOCH, NOCH, NOCH}, {"\x46", SGE_W, SET0},  {"\x50", SGE_W, SET0},  {NOCH, NOCH, NOCH}, {NOCH, NOCH, NOCH}, {NOCH, NOCH, NOCH},


          {NOCH, NOCH, NOCH},  {"\x88", NOCH, SET0}, {"\x88", NOCH, SET0}, {NOCH, NOCH, NOCH}, {NOCH, NOCH, NOCH}, {SGE_Wer, NOCH, SET0}, {SGE_Wir, NOCH, SET0}, 
          {SGE_War, NOCH, SET0}, {NOCH, NOCH, NOCH}, {SGE_W, NOCH, SET0}, {NOCH, NOCH, NOCH}, {"\xa1", NOCH, SET0}, {"\x2e", NOCH, NOCH}, {"\x8b\x8b", NOCH, SET0}, {"\x9b\x9b", NOCH, SET0}, {"\xb4", NOCH, SET0}
};


int GeezEditHashTable[224] = {
/*        ,      !,      ",      #,      $,      %,      &,      ',      (,      ),      *,      +,      ,,      -,      .,      /, */
    0x0000, 0x0002, 0x136e, 0x1280, 0x0000, 0x0000, 0x136f, 0x1215, 0x0002, 0x0002, 0x1370, 0x0002, 0x12bd, 0x0002, 0x1288, 0x0002,

/*       0,      1,      2,      3,      4,      5,      6,      7,      8,      9,      :,      ;,      <,      =,      >,      ?, */
    0x0002, 0x0002, 0x0002, 0x0002, 0x0002, 0x0002, 0x0002, 0x0002, 0x0002, 0x0002, 0x1361, 0x1285, 0x12b8, 0x0002, 0x1220, 0x1340,

/*       @,      A,      B,      C,      D,      E,      F,      G,      H,      ir,      J,      K,      L,      M,      N,      O, */
    0x1364, 0x12a0, 0x1260, 0x1278, 0x12f0, 0x12e0, 0x1348, 0x1308, 0x1200, 0x1338, 0x1300, 0x12a8, 0x1208, 0x1218, 0x1290, 0x1298,

/*       P,      Q,      R,      S,      T,      U,      V,      W,      X,      Y,      Z,      [,      \,      ],      ^,      _, */
    0x1350, 0x1240, 0x1228, 0x1230, 0x1270, 0x1320, 0x1238, 0x12c8, 0x1328, 0x12e8, 0x12d8, 0x136a, 0x0000, 0x136b, 0x1363, 0x0000,

/*       `,      a,      b,      c,      d,      e,      f,      g,      h,      i,      j,      k,      l,      m,      n,      o, */
    0x126d, 0x12a5, 0x136d, 0x127d, 0x12f5, 0x12e5, 0x134d, 0x130d, 0x1205, 0x133d, 0x136c, 0x12ad, 0x120d, 0x121d, 0x1295, 0x129d,

/*       p,      q,      r,      s,      t,      u,      v,      w,      x,      y,      z,      {,      |,      },      ~,      , */
    0x1355, 0x1245, 0x122d, 0x1235, 0x1275, 0x1325, 0x123d, 0x1369, 0x132d, 0x12ed, 0x12dd, 0x1330, 0x1371, 0x12d0, 0x1268, 0x0000,

/*    0x80,   0x81,   0x82,   0x83,   0x84,   0x85,   0x86,   0x87,   0x88,   0x89,   0x8a,   0x8b,   0x8c,   0x8d,   0x8e,   0x8f, */
    0x0000, 0x0000, 0x0000, 0x0000, 0x0000, 0x122f, 0x1345, 0x1255, 0xfdf1, 0x1204, 0x130e, 0xfdfd, 0x0000, 0xfdf9, 0x0000, 0x0000,

/*    0x90,   0x91,   0x92,   0x93,   0x94,   0x95,   0x96,   0x97,   0x98,   0x99,   0x9a,   0x9b,   0x9c,   0x9d,   0x9e,   0x9f, */
    0x0000, 0x121c, 0xfdf7, 0x0000, 0x0000, 0x1372, 0x1294, 0x1373, 0x121f, 0x127e, 0x123b, 0xfdfe, 0x12b5, 0x0000, 0x0000, 0x12d5,

/*    0xa0,      ¡,      ¢,      £,      ¤,      ¥,      ¦,      §,      ¨,      ©,      ª,      «,      ¬,      ­,      ®,      ¯, */
    0x137c, 0xfdfb, 0x1216, 0x0000, 0xfdf6, 0x1376, 0x12b3, 0x1213, 0x124b, 0x128b, 0x1313, 0x1291, 0x12bb, 0x1201, 0x1223, 0x1343,

/*       °,      ±,      ²,      ³,      ´,      µ,      ¶,      ·,      ¸,      ¹,      º,      »,      ¼,      ½,      ¾,      ¿, */
    0x122a, 0xfdf5, 0x0000, 0x1349, 0x1367, 0x129b, 0x0000, 0x1375, 0x0000, 0x1229, 0x0000, 0x12c9, 0x12be, 0x0000, 0x1226, 0x0000,

/*       À,      Á,      Â,      Ã,      Ä,      Å,      Æ,      Ç,      È,      É,      Ê,      Ë,      Ì,      Í,      Î,      Ï, */
    0x0000, 0x12a6, 0x1266, 0x1365, 0x12f6, 0x12e6, 0x134e, 0x137b, 0x1206, 0x133e, 0x137a, 0x12ae, 0x1225, 0x121e, 0x1296, 0x0000,

/*       Ð,      Ñ,      Ò,      Ó,      Ô,      Õ,      Ö,      ×,      Ø,      Ù,      Ú,      Û,      Ü,      Ý,      Þ,      ß, */
    0x1356, 0x1246, 0x122e, 0x1236, 0x1276, 0x1326, 0x0000, 0x12ce, 0x132e, 0x1378, 0x12de, 0x1379, 0x0000, 0x12d3, 0x134a, 0x0000,

/*       à,      á,      â,      ã,      ä,      å,      æ,      ç,      è,      é,      ê,      ë,      ì,      í,      î,      ï, */
    0x126b, 0x12a3, 0x1263, 0x127b, 0x12f3, 0x12e3, 0x134b, 0x130b, 0x1203, 0x133b, 0x1303, 0x12ab, 0x120b, 0x121b, 0x1293, 0x1374,

/*       ð,      ñ,      ò,      ó,      ô,      õ,      ö,      ÷,      ø,      ù,      ú,      û,      ü,      ý,      þ,      ÿ, */
    0x1353, 0x1243, 0x122b, 0x1233, 0x1273, 0x1323, 0x1210, 0x12cb, 0x132b, 0x12eb, 0x12db, 0x0000, 0x1377, 0x12d6, 0x126e, 0x1283
};
#endif  /* SUPPORT_GEEZEDIT */

#endif  /* ABSHA_MAP */
