/* This is part of the LibEth library, an ANSI C library for Ethiopic
   text and information processing (http://libeth.netpedia.net).
   Copyright (C) 1995-1998 Daniel Yacob.

   This library is free software; you can redistribute it and/or
   modify it under the terms of the GNU Library General Public
   License as published by the Free Software Foundation; either
   version 2 of the License, or (at your option) any later version.

   This library is distributed in the hope that it will be useful,
   but WITHOUT ANY WARRANTY; without even the implied warranty of
   MERCHANTABILITY or FITNESS FOR A PARTICULAR PURPOSE.  See the GNU
   Library General Public License for more details.

   You should have received a copy of the GNU Library General Public
   License along with this library; if not, write to the Free
   Foundation, Inc., 59 Temple Place, Suite 330, Boston, MA  02111-1307  USA
*/

#ifndef ACUWORK_MAP
#define ACUWORK_MAP  1

#ifndef SUPPORT_ACUWORK
#  define SUPPORT_ACUWORK 1
#endif /* SUPPORT_ACUWORK */

#define NUM_ACUWORK 1
unsigned char* AcuWorkTTFNames[NUM_ACUWORK] = { 
    "ALXethiopian"
};
char* AcuWorkRTFPrefix[] = { 
    "\fnil\fprq2"
};

#ifndef SUPPORT_ALXEthiopian
#define SUPPORT_ALXEthiopian  1


#ifndef MAPTYPES_H
#  include "maptypes.h"
#endif /* MAPTYPES_H */

#ifndef ACUWORK_H
#  include "acuwork.h"
#endif /* ACUWORK_H */


LETCHAR ALXEtFidel[UNITOTAL] = 
       {
/* he */  {"\x75", NOCH, SET0}, {"\x75", SALX_ur, SET0}, {"\xbe", SALX_il, SET0}, {"\xbe", NOCH, SET0}, {"\xbe", SALX_Em, SET0},{"\x55", NOCH, SET0}, {"\xd2", NOCH, SET0}, {NOCH, NOCH, NOCH},
/* le */  {"\x6c", NOCH, SET0}, {"\x6c", SALX_ur, SET0}, {"\x6c", SALX_ir, SET0},{"\xae", NOCH, SET0}, {"\x6c", SALX_Er, SET0}, {"\x4c", NOCH, SET0}, {"\xc9", NOCH, SET0}, {"\xae", SALX_War, SET0},
/* He */  {"\x68", NOCH, SET0}, {"\x68", SALX_ur, SET0}, {"\x68", SALX_ir, SET0},{"\xbe", NOCH, SET0}, {"\x68", SALX_Er, SET0}, {"\x48", NOCH, SET0}, {"\xd2", NOCH, SET0}, {"\x68", SALX_War, SET0},
/* me */  {"\x6d", NOCH, SET0}, {"\x6d", SALX_ur, SET0}, {"\xec", SALX_il, SET0}, {"\xec", NOCH, SET0}, {"\xec", SALX_Em, SET0},{"\x4d", NOCH, SET0}, {"\xc0", NOCH, SET0}, {"\xec", SALX_Wam, SET0},
/*`se */  {"\x63", NOCH, SET0}, {"\x63", SALX_ur, SET0}, {"\xb5", SALX_il, SET0}, {"\xb5", NOCH, SET0}, {"\xb5", SALX_Em, SET0},{"\x43", NOCH, SET0}, {"\xd4", NOCH, SET0}, {"\xb5", SALX_Wam, SET0},
/* re */  {"\x72", NOCH, SET0}, {"\xdd", NOCH, SET0}, {"\xde", NOCH, SET0}, {"\x99", NOCH, SET0}, {"\x72", SALX_Er, SET0}, {"\x52", NOCH, SET0}, {"\xc5", NOCH, SET0}, {"\xdf", NOCH, SET0},
/* se */  {"\x73", NOCH, SET0}, {"\x73", SALX_ur, SET0}, {"\x73", SALX_ir, SET0},{"\xb1", NOCH, SET0}, {"\x73", SALX_Er, SET0}, {"\x53", NOCH, SET0}, {"\xce", NOCH, SET0}, {"\xb1", SALX_War, SET0},
/* xe */  {"\x5d", NOCH, SET0}, {"\x5d", SALX_ur, SET0}, {"\x5d", SALX_ir, SET0},{"\xe1", NOCH, SET0}, {"\x5d", SALX_Er, SET0}, {"\x7d", NOCH, SET0}, {"\xe0", NOCH, SET0}, {"\xe1", SALX_War, SET0},
/* qe */  {"\x71", NOCH, SET0}, {"\x71", SALX_ulc, SET0},{"\x71", SALX_im, SET0},{"\x9a", NOCH, SET0}, {"\x71", SALX_El, SET0},{"\x51", NOCH, SET0}, {"\xd6", NOCH, SET0}, {NOCH, NOCH, SETD},
          {NOCH, NOCH, NOCH}, {NOCH, NOCH, NOCH},  {NOCH, NOCH, NOCH},   {"\xe5", NOCH, SET0}, {NOCH, NOCH, NOCH},  {NOCH, NOCH, NOCH}, {NOCH, NOCH, NOCH}, {NOCH, NOCH, NOCH},
/* Qe */  {"\x71", NOCH, SET0}, {"\x71", SALX_ulc, SET0},{"\x71", SALX_im, SET0},{"\x9a", NOCH, SET0}, {"\x71", SALX_El, SET0},{"\x51", NOCH, SET0}, {"\xd6", NOCH, SET0}, {NOCH, NOCH, SETD},
          {NOCH, NOCH, NOCH}, {NOCH, NOCH, NOCH},  {NOCH, NOCH, NOCH},   {"\xe5", NOCH, SET0}, {NOCH, NOCH, NOCH},  {NOCH, NOCH, NOCH}, {NOCH, NOCH, NOCH}, {NOCH, NOCH, NOCH},
/* be */  {"\x62", NOCH, SET0}, {"\x62", SALX_ur, SET0}, {"\x62", SALX_ir, SET0},{"\xb2", NOCH, SET0}, {"\x62", SALX_Er, SET0}, {"\x42", NOCH, SET0}, {"\xcf", NOCH, SET0}, {"\xb2", SALX_War, SET0},
/* ve */  {"\x76", NOCH, SET0}, {"\x76", SALX_ur, SET0}, {"\x76", SALX_ir, SET0},{"\x8b", NOCH, SET0}, {"\x76", SALX_Er, SET0}, {"\x56", NOCH, SET0}, {"\x8c", NOCH, SET0}, {"\x8b", SALX_War, SET0},
/* te */  {"\x74", NOCH, SET0}, {"\x74", SALX_urc, SET0},{"\x74", SALX_im, SET0},{"\xaa", NOCH, SET0}, {"\x74", SALX_El, SET0},{"\x54", NOCH, SET0}, {"\xc4", NOCH, SET0}, {"\x74", SALX_Wal, SET0},
/* ce */  {"\x5b", NOCH, SET0}, {"\x5b", SALX_urc, SET0},{"\x5b", SALX_im, SET0},{"\xea", NOCH, SET0}, {"\x5b", SALX_El, SET0},{"\x7b", NOCH, SET0}, {"\xc8", NOCH, SET0}, {"\x5b", SALX_Wal, SET0},
/*`he */  {"\x75", NOCH, SET0}, {"\x75", SALX_ur, SET0}, {"\xbe", SALX_il, SET0}, {"\xb8", NOCH, SET0}, {"\xbe", SALX_Em, SET0},{"\x3c", NOCH, SET0}, {"\xd2", NOCH, SET0}, {NOCH, NOCH, SETD},
          {NOCH, NOCH, NOCH}, {NOCH, NOCH, NOCH},  {NOCH, NOCH, NOCH},   {"\xe7", NOCH, SET0}, {NOCH, NOCH, NOCH}, {NOCH, NOCH, NOCH}, {NOCH, NOCH, NOCH}, {NOCH, NOCH, NOCH},
/* ne */  {"\x6e", NOCH, SET0}, {"\x6e", SALX_ur, SET0}, {"\x6e", SALX_il, SET0}, {"\xb3", NOCH, SET0}, {"\x6e", SALX_Em, SET0},{"\x4e", NOCH, SET0}, {"\xd1", NOCH, SET0}, {"\xb3", SALX_Wam, SET0},
/* Ne */  {"\x69", NOCH, SET0}, {"\x69", SALX_urc, SET0},{"\x69", SALX_im, SET0},{"\xbc", NOCH, SET0}, {"\x69", SALX_El, SET0},{"\x49", NOCH, SET0}, {"\xda", NOCH, SET0}, {"\xbc", SALX_Wal, SET0},
/* e  */  {"\x61", NOCH, SET0}, {"\x61", SALX_ur, SET0}, {"\x61", SALX_ir, SET0},{"\x61", NOCH, SET0}, {"\x61", SALX_Er, SET0}, {"\x41", NOCH, SET0}, {"\xc1", NOCH, SET0}, {"\x89", NOCH, SET0},
/* ke */  {"\x6b", NOCH, SET0}, {"\x6b", SALX_ur, SET0}, {"\x6b", SALX_il, SET0}, {"\xb7", NOCH, SET0}, {"\x6b", SALX_Er, SET0}, {"\x4b", NOCH, SET0}, {"\xd7", NOCH, SET0}, {NOCH, NOCH, SETD},
          {NOCH, NOCH, NOCH}, {NOCH, NOCH, NOCH}, {NOCH, NOCH, NOCH}, {"\xe8", NOCH, SET0}, {NOCH, NOCH, NOCH}, {NOCH, NOCH, NOCH}, {NOCH, NOCH, NOCH}, {NOCH, NOCH, NOCH},
/* Ke */  {"\x60", NOCH, SET0}, {"\x60", SALX_ur, SET0}, {"\x60", SALX_il, SET0}, {"\x94", NOCH, SET0}, {"\x60", SALX_Er, SET0}, {"\x7e", NOCH, SET0}, {"\x9c", NOCH, SET0}, {NOCH, NOCH, SETD},
          {NOCH, NOCH, NOCH}, {NOCH, NOCH, NOCH}, {NOCH, NOCH, NOCH}, {"\xe8", NOCH, SET0}, {NOCH, NOCH, NOCH}, {NOCH, NOCH, NOCH}, {NOCH, NOCH, NOCH}, {NOCH, NOCH, NOCH},
/* we */  {"\x77", NOCH, SET0}, {"\x88", NOCH, SET0}, {"\xa7", SALX_im, SET0},{"\xa7", NOCH, SET0}, {"\xa7", SALX_El, SET0},{"\x57", NOCH, SET0}, {"\xbf", NOCH, SET0}, {NOCH, NOCH, NOCH},
/* `e */  {"\x6f", NOCH, SET0}, {"\x6f", SALX_ur, SET0}, {"\xb9", SALX_il, SET0}, {"\xb9", NOCH, SET0}, {"\xb9", SALX_Em, SET0}, {"\x4f", NOCH, SET0},{"\x8a", NOCH, SET0}, {NOCH, NOCH, NOCH},
/* ze */  {"\x7a", NOCH, SET0}, {"\x7a", SALX_ur, SET0}, {"\x7a", SALX_ir, SET0},{"\xba", NOCH, SET0}, {"\x7a", SALX_Er, SET0}, {"\x5a", NOCH, SET0}, {"\xd8", NOCH, SET0}, {"\xba", SALX_War, SET0},
/* Ze */  {"\x5c", NOCH, SET0}, {"\x5c", SALX_urc, SET0},{"\x5c", SALX_im, SET0},{"\xa6", NOCH, SET0}, {"\x5c", SALX_El, SET0},{"\x7c", NOCH, SET0}, {"\xd9", NOCH, SET0}, {"\xa6", SALX_Wal, SET0},
/* ye */  {"\x79", NOCH, SET0}, {"\x79", SALX_ul, SET0},{"\x87", NOCH, SET0}, {"\xb6", NOCH, SET0}, {"\xe2", NOCH, SET0}, {"\x59", NOCH, SET0}, {"\xc7", NOCH, SET0}, {NOCH, NOCH, NOCH}, 
/* de */  {"\x64", NOCH, SET0}, {"\xeb", SALX_ur, SET0}, {"\xeb", SALX_ir, SET0},{"\xeb", NOCH, SET0}, {"\x64", SALX_Er, SET0}, {"\x44", NOCH, SET0}, {"\xcc", NOCH, SET0}, {"\x64", SALX_War, SET0},
/* De */  {"\x64", NOCH, SET0}, {"\xeb", SALX_ur, SET0}, {"\xeb", SALX_ir, SET0},{"\xeb", NOCH, SET0}, {"\x64", SALX_Er, SET0}, {"\x44", NOCH, SET0}, {"\xcc", NOCH, SET0}, {"\x64", SALX_War, SET0},
/* je */  {"\x6a", NOCH, SET0}, {"\xe9", SALX_ur, SET0}, {"\xe9", SALX_il, SET0}, {"\xe9", NOCH, SET0}, {"\x6a", SALX_Er, SET0}, {"\x4a", NOCH, SET0}, {"\xd0", NOCH, SET0}, {"\xa9", SALX_War, SET0},
/* ge */  {"\x67", NOCH, SET0}, {"\x67", SALX_ur, SET0}, {"\x67", SALX_ir, SET0},{"\xac", NOCH, SET0}, {"\x67", SALX_Er, SET0}, {"\x47", NOCH, SET0}, {"\xc6", NOCH, SET0}, {NOCH, NOCH, SETD},
          {NOCH, NOCH, NOCH}, {NOCH, NOCH, NOCH}, {NOCH, NOCH, NOCH}, {"\xe6", NOCH, SET0}, {NOCH, NOCH, NOCH}, {NOCH, NOCH, NOCH}, {NOCH, NOCH, NOCH}, {NOCH, NOCH, NOCH},
/* Ge */  {"\x67", NOCH, SET0}, {"\x67", SALX_ur, SET0}, {"\x67", SALX_ir, SET0},{"\xac", NOCH, SET0}, {"\x67", SALX_Er, SET0}, {"\x47", NOCH, SET0}, {"\xc6", NOCH, SET0}, {NOCH, NOCH, NOCH},
/* Te */  {"\x65", NOCH, SET0}, {"\x65", SALX_ur, SET0}, {"\x65", SALX_ir, SET0},{"\xbd", NOCH, SET0}, {"\x65", SALX_Er, SET0}, {"\x45", NOCH, SET0}, {"\xd5", NOCH, SET0}, {"\xbd", SALX_War, SET0},
/* Ce */  {"\x78", NOCH, SET0}, {"\x82", NOCH, SET0}, {"\xe3", NOCH, SET0}, {"\xb4", NOCH, SET0}, {"\xe4", NOCH, SET0}, {"\x58", NOCH, SET0}, {"\xd3", NOCH, SET0}, {"\xb4", SALX_Wam, SET0},
/* Pe */  {"\x2f", NOCH, SET0}, {"\x2f", SALX_ur, SET0}, {"\x2f", SALX_ir, SET0},{"\xad", NOCH, SET0}, {"\x2f", SALX_Er, SET0}, {"\x3f", NOCH, SET0}, {"\x98", NOCH, SET0}, {"\xad", SALX_War, SET0},
/* Se */  {"\x3b", NOCH, SET0}, {"\x3b", SALX_ur, SET0}, {"\xa9", SALX_ir, SET0},{"\xa9", NOCH, SET0}, {"\xa9", SALX_Er, SET0}, {"\x3a", NOCH, SET0}, {"\xc3", NOCH, SET0}, {"\xa9", SALX_War, SET0},
/*`Se */  {"\x27", NOCH, SET0}, {"\x27", SALX_ur, SET0}, {"\xaf", SALX_il, SET0}, {"\xaf", NOCH, SET0}, {"\xaf", SALX_Em, SET0},{"\x22", NOCH, SET0}, {"\xcb", NOCH, SET0}, {NOCH, NOCH, NOCH}, 
/* fe */  {"\x66", NOCH, SET0}, {"\xdb", NOCH, SET0}, {"\xdc", NOCH, SET0}, {"\xa8", NOCH, SET0}, {"\x66", SALX_Er, SET0}, {"\x46", NOCH, SET0}, {"\xc2", NOCH, SET0}, {"\xa8", SALX_Wal, SET0},
/* pe */  {"\x70", NOCH, SET0}, {"\x70", SALX_urc, SET0},{"\x70", SALX_im, SET0},{"\xb0", NOCH, SET0}, {"\x70", SALX_El, SET0},{"\x50", NOCH, SET0}, {"\xcd", NOCH, SET0}, {"\x70", SALX_Wal, SET0},
          {NOCH, NOCH, NOCH}, {NOCH, NOCH, NOCH}, {NOCH, NOCH, NOCH}, {NOCH, NOCH, NOCH}, {NOCH, NOCH, NOCH}, {NOCH, NOCH, NOCH}, {NOCH, NOCH, NOCH}, {NOCH, NOCH, NOCH},
 
          {NOCH, NOCH, NOCH}, {"\xa5", NOCH, SET0}, {"\xa5", "\xa5", SET0},{"\xa4", NOCH, SET0}, {"\x95", NOCH, SET0},{NOCH, NOCH, NOCH}, {NOCH, NOCH, NOCH}, {"\x9b", NOCH, SET0}, {NOCH, NOCH, NOCH},


          {"\xed", NOCH, SET0}, {"\xee", NOCH, SET0}, {"\xef", NOCH, SET0}, {"\xf0", NOCH, SET0}, {"\xf1", NOCH, SET0}, {"\xf2", NOCH, SET0}, {"\xf3", NOCH, SET0}, {"\xf4", NOCH, SET0}, {"\xf5", NOCH, SET0}, {"\xf6", NOCH, SET0}, 
          {"\xf7", NOCH, SET0}, {"\xf8", NOCH, SET0}, {"\xf9", NOCH, SET0}, {"\xfa", NOCH, SET0}, {"\xfb", NOCH, SET0}, {"\xfc", NOCH, SET0}, {"\xfd", NOCH, SET0}, {"\xfe", NOCH, SET0}, {"\xff", NOCH, SET0}, {"\x97", NOCH, SET0}, 
          {NOCH, NOCH, NOCH}, {NOCH, NOCH, NOCH}, {NOCH, NOCH, NOCH}, 

  
          {NOCH, NOCH, NOCH}, {NOCH, NOCH, NOCH}, {NOCH, NOCH, NOCH}, {NOCH, NOCH, NOCH}, {NOCH, NOCH, NOCH}, {NOCH, NOCH, NOCH}, {NOCH, NOCH, NOCH}, {NOCH, NOCH, NOCH},
          {NOCH, NOCH, NOCH}, {NOCH, NOCH, NOCH}, {NOCH, NOCH, NOCH}, {NOCH, NOCH, NOCH}, {NOCH, NOCH, NOCH}, {NOCH, NOCH, NOCH}, {NOCH, NOCH, NOCH}, {NOCH, NOCH, NOCH},
          {NOCH, NOCH, NOCH}, {NOCH, NOCH, NOCH}, {NOCH, NOCH, NOCH}, {NOCH, NOCH, NOCH}, {NOCH, NOCH, NOCH}, {NOCH, NOCH, NOCH}, {NOCH, NOCH, NOCH}, {NOCH, NOCH, NOCH},
          {NOCH, NOCH, NOCH}, {NOCH, NOCH, NOCH}, {NOCH, NOCH, NOCH}, {NOCH, NOCH, NOCH}, {NOCH, NOCH, NOCH}, {NOCH, NOCH, NOCH}, {NOCH, NOCH, NOCH}, {NOCH, NOCH, NOCH},
          {NOCH, NOCH, NOCH}, {NOCH, NOCH, NOCH}, {NOCH, NOCH, NOCH}, {NOCH, NOCH, NOCH}, {NOCH, NOCH, NOCH}, {NOCH, NOCH, NOCH}, {NOCH, NOCH, NOCH}, {NOCH, NOCH, NOCH},
          {NOCH, NOCH, NOCH}, {NOCH, NOCH, NOCH}, {NOCH, NOCH, NOCH}, {NOCH, NOCH, NOCH}, {NOCH, NOCH, NOCH}, {NOCH, NOCH, NOCH}, {NOCH, NOCH, NOCH}, {NOCH, NOCH, NOCH},
          {NOCH, NOCH, NOCH}, {NOCH, NOCH, NOCH}, {NOCH, NOCH, NOCH}, {NOCH, NOCH, NOCH}, {NOCH, NOCH, NOCH}, {NOCH, NOCH, NOCH}, {NOCH, NOCH, NOCH}, {NOCH, NOCH, NOCH},
          {NOCH, NOCH, NOCH}, {NOCH, NOCH, NOCH}, {NOCH, NOCH, NOCH}, {NOCH, NOCH, NOCH}, {NOCH, NOCH, NOCH}, {NOCH, NOCH, NOCH}, {NOCH, NOCH, NOCH}, {NOCH, NOCH, NOCH},


          {NOCH, NOCH, NOCH}, {NOCH, NOCH, NOCH}, {NOCH, NOCH, NOCH}, {NOCH, NOCH, NOCH}, {NOCH, NOCH, NOCH}, {SALX_War,  NOCH, SET0}, {NOCH, NOCH, NOCH}, {NOCH, NOCH, NOCH}, {NOCH, NOCH, NOCH}, {NOCH, NOCH, NOCH},
          {NOCH, NOCH, NOCH}, {"\x21", NOCH, SET0}, {"\x2e", NOCH, SET0}, {"\xab", NOCH, SET0}, {"\xbb", NOCH, SET0}, {"\x9b", NOCH, SET0}
};


int ALXEtHashTable[224] = {
/*        ,      !,      ",      #,      $,      %,      &,      ',      (,      ),      *,      +,      ,,      -,      .,      /, */
    0x0000, 0x0002, 0x1345, 0x0000, 0x0002, 0x0002, 0x0000, 0x1340, 0x0002, 0x0002, 0x0000, 0x0002, 0x0002, 0x0002, 0xfdfc, 0x1330,

/*       0,      1,      2,      3,      4,      5,      6,      7,      8,      9,      :,      ;,      <,      =,      >,      ?, */
    0x0002, 0x0002, 0x0002, 0x0002, 0x0002, 0x0002, 0x0002, 0x0002, 0x0002, 0x0002, 0x133d, 0x1338, 0x1285, 0x0002, 0x0000, 0x1335,

/*       @,      A,      B,      C,      D,      E,      F,      G,      H,      il,      J,      K,      L,      M,      N,      O, */
    0x0000, 0x12a5, 0x1265, 0x1225, 0x12f5, 0x1325, 0x134d, 0x130d, 0x1215, 0x129d, 0x1305, 0x12ad, 0x120d, 0x121d, 0x1295, 0x12d5,

/*       P,      Q,      R,      S,      T,      U,      V,      W,      X,      Y,      Z,      [,      \,      ],      ^,      _, */
    0x1355, 0x1245, 0x122d, 0x1235, 0x1275, 0x1205, 0x126d, 0x12cd, 0x132d, 0x12ed, 0x12dd, 0x1278, 0x12e0, 0x1238, 0x0000, 0x0000,

/*       `,      a,      b,      c,      d,      e,      f,      g,      h,      i,      j,      k,      l,      m,      n,      o, */
    0x12b8, 0x12a0, 0x1260, 0x1220, 0x12f0, 0x1320, 0x1348, 0x1308, 0x1210, 0x1298, 0x1300, 0x12a8, 0x1208, 0x1218, 0x1290, 0x12d0,

/*       p,      q,      r,      s,      t,      u,      v,      w,      x,      y,      z,      {,      |,      },      ~,      , */
    0x1350, 0x1240, 0x1228, 0x1230, 0x1270, 0x1200, 0x1268, 0x12c8, 0x1328, 0x12e8, 0x12d8, 0x127d, 0x12e5, 0x123d, 0x12bd, 0x0000,

/*    0x80,   0x81,   0x82,   0x83,   0x84,   0x85,   0x86,   0x87,   0x88,   0x89,   0x8a,   0x8b,   0x8c,   0x8d,   0x8e,   0x8f, */
    0x0000, 0x0000, 0x1329, 0x0000, 0x0000, 0x0000, 0x0000, 0x12ea, 0x12c9, 0x12a7, 0x12d6, 0x126b, 0x126e, 0x0000, 0x0000, 0x0000,

/*    0x90,   0x91,   0x92,   0x93,   0x94,   0x95,   0x96,   0x97,   0x98,   0x99,   0x9a,   0x9b,   0x9c,   0x9d,   0x9e,   0x9f, */
    0x0000, 0x0000, 0x0000, 0x0000, 0x12bb, 0x1364, 0x0000, 0x137c, 0x1336, 0x122b, 0x1243, 0x003f, 0x12be, 0x0000, 0x0000, 0x0000,

/*    0xa0,      ¡,      ¢,      £,      ¤,      ¥,      ¦,      §,      ¨,      ©,      ª,      «,      ¬,      ­,      ®,      ¯, */
    0x0000, 0xfdf5, 0x0000, 0x0000, 0x1363, 0x1361, 0x12e3, 0x12cb, 0x134b, 0x133b, 0x1273, 0xfdfd, 0x130b, 0x1333, 0x120b, 0x1343,

/*       °,      ±,      ²,      ³,      ´,      µ,      ¶,      ·,      ¸,      ¹,      º,      »,      ¼,      ½,      ¾,      ¿, */
    0x1353, 0x1233, 0x1263, 0x1293, 0x132b, 0x1223, 0x12eb, 0x12ab, 0x1283, 0x12d3, 0x12db, 0xfdfe, 0x129b, 0x1323, 0x1203, 0x12ce,

/*       À,      Á,      Â,      Ã,      Ä,      Å,      Æ,      Ç,      È,      É,      Ê,      Ë,      Ì,      Í,      Î,      Ï, */
    0x121e, 0x12a6, 0x134e, 0x133e, 0x1276, 0x122e, 0x130e, 0x12ee, 0x127e, 0x120e, 0x0000, 0x1346, 0x12f6, 0x1356, 0x1236, 0x1266,

/*       Ð,      Ñ,      Ò,      Ó,      Ô,      Õ,      Ö,      ×,      Ø,      Ù,      Ú,      Û,      Ü,      Ý,      Þ,      ß, */
    0x1306, 0x1296, 0x1206, 0x132e, 0x1226, 0x1326, 0x1246, 0x12ae, 0x12de, 0x12e6, 0x129e, 0x1349, 0x134a, 0x1229, 0x122a, 0x122f,

/*       à,      á,      â,      ã,      ä,      å,      æ,      ç,      è,      é,      ê,      ë,      ì,      í,      î,      ï, */
    0x123e, 0x123b, 0x12ec, 0x132a, 0x132c, 0x124b, 0x1313, 0x128b, 0x12b3, 0x1303, 0x127b, 0x12f3, 0x121b, 0x1369, 0x136a, 0x136b,

/*       ð,      ñ,      ò,      ó,      ô,      õ,      ö,      ÷,      ø,      ù,      ú,      û,      ü,      ý,      þ,      ÿ, */
    0x136c, 0x136d, 0x136e, 0x136f, 0x1370, 0x1371, 0x1372, 0x1373, 0x1374, 0x1375, 0x1376, 0x1377, 0x1378, 0x1379, 0x137a, 0x137b
};
#endif  /* SUPPORT_ALXEthiopian */

#endif  /* ACUWORK_MAP */
