/* This is part of the LibEth library, an ANSI C library for Ethiopic
   text and information processing (http://libeth.netpedia.net).
   Copyright (C) 1995-1998 Daniel Yacob.

   This library is free software; you can redistribute it and/or
   modify it under the terms of the GNU Library General Public
   License as published by the Free Software Foundation; either
   version 2 of the License, or (at your option) any later version.

   This library is distributed in the hope that it will be useful,
   but WITHOUT ANY WARRANTY; without even the implied warranty of
   MERCHANTABILITY or FITNESS FOR A PARTICULAR PURPOSE.  See the GNU
   Library General Public License for more details.

   You should have received a copy of the GNU Library General Public
   License along with this library; if not, write to the Free
   Foundation, Inc., 59 Temple Place, Suite 330, Boston, MA  02111-1307  USA
*/

#ifndef ISO_MAP
#define ISO_MAP 1

#ifndef SUPPORT_ISO
#  define SUPPORT_ISO 1
#endif /* SUPPORT_ISO */

#ifndef ISO_H
#  include "iso.h"
#endif /* ISO_H */


#ifdef USE_ISOTC46SC2_MAP

unsigned char*
ISOTC46SC2Fidel[UNITOTAL] = 
{
  "he",  "hu",  "hi",  "ha",  "he'",  "h",  "ho",   "--",
  "le",  "lu",  "li",  "la",  "le'",  "l",  "lo",  "lwa",
  "hhe","hhu", "hhi", "hha", "hhe'", "hh", "hho", "hhwa",
  "me",  "mu",  "mi",  "ma",  "me'",  "m",  "mo",  "mwa",
 "sse", "ssu", "ssi", "ssa", "sse'", "ss", "sso", "sswa",
  "re",  "ru",  "ri",  "ra",  "re'",  "r",  "ro",  "rwa",
  "se",  "su",  "si",  "sa",  "se'",  "s",  "so",  "swa",
 "she", "shu", "shi", "sha", "she'", "sh", "sho", "shwa",
  "qe",  "qu",  "qi",  "qa",  "qe'",  "q",  "qo",   "--",
 "qwe", "qwu", "qwi", "qwa", "qwe'", "qw",  "--",   "--",
 "`qe", "`qu", "`qi", "`qa", "`qe'", "`q", "`qo",   "--",
"`qwe","`qwu","`qwi","`qwa","`qwe'","`qw",  "--",   "--",
  "be",  "bu",  "bi",  "ba",  "be'",  "b",  "bo",  "bwa",
  "ve",  "vu",  "vi",  "va",  "ve'",  "v",  "vo",  "vwa",
  "te",  "tu",  "ti",  "ta",  "te'",  "t",  "to",  "twa",
 "che", "chu", "chi", "cha", "che'", "ch", "cho", "chwa",
 "`he", "`hu", "`hi", "`ha", "`he'", "`h", "`ho",   "--",
 "hwe", "hwu", "hwi", "hwa", "hwe'", "hw",  "--",   "--",
  "ne",  "nu",  "ni",  "na",  "ne'",  "n",  "no",  "nwa",
 "`ne", "`nu", "`ni", "`na", "`ne'", "`n", "`no", "`nwa",
   "e",   "u",   "i",   "a",   "e'",  "i'",  "o",   "ee",
  "ke",  "ku",  "ki",  "ka",  "ke'",  "k",  "ko",   "--",
 "kwe", "kwu", "kwi", "kwa", "kwe'", "kw",  "--",   "--",
 "`ke", "`ku", "`ki", "`ka", "`ke'", "`k", "`ko",   "--",
"`kwe","`kwu","`kwi","`kwa","`kwe'","`kw",  "--",   "--",
  "we",  "wu",  "wi",  "wa",  "we'",  "w",  "wo",   "--",
  "`e",  "`u",  "`i",  "`a",  "`e'","`i'",  "`o",   "--",
  "ze",  "zu",  "zi",  "za",  "ze'",  "z",  "zo",  "zwa",
 "zhe", "zhu", "zhi", "zha", "zhe'", "zh", "zho", "zhwa",
  "ye",  "yu",  "yi",  "ya",  "ye'",  "y",  "yo",  "ywa",
  "de",  "du",  "di",  "da",  "de'",  "d",  "do",  "dwa",
 "`de", "`du", "`di", "`da", "`de'", "`d", "`do", "`dwa",
  "je",  "ju",  "ji",  "ja",  "je'",  "j",  "jo",  "jwa",
  "ge",  "gu",  "gi",  "ga",  "ge'",  "g",  "go",   "--",
 "gwe", "gwu", "gwi", "gwa", "gwe'", "gw",  "--",   "--",
 "`ge", "`gu", "`gi", "`ga", "`ge'", "`g", "`go", "`gwa",
 "`te", "`tu", "`ti", "`ta", "`te'", "`t", "`to", "`twa",
"`che","`chu","`chi","`cha","`che'","`ch","`cho","`chwa",
 "`pe", "`pu", "`pi", "`pa", "`pe'", "`p", "`po", "`pwa",
"`sse","`ssu","`ssi","`ssa","`sse'","`ss","`sso","`sswa",
"`ce",  "`cu", "`ci", "`ca", "`ce'", "`c", "`co",   "--",
  "fe",  "fu",  "fi",  "fa",  "fe'",  "f",  "fo",  "fwa",
  "pe",  "pu",  "pi",  "pa",  "pe'",  "p",  "po",  "pwa",
 "mya", "rya", "fya",  "--",   "--", "--",  "--",   "--",

 "\" \"", " : ", "::",  ", ",  ";",  "-:",  ":-",  "`?", ":|:",
  "`1",  "`2",  "`3",  "`4",  "`5",  "`6",  "`7",  "`8",  "`9",  "`10",
 "`20", "`30", "`40", "`50", "`60", "`70", "`80", "`90", "`100",  "`10000",
 "--",  "--",  "--",
  
 "qqe", "qqu",  "qqi",  "qqa", "qqe'",   "qq", "qqo", "--",  
        "mwe",  "bwe", "`gwe",  "fwe",  "pwe",  "--", "--", "--",
 "kke", "kku",  "kki",  "kka", "kke'",   "kk", "kko", "--",  
        "mwi",  "bwi", "`gwi",  "fwi",  "pwi",  "--", "--", "--",
 "xe",   "xu",   "xi",   "xa",  "xe'",    "x",  "xo", "--",  
       "mwe'", "bwe'","`gwe'", "fwe'", "pwe'",  "--", "--", "--",
 "gge", "ggu",  "ggi",  "gga", "gge'",   "gg", "ggo", "--",  
        "mw" ,   "bw",  "`gw",   "fw",   "pw",  "--", "--", "--", 

 "\\~X", "\\~e", "\\~e'", "\\~a", "\\~A", "wwe", "wwi", "wwa", "wwe'", "ww",
 "''",  "`!",  ".",  "<<",  ">>",  "?"

};

#else

unsigned char*
ISOTC46SC2FidelHash[UNITOTAL] = 
{
  "h",
  "l",
 "hh",
  "m",
 "ss",
  "r",
  "s",
 "sh",
  "q",
 "qw",
 "`q",
"`qw",
  "b",
  "v",
  "t",
 "ch",
 "`h",
 "hw",
  "n",
 "`n",
  "e",
  "k",
 "kw",
 "`k",
"`kw",
  "w",
  "`",
  "z",
 "zh",
  "y",
  "d",
 "`d",
  "j",
  "g",
 "gw",
 "`g",
 "`t",
"`ch",
 "`p",
"`ss",
 "`c",
  "f",
  "p"
};

unsigned char*
ISOTC46SC2VowelHash[8] =
{
  "e", "u", "i", "a", "e'", "i'", "o", "wa"
};

unsigned char*
ISOTC46SC2PunctHash[8] =
{
  " : ", "::",  ",",  ";", "-:", ":-", "`?", ":|:"
};

unsigned char*
ISOTC46SC2ExtHash[] =
{
 "qqe", "qqu",  "qqi",  "qqa", "qqe'",   "qq", "qqo", "--",  
        "mwe",  "bwe", "`gwe",  "fwe",  "pwe",  "--", "--", "--",
 "kke", "kku",  "kki",  "kka", "kke'",   "kk", "kko", "--",  
        "mwi",  "bwi", "`gwi",  "fwi",  "pwi",  "--", "--", "--",
 "xe",   "xu",   "xi",   "xa",  "xe'",    "x",  "xo", "--",  
       "mwe'", "bwe'","`gwe'", "fwe'", "pwe'",  "--", "--", "--",
 "gge", "ggu",  "ggi",  "gga", "gge'",   "gg", "ggo", "--",  
        "mw" ,   "bw",  "`gw",   "fw",   "pw",  "--", "--", "--", 

 "\\~X", "\\~e", "\\~e'", "\\~a", "\\~A", "wwe", "wwi", "wwa", "wwe'", "ww",
 "''",  "`!",  ".",  "<<",  ">>",  "?"
};

#endif /* USE_ISOTC46SC2_MAP */


#endif /* ISO_MAP */
