/* This is part of the LibEth library, an ANSI C library for Ethiopic
   text and information processing (http://libeth.netpedia.net).
   Copyright (C) 1995-1998 Daniel Yacob.

   This library is free software; you can redistribute it and/or
   modify it under the terms of the GNU Library General Public
   License as published by the Free Software Foundation; either
   version 2 of the License, or (at your option) any later version.

   This library is distributed in the hope that it will be useful,
   but WITHOUT ANY WARRANTY; without even the implied warranty of
   MERCHANTABILITY or FITNESS FOR A PARTICULAR PURPOSE.  See the GNU
   Library General Public License for more details.

   You should have received a copy of the GNU Library General Public
   License along with this library; if not, write to the Free
   Foundation, Inc., 59 Temple Place, Suite 330, Boston, MA  02111-1307  USA
*/

#ifndef NCI_MAP
#define NCI_MAP  1

#ifndef SUPPORT_NCI
#  define SUPPORT_NCI 1
#endif /* SUPPORT_NCI */

#ifndef MAPTYPES_H
#  include "maptypes.h"
#endif /* MAPTYPES_H */

#ifndef NCI_H
#  include "nci.h"
#endif /* NCI_H */

#define NUM_NCI 8
#define NCISETLENGTH 1
unsigned char* NCITTFNames[NUM_NCI] = { 
    "ET-NCI Normal",
    "ET-NCI  Italic",
    "ET-NEBAR Normal",
    "ET-NEBAR  Bold",

    "ET-SAMI Normal",
    "ET-SAMI Normal Italic",
    "ET-SAMI Bold",
    "ET-SAMI Bold Italic"
};
char* NCIRTFPrefix[] = { 
    "\\fnil\\fprq2"
};


LETCHAR NCIFidel[UNITOTAL] = 
       {
/* he */  {"\x41", NOCH, SET0}, {"\x41", SNCI_u, SET0}, {"\x42", SNCI_il, SET0},  {"\x42", NOCH, SET0}, {"\x42", SNCI_El, SET0},{"\x43", NOCH, SET0}, {"\x44", NOCH, SET0}, {NOCH, NOCH, NOCH},
/* le */  {"\x45", NOCH, SET0}, {"\x45", SNCI_u, SET0}, {"\x45", SNCI_ir, SET0},  {"\x46", NOCH, SET0}, {"\x45", SNCI_Er, SET0}, {"\x47", NOCH, SET0}, {"\x45", SNCI_We, SET0}, {"\x46", SNCI_War, SET0},
/* He */  {"\x48", NOCH, SET0},   {"\x49", NOCH, SET0}, {"\x48", SNCI_ir, SET0},  {"\x4a", NOCH, SET0}, {"\x48", SNCI_Er, SET0}, {"\x4b", NOCH, SET0}, {"\x4c", NOCH, SET0}, {"\x4a", SNCI_War, SET0},
/* me */  {"\x4d", NOCH, SET0}, {"\x4d", SNCI_u, SET0}, {"\x4e", SNCI_il, SET0},  {"\x4e", NOCH, SET0}, {"\x4e", SNCI_El, SET0},{"\x4f", NOCH, SET0}, {"\x50", NOCH, SET0}, {"\x4e", SNCI_Wal, SET0},
/*`se */  {"\x51", NOCH, SET0}, {"\x51", SNCI_u, SET0}, {"\x52", SNCI_il, SET0},  {"\x52", NOCH, SET0}, {"\x52", SNCI_El, SET0},{"\x53", NOCH, SET0}, {"\x54", NOCH, SET0}, {"\x52", SNCI_Wal, SET0},
/* re */  {"\x55", NOCH, SET0},   {"\x56", NOCH, SET0},    {"\x57", NOCH, SET0},  {"\x58", NOCH, SET0}, {"\x59", NOCH, SET0}, {"\x5a", NOCH, SET0}, {"\x5b", NOCH, SET0}, {"\x5c", NOCH, SET0},
/* se */  {"\x5d", NOCH, SET0}, {"\x5d", SNCI_u, SET0}, {"\x5d", SNCI_ir, SET0},  {"\x5e", NOCH, SET0}, {"\x5d", SNCI_Er, SET0}, {"\x60", NOCH, SET0}, {"\x61", NOCH, SET0}, {"\x5e", SNCI_War, SET0},
/* xe */  {"\x62", NOCH, SET0}, {"\x62", SNCI_u, SET0}, {"\x62", SNCI_ir, SET0},  {"\x63", NOCH, SET0}, {"\x62", SNCI_Er, SET0}, {"\x64", NOCH, SET0}, {"\x65", NOCH, SET0}, {"\x63", SNCI_War, SET0},
/* qe */  {"\x66", NOCH, SET0},   {"\x67", NOCH, SET0},    {"\x68", NOCH, SET0},  {"\x69", NOCH, SET0}, {"\x6a", NOCH, SET0},{"\x6b", NOCH, SET0}, {"\x6c", NOCH, SET0}, {NOCH, NOCH, SETD},
          {"\x6d", NOCH, SET0},     {NOCH, NOCH, NOCH}, {"\x66", SNCI_Wi, SET0},  {"\x6e", NOCH, SET0}, {"\x6f", NOCH, SET0}, {"\x66", SNCI_W, SET0}, {NOCH, NOCH, NOCH}, {NOCH, NOCH, NOCH},
/* Qe */  {"\x66", NOCH, SET0},   {"\x67", NOCH, SET0},    {"\x68", NOCH, SET0},  {"\x69", NOCH, SET0}, {"\x6a", NOCH, SET0},{"\x6b", NOCH, SET0}, {"\x6c", NOCH, SET0}, {NOCH, NOCH, SETD},
          {"\x6d", NOCH, SET0},     {NOCH, NOCH, NOCH}, {"\x66", SNCI_Wi, SET0},  {"\x6e", NOCH, SET0}, {"\x6f", NOCH, SET0}, {"\x66", SNCI_W, SET0}, {NOCH, NOCH, NOCH}, {NOCH, NOCH, NOCH},
/* be */  {"\x70", NOCH, SET0}, {"\x70", SNCI_u, SET0}, {"\x70", SNCI_ir, SET0},  {"\x71", NOCH, SET0}, {"\x70", SNCI_Er, SET0}, {"\x72", NOCH, SET0}, {"\x73", NOCH, SET0}, {"\x71", SNCI_War, SET0},
/* ve */  {"\x74", NOCH, SET0}, {"\x74", SNCI_u, SET0}, {"\x74", SNCI_ir, SET0},  {"\x75", NOCH, SET0}, {"\x74", SNCI_Er, SET0}, {"\x76", NOCH, SET0}, {"\x77", NOCH, SET0}, {"\x74", SNCI_War, SET0},
/* te */  {"\x78", NOCH, SET0},   {"\x79", NOCH, SET0},    {"\x7a", NOCH, SET0},  {"\x7b", NOCH, SET0}, {"\x7c", NOCH, SET0},{"\x7d", NOCH, SET0}, {"\x7e", NOCH, SET0}, {"\x80", NOCH, SET0},
/* ce */  {"\x81", NOCH, SET0},   {"\x82", NOCH, SET0},    {"\x83", NOCH, SET0},  {"\x84", NOCH, SET0}, {"\x85", NOCH, SET0},{"\x86", NOCH, SET0}, {"\x87", NOCH, SET0}, {"\x88", NOCH, SET0},
/*`he */  {"\x89", NOCH, SET0}, {"\x89", SNCI_u, SET0}, {"\x89", SNCI_ir, SET0},  {"\x8a", NOCH, SET0}, {"\x89", SNCI_El, SET0},{"\x8b", NOCH, SET0}, {"\x8c", NOCH, SET0}, {NOCH, NOCH, SETD},
          {"\x89", SNCI_We, SET0},  {NOCH, NOCH, NOCH}, {"\x89", SNCI_Wi, SET0}, {"\x89", SNCI_Wal, SET0}, {"\x89", SNCI_WE, SET0}, {"\x89", SNCI_W, SET0}, {NOCH, NOCH, NOCH}, {NOCH, NOCH, NOCH},
/* ne */  {"\x8d", NOCH, SET0}, {"\x8d", SNCI_u, SET0}, {"\x8d", SNCI_ir, SET0},  {"\x8e", NOCH, SET0}, {"\x8d", SNCI_Er, SET0},{"\x8f", NOCH, SET0}, {"\x90", NOCH, SET0}, {"\x8e", SNCI_Wal, SET0},
/* Ne */  {"\x91", NOCH, SET0}, {"\x91", SNCI_u, SET0}, {"\x91", SNCI_il, SET0},  {"\x92", NOCH, SET0}, {"\x91", SNCI_El, SET0},{"\xab", NOCH, SET0}, {"\xbb", NOCH, SET0}, {"\x95", NOCH, SET0},
/* e  */  {"\x98", NOCH, SET0}, {"\x98", SNCI_u, SET0}, {"\x98", SNCI_ir, SET0},  {"\x99", NOCH, SET0}, {"\x98", SNCI_Er, SET0}, {"\x9a", NOCH, SET0}, {"\x9b", NOCH, SET0}, {"\x98", NOCH, SET0},
/* ke */  {"\x9c", NOCH, SET0}, {"\x9c", SNCI_u, SET0}, {"\x9c", SNCI_ir, SET0},  {"\x9d", NOCH, SET0}, {"\x9c", SNCI_Er, SET0}, {"\x9e", NOCH, SET0}, {"\x9f", NOCH, SET0}, {NOCH, NOCH, SETD},
          {"\x9c", SNCI_We, SET0},  {NOCH, NOCH, NOCH}, {"\x9c", SNCI_Wi, SET0}, {"\x9d", SNCI_War, SET0}, {"\xa1", NOCH, SET0}, {"\x9c", SNCI_W, SET0}, {NOCH, NOCH, NOCH}, {NOCH, NOCH, NOCH},
/* Ke */  {"\xa2", NOCH, SET0}, {"\xa2", SNCI_u, SET0}, {"\xa2", SNCI_ir, SET0},  {"\xa3", NOCH, SET0}, {"\xa2", SNCI_Er, SET0}, {"\xa4", NOCH, SET0}, {"\xa5", NOCH, SET0}, {NOCH, NOCH, SETD},
          {"\xa2", SNCI_We, SET0},  {NOCH, NOCH, NOCH}, {"\xa2", SNCI_Wi, SET0}, {"\xa3", SNCI_War, SET0}, {"\xa3", SNCI_WE, SET0}, {"\xa2", SNCI_W, SET0}, {NOCH, NOCH, NOCH}, {NOCH, NOCH, NOCH},
/* we */  {"\xa6", NOCH, SET0},   {"\xaa", NOCH, SET0},    {"\xa7", NOCH, SET0},  {"\xa8", NOCH, SET0}, {"\xa9", NOCH, SET0},{"\xa6", SNCI_u, SET0}, {"\xac", NOCH, SET0}, {NOCH, NOCH, NOCH},
/* `e */  {"\xad", NOCH, SET0}, {"\xad", SNCI_u, SET0}, {"\xae", SNCI_ir, SET0},  {"\xae", NOCH, SET0}, {"\xae", SNCI_El, SET0}, {"\xaf", NOCH, SET0},{"\xb0", NOCH, SET0}, {NOCH, NOCH, NOCH},
/* ze */  {"\xb1", NOCH, SET0}, {"\xb1", SNCI_u, SET0}, {"\xb1", SNCI_il, SET0},  {"\xb2", NOCH, SET0}, {"\xb1", SNCI_Er, SET0}, {"\xb3", NOCH, SET0}, {"\xb4", NOCH, SET0}, {"\xb2", SNCI_War, SET0},
/* Ze */  {"\xb5", NOCH, SET0},   {"\xb6", NOCH, SET0},    {"\xb7", NOCH, SET0},  {"\xb8", NOCH, SET0}, {"\xb9", NOCH, SET0},{"\xba", NOCH, SET0}, {"\xbc", NOCH, SET0}, {"\x96", NOCH, SET0},
/* ye */  {"\xbe", NOCH, SET0},   {"\xbf", NOCH, SET0},    {"\xc0", NOCH, SET0},  {"\xc1", NOCH, SET0}, {"\xc2", NOCH, SET0}, {"\xc3", NOCH, SET0}, {"\xc4", NOCH, SET0}, {NOCH, NOCH, NOCH}, 
/* de */  {"\xc5", NOCH, SET0},   {"\xc6", NOCH, SET0}, {"\xc7", SNCI_il, SET0},  {"\xc7", NOCH, SET0}, {"\xc8", NOCH, SET0}, {"\xc9", NOCH, SET0}, {"\xca", NOCH, SET0}, {"\xc5", SNCI_War, SET0},
/* De */  {"\xc5", NOCH, SET0},   {"\xc6", NOCH, SET0}, {"\xc7", SNCI_il, SET0},  {"\xc7", NOCH, SET0}, {"\xc8", NOCH, SET0}, {"\xc9", NOCH, SET0}, {"\xc0", NOCH, SET0}, {"\xc5", SNCI_War, SET0},
/* je */  {"\xcb", NOCH, SET0},   {"\xcc", NOCH, SET0}, {"\xcd", SNCI_ir, SET0},  {"\xcd", NOCH, SET0}, {"\xce", NOCH, SET0}, {"\xcf", NOCH, SET0}, {"\xd0", NOCH, SET0}, {"\xcb", SNCI_War, SET0},
/* ge */  {"\xd1", NOCH, SET0}, {"\xd1", SNCI_u, SET0}, {"\xd1", SNCI_il, SET0},  {"\xd2", NOCH, SET0}, {"\xd1", SNCI_Er, SET0}, {"\xd3", NOCH, SET0}, {"\xd4", NOCH, SET0}, {NOCH, NOCH, SETD},
          {"\xd1", SNCI_We, SET0},  {NOCH, NOCH, NOCH}, {"\xd1", SNCI_Wi, SET0},  {"\xd5", NOCH, SET0}, {"\xd1", SNCI_WE, SET0}, {"\xd1", SNCI_W, SET0}, {NOCH, NOCH, NOCH}, {NOCH, NOCH, NOCH},
/* Ge */  {"\xd1", NOCH, SET0}, {"\xd1", SNCI_u, SET0}, {"\xd1", SNCI_il, SET0},  {"\xd2", NOCH, SET0}, {"\xd1", SNCI_Er, SET0}, {"\xd3", NOCH, SET0}, {"\xd4", NOCH, SET0}, {NOCH, NOCH, SETD},
/* Te */  {"\xd6", NOCH, SET0}, {"\xd6", SNCI_u, SET0}, {"\xd6", SNCI_il, SET0},  {"\xd7", NOCH, SET0}, {"\xd6", SNCI_Er, SET0}, {"\xd8", NOCH, SET0}, {"\xd9", NOCH, SET0}, {"\xd7", SNCI_War, SET0},
/* Ce */  {"\xda", NOCH, SET0},   {"\xdb", NOCH, SET0},    {"\xdc", NOCH, SET0},  {"\xdd", NOCH, SET0}, {"\xde", NOCH, SET0}, {"\xdf", NOCH, SET0}, {"\xe0", NOCH, SET0}, {"\xe1", NOCH, SET0},
/* Pe */  {"\xe2", NOCH, SET0},   {"\xe3", NOCH, SET0}, {"\xe2", SNCI_il, SET0},  {"\xe4", NOCH, SET0}, {"\xe2", SNCI_Er, SET0}, {"\xe5", NOCH, SET0}, {"\xe6", NOCH, SET0}, {"\xe4", SNCI_War, SET0},
/* Se */  {"\xe7", NOCH, SET0},   {"\xe8", NOCH, SET0}, {"\xe7", SNCI_il, SET0},  {"\xe9", NOCH, SET0}, {"\xe7", SNCI_Er, SET0}, {"\xea", NOCH, SET0}, {"\xeb", NOCH, SET0}, {"\xe9", SNCI_War, SET0},
/*`Se */  {"\xec", NOCH, SET0}, {"\xec", SNCI_u, SET0}, {"\xed", SNCI_ir, SET0},  {"\xed", NOCH, SET0}, {"\xed", SNCI_Er, SET0},{"\xee", NOCH, SET0}, {"\xef", NOCH, SET0}, {NOCH, NOCH, NOCH}, 
/* fe */  {"\xf0", NOCH, SET0},   {"\xf1", NOCH, SET0},    {"\xf2", NOCH, SET0},  {"\xf3", NOCH, SET0}, {"\xf4", NOCH, SET0}, {"\xf5", NOCH, SET0}, {"\xf6", NOCH, SET0}, {"\x97", NOCH, SET0},
/* pe */  {"\xf9", NOCH, SET0},   {"\xfa", NOCH, SET0},    {"\xfb", NOCH, SET0},  {"\xfc", NOCH, SET0}, {"\xfd", NOCH, SET0},{"\xfe", NOCH, SET0}, {"\xff", NOCH, SET0}, {NOCH, NOCH, NOCH},
          {NOCH, NOCH, NOCH}, {NOCH, NOCH, NOCH}, {NOCH, NOCH, NOCH}, {NOCH, NOCH, NOCH}, {NOCH, NOCH, NOCH}, {NOCH, NOCH, NOCH}, {NOCH, NOCH, NOCH}, {NOCH, NOCH, NOCH},
 
          {NOCH, NOCH, NOCH}, {SNCI_WS, NOCH, SET0}, {SNCI_WS, SNCI_WS, SET0}, {"\xf8", NOCH, SET0}, {"\xf7", NOCH, SET0}, {NOCH, NOCH, NOCH}, {SNCI_WS, "-", SET0}, {"\x3f", NOCH, SET0}, {NOCH, NOCH, NOCH},


          {"1", NOCH, SET0}, {"2", NOCH, SET0}, {"3", NOCH, SET0}, {"4", NOCH, SET0}, {"5", NOCH, SET0}, {"6", NOCH, SET0}, {"7", NOCH, SET0}, {"8", NOCH, SET0}, {"9", NOCH, SET0}, {"1",  "0", SET0}, 
          {"2",  "0", SET0}, {"3",  "0", SET0}, {"4",  "0", SET0}, {"5",  "0", SET0}, {"6",  "0", SET0}, {"7",  "0", SET0}, {"8",  "0", SET0}, {"9",  "0", SET0}, {"1",  "00", SET0}, {"1", "0,000", SET0}, 
          {NOCH, NOCH, NOCH}, {NOCH, NOCH, NOCH}, {NOCH, NOCH, NOCH}, 

  
          {NOCH, NOCH, NOCH}, {NOCH, NOCH, NOCH}, {NOCH, NOCH, NOCH}, {NOCH, NOCH, NOCH}, {NOCH, NOCH, NOCH}, {NOCH, NOCH, NOCH}, {NOCH, NOCH, NOCH}, {NOCH, NOCH, NOCH},
          {NOCH, NOCH, NOCH}, {NOCH, NOCH, NOCH}, {NOCH, NOCH, NOCH}, {NOCH, NOCH, NOCH}, {NOCH, NOCH, NOCH}, {NOCH, NOCH, NOCH}, {NOCH, NOCH, NOCH}, {NOCH, NOCH, NOCH},
          {NOCH, NOCH, NOCH}, {NOCH, NOCH, NOCH}, {NOCH, NOCH, NOCH}, {NOCH, NOCH, NOCH}, {NOCH, NOCH, NOCH}, {NOCH, NOCH, NOCH}, {NOCH, NOCH, NOCH}, {NOCH, NOCH, NOCH},
          {NOCH, NOCH, NOCH}, {NOCH, NOCH, NOCH}, {NOCH, NOCH, NOCH}, {NOCH, NOCH, NOCH}, {NOCH, NOCH, NOCH}, {NOCH, NOCH, NOCH}, {NOCH, NOCH, NOCH}, {NOCH, NOCH, NOCH},
          {NOCH, NOCH, NOCH}, {NOCH, NOCH, NOCH}, {NOCH, NOCH, NOCH}, {NOCH, NOCH, NOCH}, {NOCH, NOCH, NOCH}, {NOCH, NOCH, NOCH}, {NOCH, NOCH, NOCH}, {NOCH, NOCH, NOCH},
          {NOCH, NOCH, NOCH}, {NOCH, NOCH, NOCH}, {NOCH, NOCH, NOCH}, {NOCH, NOCH, NOCH}, {NOCH, NOCH, NOCH}, {NOCH, NOCH, NOCH}, {NOCH, NOCH, NOCH}, {NOCH, NOCH, NOCH},
          {NOCH, NOCH, NOCH}, {NOCH, NOCH, NOCH}, {NOCH, NOCH, NOCH}, {NOCH, NOCH, NOCH}, {NOCH, NOCH, NOCH}, {NOCH, NOCH, NOCH}, {NOCH, NOCH, NOCH}, {NOCH, NOCH, NOCH},
          {NOCH, NOCH, NOCH}, {NOCH, NOCH, NOCH}, {NOCH, NOCH, NOCH}, {NOCH, NOCH, NOCH}, {NOCH, NOCH, NOCH}, {NOCH, NOCH, NOCH}, {NOCH, NOCH, NOCH}, {NOCH, NOCH, NOCH},


          {NOCH, NOCH, NOCH}, {NOCH, NOCH, NOCH}, {NOCH, NOCH, NOCH}, {NOCH, NOCH, NOCH}, {NOCH, NOCH, NOCH}, {SNCI_War, NOCH, SET0}, {NOCH, NOCH, NOCH}, {NOCH, NOCH, NOCH}, {NOCH, NOCH, NOCH}, {NOCH, NOCH, NOCH},
          {NOCH, NOCH, NOCH}, {NOCH, NOCH, NOCH}, {"\x2e", NOCH, SET0}, {"\x93", NOCH, SET0}, {"\x94", NOCH, SET0}, {"\x3f", NOCH, SET0}
};


int NCIHashTable[224] = {
/*        ,      !,      ",      #,      $,      %,      &,      ',      (,      ),      *,      +,      ,,      -,      .,      /, */
    0x0000, 0x0000, 0x0001, 0x0001, 0x0002, 0x0001, 0x0001, 0x0001, 0x0002, 0x0002, 0x0002, 0x0002, 0x0001, 0x0001, 0xfdfc, 0x0002,

/*       0,      1,      2,      3,      4,      5,      6,      7,      8,      9,      :,      ;,      <,      =,      >,      ?, */
    0x0002, 0x0002, 0x0002, 0x0002, 0x0002, 0x0002, 0x0002, 0x0002, 0x0002, 0x0002, 0x0002, 0x0002, 0x0001, 0x0002, 0x0001, 0xfdff,

/*       @,      A,      B,      C,      D,      E,      F,      G,      H,      I,      J,      K,      L,      M,      N,      O, */
    0x0001, 0x1200, 0x1203, 0x1205, 0x1206, 0x1208, 0x120b, 0x120d, 0x1210, 0x1211, 0x1213, 0x1215, 0x1216, 0x1218, 0x121b, 0x121d,

/*       P,      Q,      R,      S,      T,      U,      V,      W,      X,      Y,      Z,      [,      \,      ],      ^,      _, */
    0x121e, 0x1220, 0x1223, 0x1225, 0x1226, 0x1228, 0x1229, 0x122a, 0x122b, 0x122c, 0x122d, 0x122e, 0x122f, 0x1230, 0x1233, 0x0000,

/*       `,      a,      b,      c,      d,      e,      f,      g,      h,      i,      j,      k,      l,      m,      n,      o, */
    0x1235, 0x1236, 0x1238, 0x123b, 0x123d, 0x123e, 0x1240, 0x1241, 0x1242, 0x1243, 0x1244, 0x1245, 0x1246, 0x1248, 0x124b, 0x124c,

/*       p,      q,      r,      s,      t,      u,      v,      w,      x,      y,      z,      {,      |,      },      ~,      , */
    0x1260, 0x1263, 0x1265, 0x1266, 0x1268, 0x126b, 0x126d, 0x126e, 0x1270, 0x1271, 0x1272, 0x1273, 0x1274, 0x1275, 0x1276, 0x0000,

/*    0x80,   0x81,   0x82,   0x83,   0x84,   0x85,   0x86,   0x87,   0x88,   0x89,   0x8a,   0x8b,   0x8c,   0x8d,   0x8e,   0x8f, */
    0x1277, 0x1278, 0x1279, 0x127a, 0x127b, 0x127c, 0x127d, 0x127e, 0x127f, 0x1280, 0x1283, 0x1285, 0x1286, 0x1290, 0x1293, 0x1295,

/*    0x90,   0x91,   0x92,   0x93,   0x94,   0x95,   0x96,   0x97,   0x98,   0x99,   0x9a,   0x9b,   0x9c,   0x9d,   0x9e,   0x9f, */
/*  0x1296, 0x1298, 0x129b, 0xfdfd, 0xfdfe, 0x129f, 0x12e7, 0x134f, 0x12a0, 0x12a3, 0x12a5, 0x12a6, 0x12a8, 0x12ab, 0x12ad, 0x12ae, */
    0x1296, 0x1298, 0x129b, 0xfdfd, 0xfdfe, 0x129f, 0x12e7, 0x134f, 0x12a0, 0x12a3, 0x12a5, 0x12a6, 0x12a8, 0x12ab, 0x12ad, 0x12ae,

/*    0xa0,      ¡,      ¢,      £,      ¤,      ¥,      ¦,      §,      ¨,      ©,      ª,      «,      ¬,      ­,      ®,      ¯, */
    0x0000, 0x12b4, 0x12b8, 0x12bb, 0x12bd, 0x12be, 0x12c8, 0x12ca, 0x12cb, 0x12cc, 0x12c9, 0x129d, 0x12ce, 0x12d0, 0x12d3, 0x12d5,

/*       °,      ±,      ²,      ³,      ´,      µ,      ¶,      ·,      ¸,      ¹,      º,      »,      ¼,      ½,      ¾,      ¿, */
    0x12d6, 0x12d8, 0x12db, 0x12dd, 0x12de, 0x12e0, 0x12e1, 0x12e2, 0x12e3, 0x12e4, 0x12e5, 0x129e, 0x12e6, 0x1361, 0x12e8, 0x12e9,

/*       À,      Á,      Â,      Ã,      Ä,      Å,      Æ,      Ç,      È,      É,      Ê,      Ë,      Ì,      Í,      Î,      Ï, */
    0x12ea, 0x12eb, 0x12ec, 0x12ed, 0x12ee, 0x12f0, 0x12f1, 0x12f3, 0x12f4, 0x12f5, 0x12f6, 0x1300, 0x1301, 0x1303, 0x1304, 0x1305,

/*       Ð,      Ñ,      Ò,      Ó,      Ô,      Õ,      Ö,      ×,      Ø,      Ù,      Ú,      Û,      Ü,      Ý,      Þ,      ß, */
    0x1306, 0x1308, 0x130b, 0x130d, 0x130e, 0x1313, 0x1320, 0x1323, 0x1325, 0x1326, 0x1328, 0x1329, 0x132a, 0x132b, 0x132c, 0x132d,

/*       à,      á,      â,      ã,      ä,      å,      æ,      ç,      è,      é,      ê,      ë,      ì,      í,      î,      ï, */
    0x132e, 0x132f, 0x1330, 0x1331, 0x1333, 0x1335, 0x1336, 0x1338, 0x1339, 0x133b, 0x133d, 0x133e, 0x1340, 0x1343, 0x1345, 0x1346,

/*       ð,      ñ,      ò,      ó,      ô,      õ,      ö,      ÷,      ø,      ù,      ú,      û,      ü,      ý,      þ,      ÿ, */
    0x1348, 0x1349, 0x134a, 0x134b, 0x134c, 0x134d, 0x134e, 0x1364, 0x1363, 0x1350, 0x1351, 0x1352, 0x1353, 0x1354, 0x1355, 0x1356
};

#endif  /* NCI_MAP */
