/* This is part of the LibEth library, an ANSI C library for Ethiopic
   text and information processing (http://libeth.netpedia.net).
   Copyright (C) 1995-1998 Daniel Yacob.

   This library is free software; you can redistribute it and/or
   modify it under the terms of the GNU Library General Public
   License as published by the Free Software Foundation; either
   version 2 of the License, or (at your option) any later version.

   This library is distributed in the hope that it will be useful,
   but WITHOUT ANY WARRANTY; without even the implied warranty of
   MERCHANTABILITY or FITNESS FOR A PARTICULAR PURPOSE.  See the GNU
   Library General Public License for more details.

   You should have received a copy of the GNU Library General Public
   License along with this library; if not, write to the Free
   Foundation, Inc., 59 Temple Place, Suite 330, Boston, MA  02111-1307  USA
*/

#ifndef QUBEE_MAP
#define QUBEE_MAP  1

#ifndef SUPPORT_QUBEE
#  define SUPPORT_QUBEE 1
#endif /* SUPPORT_QUBEE */

#ifndef MAPTYPES_H
#  include "maptypes.h"
#endif /* MAPTYPES_H */

#ifndef QUBEE_H
#  include "qubee.h"
#endif /* QUBEE_H */


#define USE_QUBEE_FIDEL 0
#if USE_QUBEE_FIDEL

unsigned char*
QubeeFidel[UNITOTAL] = 
{
  "ha", "hu", "hii", "haa", "hee", "hi", "ho",    "",
  "le", "lu", "lii", "laa", "lee", "li", "lo", "lwa",
  "ha", "hu", "hii", "haa", "hee", "hi", "ho", "hwa",
  "me", "mu", "mii", "maa", "mee", "mi", "mo", "mwa",
  "se", "su", "sii", "saa", "see", "si", "so", "swa",
  "re", "ru", "rii", "raa", "ree", "ri", "ro", "rwa",
  "se", "su", "sii", "saa", "see", "si", "so", "swa",
 "she","shu","shii","shaa","shee","shi","sho","shwa",
  "qe", "qu", "qii", "qaa", "qee", "qi", "qo",    "",
 "qwe","qwu","qwii","qwaa","qwee","qwi",   "",    "",
 "qhe","qhu","qhii","qhaa","qhee","qhi","qho",    "",
"qhwe","qhwu","qhwii","qhwaa","qhwee","qhwi",   "",   "",
  "be", "bu", "bii", "baa", "bee", "bi", "bo", "bwa",
  "ve", "vu", "vii", "vaa", "vee", "vi", "vo", "vwa",
  "te", "tu", "tii", "taa", "tee", "ti", "to", "twa",
 "che","chu","chii","chaa","chee","chi","cho","chwa",
  "ha", "hu", "hii", "haa", "hee", "hi", "ho",    "",
 "hwe","hwu","hwii","hwaa","hwee","hwi",   "",    "",
  "ne", "nu", "nii", "naa", "nee", "ni", "no", "nwa",
 "nye","nyu","nyii","nyaa","nyee","nyi","nyo","nywa",
   "a",  "u",  "ii", "aa",  "ee",  "i",  "o",   "e",
  "ke", "ku", "kii", "kaa", "kee", "ki", "ko",    "",
 "kwe","kWu","kWii","kWaa","kWee","kWi",   "",    "",
 "khe","khu","khii","khaa","khee","khi","kho",    "",
"khwe","khwu","khwii","khwaa","khwee","khwi",   "",    "",
  "we", "wu", "wii", "waa", "wee", "wi", "wo",    "",
   "e",  "u",  "ii",  "aa",  "ee", "i",   "o",    "",
  "ze", "zu", "zii", "zaa", "zee", "zi", "zo", "zwa",
 "zhe","zhu","zhii","zhaa","zhee","zhi","zho","zhwa",
  "ye", "yu", "yii", "yaa", "yee", "yi", "yo", "ywa",
  "de", "du", "dii", "daa", "dee", "di", "do", "dwa",
 "dhe","dhu","dhii","dhaa","dhee","dhi","dho","dhwa",
  "je", "ju", "jii", "jaa", "jee", "ji", "jo", "jwa",
  "ge", "gu", "gii", "gaa", "gee", "gi", "go",    "",
 "gwe","gwu","gwii","gwaa","gwee","gwi",   "",    "",
  "Ge", "Gu", "Gii", "Gaa", "Gee", "Gi", "Go", "Gwa",
  "xe", "xu", "xii", "xaa", "xee", "xi", "xo", "xwa",
  "ce", "cu", "cii", "caa", "cee", "ci", "co", "cwa",
 "phe","phu","phii","phaa","phee","phi","pho","phwa",
 "tse","tsu","tsii","tsaa","tsee","tsi","tso","tswa",
 "tse","tsu","tsii","tsaa","tsee","tsi","tso",    "",
  "fe", "fu", "fii", "faa", "fee", "fi", "fo", "fwa",
  "pe", "pu", "pii", "paa", "pee", "pi", "po", "pwa",
 "mya","rya", "fya",    "",    "",   "",   "",    "",

   "", " : ", "::",  ",",  ";", "-:", ":-", "'?", ":|:",
  "1",   "2",  "3",  "4",  "5",  "6",  "7",  "8",   "9",    "10",
 "20",  "30", "40", "50", "60", "70", "80", "90", "100", "10000",
   "",    "",    "",
  
 "qe", "qu", "qii", "qaa", "qee", "qi", "qo",  "", "mwe", "bWe", "GWe","fWe","pWe",  "",   "",   "",
 "ke", "ku", "kii", "kaa", "kee", "ki", "ko",  "", "mwi", "bWi", "GWi","fWi","pWi",  "",   "",   "",
  "Xe",  "Xu",  "Xii",  "Xaa",  "Xee",  "Xi",  "Xo",  "", "mwE", "bWE", "GWE","fWE","pWE",  "",   "",   "",
 "ge", "gu", "gii", "gaa", "gee", "gi", "go",  "",  "mw",  "bW",  "GW", "fW", "pW",  "",   "",   "", 

 "\\~X","\\~e","\\~E","\\~a","\\~A","wwe","wWii","wWa","wWE","wW",
 "''", "'!", ".", "<<", ">>", "?"
};


#else


unsigned char*
QubeeFidelHash[] = 
{
  "h",
  "l",
  "h",
  "m",
  "s",
  "r",
  "s",
 "sh",
  "q",
 "qw",
 "qh",
"qhw",
  "b",
  "v",
  "t",
 "ch",
  "h",
 "hw",
  "n",
 "ny",
  "e",
  "k",
 "kw",
 "kh",
"khw",
  "w",
  "e",
  "z",
 "zh",
  "y",
  "d",
 "dh",
  "j",
  "g",
 "gw",
  "G",
  "x",
  "c",
 "ph",
 "ts",
 "ts",
  "f",
  "p" 
};

unsigned char*
QubeeVowelHash[8] =
{
  "e", "u", "ii", "aa", "ee", "i", "o", "wa"
};

unsigned char*
QubeePunctHash[8] =
{
  " ", ".", ",", ";", ":", ":", "?", "."
};
  
unsigned char*
QubeeExtHash[] =
{
  "qe", "qu", "qii", "qaa", "qee", "qi", "qo",  "", "mwe", "bWe", "GWe","fWe","pWe",  "",   "",   "",
  "ke", "ku", "kii", "kaa", "kee", "ki", "ko",  "", "mwi", "bWi", "GWi","fWi","pWi",  "",   "",   "",
  "Xe",  "Xu",  "Xii",  "Xaa",  "Xee",  "Xi",  "Xo",  "", "mwE", "bWE", "GWE","fWE","pWE",  "",   "",   "",
 "ge", "gu", "gii", "gaa", "gee", "gi", "go",  "",  "mw",  "bW",  "GW", "fW", "pW",  "",   "",   "", 

  "\\~X","\\~e","\\~E","\\~a","\\~A","wwe","wWii","wWa","wWE","wW",
  "''", "'!", ".", "<<", ">>", "?"
};

#endif /* USE_QUBEE_FIDEL */

#endif  /* QUBEE_MAP */
