/* This is part of the LibEth library, an ANSI C library for Ethiopic
   text and information processing (http://libeth.netpedia.net).
   Copyright (C) 1995-1998 Daniel Yacob.

   This library is free software; you can redistribute it and/or
   modify it under the terms of the GNU Library General Public
   License as published by the Free Software Foundation; either
   version 2 of the License, or (at your option) any later version.

   This library is distributed in the hope that it will be useful,
   but WITHOUT ANY WARRANTY; without even the implied warranty of
   MERCHANTABILITY or FITNESS FOR A PARTICULAR PURPOSE.  See the GNU
   Library General Public License for more details.

   You should have received a copy of the GNU Library General Public
   License along with this library; if not, write to the Free
   Foundation, Inc., 59 Temple Place, Suite 330, Boston, MA  02111-1307  USA
*/

#ifndef ED_MAP
#define ED_MAP  1

#ifndef SUPPORT_ED
#  define SUPPORT_ED 1
#endif /* SUPPORT_ED */

#ifndef MAPTYPES_H
#  include "maptypes.h"
#endif /* MAPTYPES_H */

#ifndef ED_H
#  include "ed.h"
#endif /* ED_H */


#if USE_ED_TABLE

char* Ed_Wlist[] = {SED_We, SED_Wi, SED_Wa, SED_WE, SED_W};


LETCHAR EdFidel[UNITOTAL] = 
       {
/* he */  {"h", SED_e, SET0}, {"h", SED_u, SET0}, {"h", SED_i, SET0}, {"h", SED_a, SET0}, {"h", SED_E, SET0}, {"h", NOCH, SET0}, {"h", SED_o, SET0}, {NOCH, NOCH, NOCH},
/* le */  {"l", SED_e, SET0}, {"l", SED_u, SET0}, {"l", SED_i, SET0}, {"l", SED_a, SET0}, {"l", SED_E, SET0}, {"l", NOCH, SET0}, {"l", SED_o, SET0}, {"l", SED_Wa, SET0},
/* He */  {"H", SED_e, SET0}, {"H", SED_u, SET0}, {"H", SED_i, SET0}, {"H", SED_a, SET0}, {"H", SED_E, SET0}, {"H", NOCH, SET0}, {"H", SED_o, SET0}, {NOCH, NOCH, NOCH},
/* me */  {"m", SED_e, SET0}, {"m", SED_u, SET0}, {"m", SED_i, SET0}, {"m", SED_a, SET0}, {"m", SED_E, SET0}, {"m", NOCH, SET0}, {"m", SED_o, SET0}, {"m", SED_Wa, SET0},
/*`se */  {"^s", SED_e, SET0}, {"^s", SED_u, SET0}, {"^s", SED_i, SET0}, {"^s",  SED_a, SET0}, {"^s", SED_E, SET0},  {"^s", NOCH, SET0}, {"^s", SED_o, SET0}, {NOCH, NOCH, NOCH},
/* re */  {"r", SED_e, SET0}, {"r", SED_u, SET0}, {"r", SED_i, SET0}, {"r", SED_a, SET0}, {"r", SED_E, SET0}, {"r", NOCH, SET0}, {"r", SED_o, SET0}, {"r", SED_Wa, SET0},
/* se */  {"s", SED_e, SET0}, {"s", SED_u, SET0}, {"s", SED_i, SET0}, {"s", SED_a, SET0}, {"s", SED_E, SET0}, {"s", NOCH, SET0}, {"s", SED_o, SET0}, {"s", SED_Wa, SET0},
/* xe */  {"S", SED_e, SET0}, {"S", SED_u, SET0}, {"S", SED_i, SET0}, {"S", SED_a, SET0}, {"S", SED_E, SET0}, {"S", NOCH, SET0}, {"S", SED_o, SET0}, {"S", SED_Wa, SET0},
/* qe */  {"K", SED_e, SET0}, {"K", SED_u, SET0}, {"K", SED_i, SET0}, {"K", SED_a, SET0}, {"K", SED_E, SET0}, {"K", NOCH, SET0}, {"K", SED_o, SET0}, {NOCH, NOCH, SETD},
          {"K", SED_We, SET0}, {NOCH, NOCH, NOCH}, {"K", SED_Wi, SET0}, {NOCH, NOCH, NOCH}, {"K", SED_WE, SET0}, {"K", SED_W, SET0}, {NOCH, NOCH, NOCH}, {NOCH, NOCH, NOCH},
/* Qe */  {"Q", SED_e, SET0}, {"Q", SED_u, SET0}, {"Q", SED_i, SET0}, {"Q", SED_a, SET0}, {"Q", SED_E, SET0}, {"Q", NOCH, SET0}, {"Q", SED_o, SET0}, {NOCH, NOCH, SETD},
          {"K", SED_We, SET0}, {NOCH, NOCH, NOCH}, {"K", SED_Wi, SET0}, {NOCH, NOCH, NOCH}, {"K", SED_WE, SET0}, {"K", SED_W, SET0}, {NOCH, NOCH, NOCH}, {NOCH, NOCH, NOCH},
/* be */  {"b", SED_e, SET0}, {"b", SED_u, SET0}, {"b", SED_i, SET0}, {"b", SED_a, SET0}, {"b", SED_E, SET0}, {"b", NOCH, SET0}, {"b", SED_o, SET0}, {"b", SED_Wa, SET0},
/* ve */  {"V", SED_e, SET0}, {"V", SED_u, SET0}, {"V", SED_i, SET0}, {"V", SED_a, SET0}, {"V", SED_E, SET0}, {"V", NOCH, SET0}, {"V", SED_o, SET0}, {NOCH, NOCH, NOCH},
/* te */  {"t", SED_e, SET0}, {"t", SED_u, SET0}, {"t", SED_i, SET0}, {"t", SED_a, SET0}, {"t", SED_E, SET0}, {"t", NOCH, SET0}, {"t", SED_o, SET0}, {"t", SED_Wa, SET0},
/* ce */  {"c", SED_e, SET0}, {"c", SED_u, SET0}, {"c", SED_i, SET0}, {"c", SED_a, SET0}, {"c", SED_E, SET0}, {"c", NOCH, SET0}, {"c", SED_o, SET0}, {"c", SED_Wa, SET0},
/*`he */  {"^h", SED_e, SET0}, {"^h", SED_u, SET0}, {"^h", SED_i, SET0}, {"^h",  SED_a, SET0}, {"^h", SED_E, SET0},  {"^h", NOCH, SET0}, {"^h", SED_o, SET0}, {NOCH, NOCH, SETD},
          {"^h", SED_We, SET0}, {NOCH, NOCH, NOCH}, {"^h", SED_Wi, SET0}, {"^h", SED_Wa, SET0}, {"^h", SED_WE, SET0}, {"^h", SED_W, SET0}, {NOCH, NOCH, NOCH}, {NOCH, NOCH, NOCH},
/* ne */  {"n", SED_e, SET0}, {"n", SED_u, SET0}, {"n", SED_i, SET0}, {"n", SED_a, SET0}, {"n", SED_E, SET0}, {"n", NOCH, SET0}, {"n", SED_o, SET0}, {"n", SED_Wa, SET0},
/* Ne */  {"N", SED_e, SET0}, {"N", SED_u, SET0}, {"N", SED_i, SET0}, {"N", SED_a, SET0}, {"N", SED_E, SET0}, {"N", NOCH, SET0}, {"N", SED_o, SET0}, {"N", SED_Wa, SET0},
/* e  */  {"v", NOCH, SET0}, {"u", NOCH, SET0}, {"i", NOCH, SET0}, {"a",  NOCH, SET0}, {"e",  NOCH, SET0}, {"x", NOCH, SET0}, {"o", NOCH, SET0}, {NOCH, NOCH, NOCH},
/* ke */  {"k", SED_e, SET0}, {"k", SED_u, SET0}, {"k", SED_i, SET0}, {"k", SED_a, SET0}, {"k", SED_E, SET0}, {"k", NOCH, SET0}, {"k", SED_o, SET0}, {NOCH, NOCH, SETD},
          {"k", SED_We, SET0}, {NOCH, NOCH, NOCH}, {"k", SED_Wi, SET0}, {"k", SED_Wa, SET0}, {"k", SED_WE, SET0}, {"k", SED_W, SET0}, {NOCH, NOCH, NOCH}, {NOCH, NOCH, NOCH},
/* Ke */  {"^H", SED_e, SET0}, {"^H", SED_u, SET0}, {"^H", SED_i, SET0}, {"^H",  SED_a, SET0}, {"^H", SED_E, SET0},  {"^H", NOCH, SET0}, {"^H", SED_o, SET0}, {NOCH, NOCH, SETD},
          {"^H", SED_We, SET0}, {NOCH, NOCH, NOCH}, {"^H", SED_Wi, SET0}, {"^H", SED_Wa, SET0}, {"^H", SED_WE, SET0}, {"^H", SED_W, SET0}, {NOCH, NOCH, NOCH}, {NOCH, NOCH, NOCH},
/* we */  {"w", SED_e, SET0}, {"w", SED_u, SET0}, {"w", SED_i, SET0}, {"w", SED_a, SET0}, {"w", SED_E, SET0}, {"w", NOCH, SET0}, {"w", SED_o, SET0}, {NOCH, NOCH, NOCH},
/* `e */  {"&", SED_e, SET0}, {"&", SED_u, SET0}, {"&", SED_i, SET0}, {"&", SED_a, SET0}, {"&", SED_E, SET0}, {"&", NOCH, SET0}, {"&", SED_o, SET0}, {NOCH, NOCH, NOCH},
/* ze */  {"z", SED_e, SET0}, {"z", SED_u, SET0}, {"z", SED_i, SET0}, {"z", SED_a, SET0}, {"z", SED_E, SET0}, {"z", NOCH, SET0}, {"z", SED_o, SET0}, {"z", SED_Wa, SET0},
/* Ze */  {"Z", SED_e, SET0}, {"Z", SED_u, SET0}, {"Z", SED_i, SET0}, {"Z", SED_a, SET0}, {"Z", SED_E, SET0}, {"Z", NOCH, SET0}, {"Z", SED_o, SET0}, {"Z", SED_Wa, SET0},
/* ye */  {"y", SED_e, SET0}, {"y", SED_u, SET0}, {"y", SED_i, SET0}, {"y", SED_a, SET0}, {"y", SED_E, SET0}, {"y", NOCH, SET0}, {"y", SED_o, SET0}, {NOCH, NOCH, NOCH},
/* de */  {"d", SED_e, SET0}, {"d", SED_u, SET0}, {"d", SED_i, SET0}, {"d", SED_a, SET0}, {"d", SED_E, SET0}, {"d", NOCH, SET0}, {"d", SED_o, SET0}, {"d", SED_Wa, SET0},
/* De */  {"d", SED_e, SET0}, {"d", SED_u, SET0}, {"d", SED_i, SET0}, {"d", SED_a, SET0}, {"d", SED_E, SET0}, {"d", NOCH, SET0}, {"d", SED_o, SET0}, {"d", SED_Wa, SET0},
/* je */  {"j", SED_e, SET0}, {"j", SED_u, SET0}, {"j", SED_i, SET0}, {"j", SED_a, SET0}, {"j", SED_E, SET0}, {"j", NOCH, SET0}, {"j", SED_o, SET0}, {"j", SED_Wa, SET0},
/* ge */  {"g", SED_e, SET0}, {"g", SED_u, SET0}, {"g", SED_i, SET0}, {"g", SED_a, SET0}, {"g", SED_E, SET0}, {"g", NOCH, SET0}, {"g", SED_o, SET0}, {NOCH, NOCH, SETD},
          {"g", SED_We, SET0}, {NOCH, NOCH, NOCH}, {"g", SED_Wi, SET0}, {"g", SED_Wa, SET0}, {"g", SED_WE, SET0}, {"g", SED_W, SET0}, {NOCH, NOCH, NOCH}, {NOCH, NOCH, NOCH},
/* Ge */  {"g", SED_e, SET0}, {"g", SED_u, SET0}, {"g", SED_i, SET0}, {"g", SED_a, SET0}, {"g", SED_E, SET0}, {"g", NOCH, SET0}, {"g", SED_o, SET0}, {NOCH, NOCH, NOCH},
/* Te */  {"T", SED_e, SET0}, {"T", SED_u, SET0}, {"T", SED_i, SET0}, {"T", SED_a, SET0}, {"T", SED_E, SET0}, {"T", NOCH, SET0}, {"T", SED_o, SET0}, {"T", SED_Wa, SET0},
/* Ce */  {"C", SED_e, SET0}, {"C", SED_u, SET0}, {"C", SED_i, SET0}, {"C", SED_a, SET0}, {"C", SED_E, SET0}, {"C", NOCH, SET0}, {"C", SED_o, SET0}, {"C", SED_Wa, SET0},
/* Pe */  {"P", SED_e, SET0}, {"P", SED_u, SET0}, {"P", SED_i, SET0}, {"P", SED_a, SET0}, {"P", SED_E, SET0}, {"P", NOCH, SET0}, {"P", SED_o, SET0}, {NOCH, NOCH, NOCH},
/* Se */  {"^S", SED_e, SET0}, {"^S", SED_u, SET0}, {"^S", SED_i, SET0}, {"^S",  SED_a, SET0}, {"^S", SED_E, SET0},  {"^S", NOCH, SET0}, {"^S", SED_o, SET0}, {"^S", SED_Wa, SET0},
/*`Se */  {"^t", SED_e, SET0}, {"^t", SED_u, SET0}, {"^t", SED_i, SET0}, {"^t",  SED_a, SET0}, {"^t", SED_E, SET0},  {"^t", NOCH, SET0}, {"^t", SED_o, SET0}, {NOCH, NOCH, NOCH},
/* fe */  {"f", SED_e, SET0}, {"f", SED_u, SET0}, {"f", SED_i, SET0}, {"f", SED_a, SET0}, {"f", SED_E, SET0}, {"f", NOCH, SET0}, {"f", SED_o, SET0}, {"f", SED_Wa, SET0},
/* pe */  {"p", SED_e, SET0}, {"p", SED_u, SET0}, {"p", SED_i, SET0}, {"p", SED_a, SET0}, {"p", SED_E, SET0}, {"p", NOCH, SET0}, {"p", SED_o, SET0}, {NOCH, NOCH, NOCH},
          {NOCH, NOCH, NOCH}, {NOCH, NOCH, NOCH}, {NOCH, NOCH, NOCH}, {NOCH, NOCH, NOCH}, {NOCH, NOCH, NOCH}, {NOCH, NOCH, NOCH}, {NOCH, NOCH, NOCH}, {NOCH, NOCH, NOCH},



          {NOCH, NOCH, NOCH}, {":",  NOCH, SET0}, {".",  NOCH, SET0}, {NOCH, NOCH, NOCH}, {";",  NOCH, SET0}, {",",  NOCH}, {NOCH, NOCH, NOCH}, {"?", NOCH, SET0}, {NOCH, NOCH, NOCH},


          {"1", NOCH, SET0}, {"2", NOCH, SET0}, {"3", NOCH, SET0}, {"4", NOCH, SET0}, {"5", NOCH, SET0}, {"6", NOCH, SET0}, {"7", NOCH, SET0}, {"8", NOCH, SET0}, {"9",  NOCH, SET0}, {"1",   "0", SET0},
          {"2",  "0", SET0}, {"3",  "0", SET0}, {"4",  "0", SET0}, {"5",  "0", SET0}, {"6",  "0", SET0}, {"7",  "0", SET0}, {"8",  "0", SET0}, {"9",  "0", SET0}, {NOCH, NOCH, NOCH}, {NOCH, NOCH, NOCH},
          {NOCH, NOCH, NOCH}, {NOCH, NOCH, NOCH}, {NOCH, NOCH, NOCH},


          {NOCH, NOCH, NOCH}, {NOCH, NOCH, NOCH}, {NOCH, NOCH, NOCH}, {NOCH, NOCH, NOCH}, {NOCH, NOCH, NOCH}, {NOCH, NOCH, NOCH}, {NOCH, NOCH, NOCH}, {NOCH, NOCH, NOCH},
          {NOCH, NOCH, NOCH}, {NOCH, NOCH, NOCH}, {NOCH, NOCH, NOCH}, {NOCH, NOCH, NOCH}, {NOCH, NOCH, NOCH}, {NOCH, NOCH, NOCH}, {NOCH, NOCH, NOCH}, {NOCH, NOCH, NOCH},
          {NOCH, NOCH, NOCH}, {NOCH, NOCH, NOCH}, {NOCH, NOCH, NOCH}, {NOCH, NOCH, NOCH}, {NOCH, NOCH, NOCH}, {NOCH, NOCH, NOCH}, {NOCH, NOCH, NOCH}, {NOCH, NOCH, NOCH},
          {NOCH, NOCH, NOCH}, {NOCH, NOCH, NOCH}, {NOCH, NOCH, NOCH}, {NOCH, NOCH, NOCH}, {NOCH, NOCH, NOCH}, {NOCH, NOCH, NOCH}, {NOCH, NOCH, NOCH}, {NOCH, NOCH, NOCH},
          {NOCH, NOCH, NOCH}, {NOCH, NOCH, NOCH}, {NOCH, NOCH, NOCH}, {NOCH, NOCH, NOCH}, {NOCH, NOCH, NOCH}, {NOCH, NOCH, NOCH}, {NOCH, NOCH, NOCH}, {NOCH, NOCH, NOCH},
          {NOCH, NOCH, NOCH}, {NOCH, NOCH, NOCH}, {NOCH, NOCH, NOCH}, {NOCH, NOCH, NOCH}, {NOCH, NOCH, NOCH}, {NOCH, NOCH, NOCH}, {NOCH, NOCH, NOCH}, {NOCH, NOCH, NOCH},
          {NOCH, NOCH, NOCH}, {NOCH, NOCH, NOCH}, {NOCH, NOCH, NOCH}, {NOCH, NOCH, NOCH}, {NOCH, NOCH, NOCH}, {NOCH, NOCH, NOCH}, {NOCH, NOCH, NOCH}, {NOCH, NOCH, NOCH},
          {NOCH, NOCH, NOCH}, {NOCH, NOCH, NOCH}, {NOCH, NOCH, NOCH}, {NOCH, NOCH, NOCH}, {NOCH, NOCH, NOCH}, {NOCH, NOCH, NOCH}, {NOCH, NOCH, NOCH}, {NOCH, NOCH, NOCH},

          {NOCH, NOCH, NOCH}, {NOCH, NOCH, NOCH}, {NOCH, NOCH, NOCH}, {NOCH, NOCH, NOCH}, {NOCH, NOCH, NOCH}, {NOCH, NOCH, NOCH}, {NOCH, NOCH, NOCH}, {NOCH, NOCH, NOCH},
		  {NOCH, NOCH, NOCH}, {NOCH, NOCH, NOCH}, {NOCH, NOCH, NOCH}, {"!",  NOCH, SET0}, {"@", NOCH, SET0}, {"<",  "<", SET0}, {">",   ">", SET0}, {"?",  NOCH, SET0}
};


int EdHashTable[224] = {
/*        ,      !,      ",      #,      $,      %,      &,      ',      (,      ),      *,      +,      ,,      -,      .,      /, */
    0x0000, 0x0000, 0x0000, 0x0000, 0x0000, 0x0000, 0x12d5, 0x0000, 0x0000, 0x0000, 0x0000, 0x0000, 0x1365, 0x0000, 0x1362, 0x0000,

/*       0,      1,      2,      3,      4,      5,      6,      7,      8,      9,      :,      ;,      <,      =,      >,      ?, */
    0x0000, 0x1369, 0x136a, 0x136b, 0x136c, 0x136d, 0x136e, 0x136f, 0x1370, 0x1371, 0x1361, 0x1364, 0x003c, 0x0000, 0x003e, 0xfdff,

/*       @,      A,      B,      C,      D,      E,      F,      G,      H,      I,      J,      K,      L,      M,      N,      O, */
    0xfdfc, 0x0000, 0x0000, 0x132d, 0x0000, 0x0000, 0x0000, 0x0000, 0x1215, 0x0000, 0x0000, 0x1245, 0x0000, 0x0000, 0x129d, 0x0000,

/*       P,      Q,      R,      S,      T,      U,      V,      W,      X,      Y,      Z,      [,      \,      ],      ^,      _, */
    0x1335, 0x1255, 0x0000, 0x123d, 0x1325, 0x0000, 0x126d, 0x0001, 0x0000, 0x0000, 0x12e5, 0x0000, 0x005c, 0x0000, 0x005e, 0x0000,

/*       `,      a,      b,      c,      d,      e,      f,      g,      h,      i,      j,      k,      l,      m,      n,      o, */
    0x0000, 0x0001, 0x1265, 0x127d, 0x12f5, 0x0001, 0x134d, 0x130d, 0x1205, 0x0001, 0x1305, 0x12ad, 0x120d, 0x121d, 0x1295, 0x0001,

/*       p,      q,      r,      s,      t,      u,      v,      w,      x,      y,      z,      {,      |,      },      ~,      , */
    0x1355, 0x0000, 0x122d, 0x1235, 0x1275, 0x0001, 0x0001, 0x12cd, 0x12a5, 0x12ed, 0x12dd, 0x0000, 0x0000, 0x0000, 0x0000, 0x0000,

/*    0x80,   0x81,   0x82,   0x83,   0x84,   0x85,   0x86,   0x87,   0x88,   0x89,   0x8a,   0x8b,   0x8c,   0x8d,   0x8e,   0x8f, */
    0x0000, 0x0000, 0x0000, 0x0000, 0x0000, 0x0000, 0x0000, 0x0000, 0x0000, 0x0000, 0x0000, 0x0000, 0x0000, 0x0000, 0x0000, 0x0000,

/*    0x90,   0x91,   0x92,   0x93,   0x94,   0x95,   0x96,   0x97,   0x98,   0x99,   0x9a,   0x9b,   0x9c,   0x9d,   0x9e,   0x9f, */
    0x0000, 0x0000, 0x0000, 0x0000, 0x0000, 0x0000, 0x0000, 0x0000, 0x0000, 0x0000, 0x0000, 0x0000, 0x0000, 0x0000, 0x0000, 0x0000,

/*    0xa0,      ¡,      ¢,      £,      ¤,      ¥,      ¦,      §,      ¨,      ©,      ª,      «,      ¬,      ­,      ®,      ¯, */
    0x0000, 0x0000, 0x0000, 0x0000, 0x0000, 0x0000, 0x0000, 0x0000, 0x0000, 0x0000, 0x0000, 0x0000, 0x0000, 0x0000, 0x0000, 0x0000,

/*       °,      ±,      ²,      ³,      ´,      µ,      ¶,      ·,      ¸,      ¹,      º,      »,      ¼,      ½,      ¾,      ¿, */
    0x0000, 0x0000, 0x0000, 0x0000, 0x0000, 0x0000, 0x0000, 0x0000, 0x0000, 0x0000, 0x0000, 0x0000, 0x0000, 0x0000, 0x0000, 0x0000,

/*       À,      Á,      Â,      Ã,      Ä,      Å,      Æ,      Ç,      È,      É,      Ê,      Ë,      Ì,      Í,      Î,      Ï, */
    0x0000, 0x0000, 0x0000, 0x0000, 0x0000, 0x0000, 0x0000, 0x0000, 0x0000, 0x0000, 0x0000, 0x0000, 0x0000, 0x0000, 0x0000, 0x0000,

/*       Ð,      Ñ,      Ò,      Ó,      Ô,      Õ,      Ö,      ×,      Ø,      Ù,      Ú,      Û,      Ü,      Ý,      Þ,      ß, */
    0x0000, 0x0000, 0x0000, 0x0000, 0x0000, 0x0000, 0x0000, 0x0000, 0x0000, 0x0000, 0x0000, 0x0000, 0x0000, 0x0000, 0x0000, 0x0000,

/*       à,      á,      â,      ã,      ä,      å,      æ,      ç,      è,      é,      ê,      ë,      ì,      í,      î,      ï, */
    0x0000, 0x0000, 0x0000, 0x0000, 0x0000, 0x0000, 0x0000, 0x0000, 0x0000, 0x0000, 0x0000, 0x0000, 0x0000, 0x0000, 0x0000, 0x0000,

/*       ð,      ñ,      ò,      ó,      ô,      õ,      ö,      ÷,      ø,      ù,      ú,      û,      ü,      ý,      þ,      ÿ, */
    0x0000, 0x0000, 0x0000, 0x0000, 0x0000, 0x0000, 0x0000, 0x0000, 0x0000, 0x0000, 0x0000, 0x0000, 0x0000, 0x0000, 0x0000, 0x0000,
};

#else


unsigned char*
EdFidelHash[] = 
{
  "h",
  "l",
  "H",
  "m",
 "^s",
  "r",
  "s",
  "S",
  "K",
 "KW",
  "Q",
 "KW",
  "b",
  "V",
  "t",
  "c",
 "^h",
"^hW",
  "n",
  "N",
  "v",
  "k",
 "kW",
 "^H",
"^HW",
  "w",
  "&",
  "z",
  "Z",
  "y",
  "d",
  "d",
  "j",
  "g",
 "gW",
  "g",
  "T",
  "C",
  "P",
 "^S",
 "^t",
  "f",
  "p",
};

unsigned char*
EdVowelHash[8] =
{
  "v", "u", "i", "a", "e", "I", "o", "Wa"
};

unsigned char*
EdPunctHash[8] =
{
  ":", ".",  "",  ";", ",", "", "?", ""
};

#endif /* USE_ED_TABLE || USE_ALL_TABLES */

#endif  /* ED_MAP */

