/* This is part of the LibEth library, an ANSI C library for Ethiopic
   text and information processing (http://libeth.netpedia.net).
   Copyright (C) 1995-1998 Daniel Yacob.

   This library is free software; you can redistribute it and/or
   modify it under the terms of the GNU Library General Public
   License as published by the Free Software Foundation; either
   version 2 of the License, or (at your option) any later version.

   This library is distributed in the hope that it will be useful,
   but WITHOUT ANY WARRANTY; without even the implied warranty of
   MERCHANTABILITY or FITNESS FOR A PARTICULAR PURPOSE.  See the GNU
   Library General Public License for more details.

   You should have received a copy of the GNU Library General Public
   License along with this library; if not, write to the Free
   Foundation, Inc., 59 Temple Place, Suite 330, Boston, MA  02111-1307  USA
*/

#ifndef ETHIOWALIA_MAP
#define ETHIOWALIA_MAP  1

#ifndef SUPPORT_ETHIOWALIA
#  define SUPPORT_ETHIOWALIA 1
#endif /* SUPPORT_ETHIOWALIA */

#ifndef MAPTYPES_H
#  include "maptypes.h"
#endif /* MAPTYPES_H */

#ifndef ETHIOWALIA_H
#  include "ethiowalia.h"
#endif /* ETHIOWALIA_H */

#define NUM_ETHIOWALIA 1
#define ETHIOWALIASETLENGTH 1
unsigned char* EthioWaliaTTFNames[NUM_ETHIOWALIA] = { 
    "AMH3"
};
char* EthioWaliaRTFPrefix[] = { 
    "\\fswiss\\fprq2"
};


LETCHAR EthioWaliaFidel[UNITOTAL] =
       {
/*  he  */  {"u", NOCH, SET0},  {"u", SETWAL_Uru, SET0},  {"\xeb", SETWAL_Ir, SET0},  {"\xeb", NOCH, SET0},  {"\xeb", SETWAL_Er, SET0},  {"\xec", NOCH, SET0},  {"\xed", NOCH, SET0},    {NOCH, NOCH, NOCH},  
/*  le  */  {"l", NOCH, SET0},  {"l", SETWAL_Uru, SET0},  {"l", SETWAL_Ir, SET0},  {"\xcd", NOCH, SET0},  {"l", SETWAL_Er, SET0},  {"\xce", NOCH, SET0},  {"\xcf", NOCH, SET0},  {"\xcd", SETWAL_War, SET0},  
/*  He  */  {"h", NOCH, SET0},  {"h", SETWAL_Urd, SET0},  {"h", SETWAL_Ir, SET0},  {"\xc1", NOCH, SET0},  {"h", SETWAL_Er, SET0},  {"\xc2", NOCH, SET0},  {"\xc3", NOCH, SET0},  {"\xc1", SETWAL_War, SET0},  
/*  me  */  {"m", NOCH, SET0},  {"m", SETWAL_Uru, SET0},  {"\xd0", SETWAL_Ir, SET0},  {"\xd0", NOCH, SET0},  {"\xd0", SETWAL_Er, SET0},  {"\xd1", NOCH, SET0},  {"\xd2", NOCH, SET0},  {"\xd0", SETWAL_War, SET0},  
/* `se  */  {"c", NOCH, SET0},  {"c", SETWAL_Uru, SET0},  {"\xaf", SETWAL_Ir, SET0},  {"\xaf", NOCH, SET0},  {"\xaf", SETWAL_Er, SET0},  {"\xb0", NOCH, SET0},  {"\xb1", NOCH, SET0},  {"\xaf", SETWAL_War, SET0},  
/*  re  */  {"r", NOCH, SET0},  {"\xdf", NOCH, SET0},  {"\xe0", NOCH, SET0},  {"\xe1", NOCH, SET0},  {"\xe2", NOCH, SET0},  {"\xe3", NOCH, SET0},  {"\xe4", NOCH, SET0},  {"\xe1S", NOCH, SET0},  
/*  se  */  {"s", NOCH, SET0},  {"s", SETWAL_Uru, SET0},  {"s", SETWAL_Ir, SET0},  {"\xe5", NOCH, SET0},  {"s", SETWAL_Er, SET0},  {"\xe6", NOCH, SET0},  {"\xe7", NOCH, SET0},  {"\xe5", SETWAL_War, SET0},  
/*  xe  */  {"sS", NOCH, SET0},  {"sS", SETWAL_Uru, SET0},  {"sS", SETWAL_Ir, SET0},  {"\xe5S", NOCH, SET0},  {"sS", SETWAL_Er, SET0},  {"\xe6S", NOCH, SET0},  {"\xe7S", NOCH, SET0},  {"\xe5S", SETWAL_War, SET0},  
/*  qe  */  {"q", NOCH, SET0},  {"q", SETWAL_Ul, SET0},  {"q", SETWAL_Il, SET0},  {"\xdc", NOCH, SET0},  {"q", SETWAL_El, SET0},  {"\xdd", NOCH, SET0},  {"\xde", NOCH, SET0},    {NOCH, NOCH, NOCH},  
/* qWe  */  {"q", SETWAL_Wer, SET0},    {NOCH, NOCH, NOCH},  {"q", SETWAL_Wrd, SET0},  {"q", SETWAL_Wal, SET0},  {"q", SETWAL_WEl, SET0},  {"q", SETWAL_Wr, SET0},    {NOCH, NOCH, NOCH},    {NOCH, NOCH, NOCH},  
/*  Qe  */  {"qS", NOCH, SET0},  {"qS", SETWAL_Ul, SET0},  {"qS", SETWAL_Il, SET0},  {"\xdcS", NOCH, SET0},  {"qS", SETWAL_El, SET0},  {"\xddR", NOCH, SET0},  {"\xdeS", NOCH, SET0},    {NOCH, NOCH, NOCH},  
/* QWe  */  {"qS", SETWAL_Wer, SET0},    {NOCH, NOCH, NOCH},  {"qS", SETWAL_Wrd, SET0},  {"qS", SETWAL_Wal, SET0},  {"qS", SETWAL_WEl, SET0},  {"qS", SETWAL_Wr, SET0},    {NOCH, NOCH, NOCH},    {NOCH, NOCH, NOCH},  
/*  be  */  {"b", NOCH, SET0},  {"b", SETWAL_Uru, SET0},  {"b", SETWAL_Ir, SET0},  {"\xbb", NOCH, SET0},  {"b", SETWAL_Er, SET0},  {"\xbc", NOCH, SET0},  {"\xbd", NOCH, SET0},  {"\xbb", SETWAL_War, SET0},  
/*  ve  */  {"bS", NOCH, SET0},  {"bS", SETWAL_Uru, SET0},  {"bS", SETWAL_Ir, SET0},  {"\xbbS", NOCH, SET0},  {"bS", SETWAL_Er, SET0},  {"\xbcS", NOCH, SET0},  {"\xbdS", NOCH, SET0},  {"\xbbS", SETWAL_War, SET0},  
/*  te  */  {"t", NOCH, SET0},  {"t", SETWAL_Ul, SET0},  {"t", SETWAL_Il, SET0},  {"\xe8", NOCH, SET0},  {"t", SETWAL_El, SET0},  {"\xe9", NOCH, SET0},  {"\xea", NOCH, SET0},  {"t", SETWAL_Wal, SET0},  
/*  ce  */  {"tS", NOCH, SET0},  {"tS", SETWAL_Ul, SET0},  {"tS", SETWAL_Il, SET0},  {"\xe8R", NOCH, SET0},  {"tS", SETWAL_El, SET0},  {"\xe9R", NOCH, SET0},  {"\xeaS", NOCH, SET0},  {"tS", SETWAL_Wal, SET0},  
/* `he  */  {"i", NOCH, SET0},  {"i", SETWAL_Uru, SET0},  {"i", SETWAL_Ir, SET0},  {"\xc4", NOCH, SET0},  {"i", SETWAL_Er, SET0},  {"\xc5", NOCH, SET0},  {"\xc6", NOCH, SET0},    {NOCH, NOCH, NOCH},  
/* hWe  */  {"i", SETWAL_Wel, SET0},    {NOCH, NOCH, NOCH},  {"i", SETWAL_Wrd, SET0},  {"i", SETWAL_War, SET0},  {"i", SETWAL_WEr, SET0},  {"i", SETWAL_Wr, SET0},    {NOCH, NOCH, NOCH},    {NOCH, NOCH, NOCH},  
/*  ne  */  {"n", NOCH, SET0},  {"n", SETWAL_Urd, SET0},  {"n", SETWAL_Ir, SET0},  {"\xd3", NOCH, SET0},  {"n", SETWAL_Er, SET0},  {"\xd4", NOCH, SET0},  {"\xd5", NOCH, SET0},  {"\xd3", SETWAL_War, SET0},  
/*  Ne  */  {"nT", NOCH, SET0},  {"nT", SETWAL_Urd, SET0},  {"nT", SETWAL_Ir, SET0},  {"\xd3U", NOCH, SET0},  {"nT", SETWAL_Er, SET0},  {"\xd4U", NOCH, SET0},  {"\xd5U", NOCH, SET0},  {"\xd3U", SETWAL_War, SET0},  
/*   e  */  {"a", NOCH, SET0},  {"a", SETWAL_Urd, SET0},  {"a", SETWAL_Ir, SET0},  {"\xb2", NOCH, SET0},  {"a", SETWAL_Er, SET0},  {"\xb3", NOCH, SET0},  {"\xb4", NOCH, SET0},  {"aS", NOCH, SET0},  
/*  ke  */  {"k", NOCH, SET0},  {"k", SETWAL_Uru, SET0},  {"k", SETWAL_Ir, SET0},  {"\xca", NOCH, SET0},  {"k", SETWAL_Er, SET0},  {"\xcb", NOCH, SET0},  {"\xcc", NOCH, SET0},    {NOCH, NOCH, NOCH},  
/* kWe  */  {"k", SETWAL_Wel, SET0},    {NOCH, NOCH, NOCH},  {"k", SETWAL_Wi, SET0},  {"\xca", SETWAL_War, SET0},  {"\xca", SETWAL_WEr, SET0},  {"k", SETWAL_Wr, SET0},    {NOCH, NOCH, NOCH},    {NOCH, NOCH, NOCH},  
/*  Ke  */  {"kR", NOCH, SET0},  {"kR", SETWAL_Uru, SET0},  {"kR", SETWAL_Ir, SET0},  {"\xcaR", NOCH, SET0},  {"kR", SETWAL_Er, SET0},  {"\xcbR", NOCH, SET0},  {"\xccR", NOCH, SET0},    {NOCH, NOCH, NOCH},  
/* KWe  */  {"kR", SETWAL_Wel, SET0},   {NOCH, NOCH, NOCH},   {"kR", SETWAL_Wi, SET0},  {"\xcaR", SETWAL_War, SET0},   {"\xcaR", SETWAL_WEr, SET0},  {"kR", SETWAL_Wr, SET0},    {NOCH, NOCH, NOCH},   {NOCH, NOCH, NOCH},  
/*  we  */  {"w", NOCH, SET0},  {"w", SETWAL_Ul, SET0},  {"\xf1", SETWAL_Il, SET0},  {"\xf1", NOCH, SET0},  {"\xf1", SETWAL_El, SET0},  {"w", SETWAL_Urux, SET0},  {"\xf3", NOCH, SET0},  {NOCH, NOCH, NOCH},  
/*  `e  */  {"o", NOCH, SET0},  {"o", SETWAL_Uru, SET0},  {"\xd6", SETWAL_Ir, SET0},  {"\xd6", NOCH, SET0},  {"\xd6", SETWAL_El, SET0},  {"\xd7", NOCH, SET0},  {"\xd8", NOCH, SET0}, {NOCH, NOCH, NOCH}, 
/*  ze  */  {"z", NOCH, SET0},  {"z", SETWAL_Uru, SET0},  {"z", SETWAL_Ir, SET0},  {"\xfd", NOCH, SET0},  {"z", SETWAL_Er, SET0},  {"\xfe", NOCH, SET0},  {"\xff", NOCH, SET0},  {"\xfd", SETWAL_War, SET0},  
/*  Ze  */  {"j", NOCH, SET0},  {"j", SETWAL_Ul, SET0},  {"j", SETWAL_Il, SET0},  {"\xc7", NOCH, SET0},  {"j", SETWAL_El, SET0},  {"\xc8", NOCH, SET0},  {"\xc9", NOCH, SET0},  {"\xc7", SETWAL_War, SET0},  
/*  ye  */  {"y", NOCH, SET0},  {"y", SETWAL_Ul, SET0},  {"\xf8", NOCH, SET0},  {"\xf9", NOCH, SET0},  {"\xfa", NOCH, SET0},  {"\xfb", NOCH, SET0},  {"\xfc", NOCH, SET0},  {"yU", NOCH, SET0},  
/*  de  */  {"d", NOCH, SET0},  {"d", SETWAL_Urd, SET0},  {"d", SETWAL_Ir, SET0},  {"\xab", NOCH, SET0},  {"\xac", NOCH, SET0},  {"\xad", NOCH, SET0},  {"\xae", NOCH, SET0},  {"\xab", SETWAL_War, SET0},  
/*  De  */  {"dJ", NOCH, SET0},  {"dJ", SETWAL_Urd, SET0},  {"dJ", SETWAL_Ir, SET0},  {"\xabJ", NOCH, SET0},  {"\xacJ", NOCH, SET0},  {"\xadJ", NOCH, SET0},  {"\xaeJ", NOCH, SET0},  {"\xabJ", SETWAL_War, SET0},  
/*  je  */  {"dU", NOCH, SET0},  {"dU", SETWAL_Urd, SET0},  {"dU", SETWAL_Ir, SET0},  {"\xabU", NOCH, SET0},  {"\xacU", NOCH, SET0},  {"\xadU", NOCH, SET0},  {"\xaeU", NOCH, SET0},  {"\xabU", SETWAL_War, SET0},  
/*  ge  */  {"g", NOCH, SET0},  {"g", SETWAL_Ul, SET0},  {"g", SETWAL_Il, SET0},  {"\xbe", NOCH, SET0},  {"g", SETWAL_El, SET0},  {"\xbf", NOCH, SET0},  {"\xc0", NOCH, SET0},    {NOCH, NOCH, NOCH},  
/* gWe  */  {"g", SETWAL_Wer, SET0},    {NOCH, NOCH, NOCH},  {"g", SETWAL_Wi, SET0},    {"g", SETWAL_Wal, SET0},  {"g", SETWAL_WEl, SET0},  {"g", SETWAL_Wr, SET0},    {NOCH, NOCH, NOCH},    {NOCH, NOCH, NOCH},  
/*  Ge  */  {"gR", NOCH, SET0},  {"gR", SETWAL_Ul, SET0},  {"gR", SETWAL_Il, SET0},  {"\xbeR", NOCH, SET0},  {"gR", SETWAL_El, SET0},  {"\xbfR", NOCH, SET0},  {"\xc0R", NOCH, SET0},    {NOCH, NOCH, NOCH},  
/*  Te  */  {"e", NOCH, SET0},  {"e", SETWAL_Uru, SET0},  {"e", SETWAL_Ir, SET0},  {"\xa8", NOCH, SET0},  {"e", SETWAL_Er, SET0},  {"\xa9", NOCH, SET0},  {"\xaa", NOCH, SET0},  {"\xa8", SETWAL_Wal, SET0},  
/*  Ce  */  {"x", NOCH, SET0},  {"x", SETWAL_Uru, SET0},  {"\xf4", NOCH, SET0},  {"\xf5", NOCH, SET0},  {"x", SETWAL_Wel, SET0},  {"\xf6", NOCH, SET0},  {"\xf7", NOCH, SET0},  {"\xf2", NOCH, SET0},  
/*  Pe  */  {"vJ", NOCH, SET0},  {"vJ", SETWAL_Urd, SET0},  {"vJ", SETWAL_Ir, SET0},  {"\xeeJ", NOCH, SET0},  {"vJ", SETWAL_Er, SET0},  {"\xefJ", NOCH, SET0},  {"\xf0J", NOCH, SET0},  {"\xeeJ", SETWAL_War, SET0},  
/*  Se  */  {"v", NOCH, SET0},  {"v", SETWAL_Urd, SET0},  {"v", SETWAL_Ir, SET0},  {"\xee", NOCH, SET0},  {"v", SETWAL_Er, SET0},  {"\xef", NOCH, SET0},  {"\xf0", NOCH, SET0},  {"\xee", SETWAL_War, SET0},  
/*  `Se  */  {"oP", NOCH, SET0},  {"oP", SETWAL_Uru, SET0},  {"\xd6Q", SETWAL_Ir, SET0},  {"\xd6Q", NOCH, SET0},  {"\xd6Q", SETWAL_El, SET0},  {"\xd7P", NOCH, SET0},  {"\xd8Q", NOCH, SET0}, {NOCH, NOCH, NOCH}, 
/*  fe  */  {"f", NOCH, SET0},  {"\xb5", NOCH, SET0},  {"\x84", NOCH, SET0},  {"\x82", NOCH, SET0},  {"\xb8", NOCH, SET0},  {"\xb9", NOCH, SET0},  {"\xba", NOCH, SET0},  {"\x82", SETWAL_Wal, SET0}, 
/*  pe  */  {"p", NOCH, SET0},  {"p", SETWAL_Ul, SET0},  {"p", SETWAL_Il, SET0},  {"\xd9", NOCH, SET0},  {"p", SETWAL_El, SET0},  {"\xda", NOCH, SET0},  {"\xdb", NOCH, SET0},  {"p", SETWAL_Wal, SET0},  

          {"\xd0U", NOCH, NOCH}, {"\xe0U", NOCH, NOCH}, {"\x82U", NOCH, NOCH}, {NOCH, NOCH, NOCH}, {NOCH, NOCH, NOCH}, {NOCH, NOCH, NOCH}, {NOCH, NOCH, NOCH}, {NOCH, NOCH, NOCH},

          {NOCH, NOCH, NOCH}, {NOCH, NOCH, NOCH}, {"\xb6", NOCH, SET0}, {NOCH, NOCH, NOCH}, {NOCH, NOCH, NOCH}, {"\xb7", NOCH, SET0}, {"\xb8", NOCH, SET0}, {NOCH, NOCH, NOCH}, {NOCH, NOCH, NOCH},


          {"\x92", NOCH, SET0}, {"\x93", NOCH, SET0}, {"\x94", NOCH, SET0}, {"\x95", NOCH, SET0}, {"\x96", NOCH, SET0}, {"\x97", NOCH, SET0}, {"\x98", NOCH, SET0}, {"\x99", NOCH, SET0}, {"\x9a", NOCH, SET0}, {"\x9b",  NOCH, SET0}, 
          {"\x9c",  NOCH, SET0}, {"\x9f",  NOCH, SET0}, {"\xa0",  NOCH, SET0}, {"\xa1",  NOCH, SET0}, {"\xa2",  NOCH, SET0}, {"\xa3",  NOCH, SET0}, {"\xa4",  NOCH, SET0}, {"\xa5",  NOCH, SET0}, {"\xa6", NOCH, SET0}, {"\xa7", NOCH, SET0}, 
          {NOCH, NOCH, NOCH}, {NOCH, NOCH, NOCH}, {NOCH, NOCH, NOCH}, 

  
          {NOCH, NOCH, NOCH}, {NOCH, NOCH, NOCH}, {NOCH, NOCH, NOCH}, {NOCH, NOCH, NOCH}, {NOCH, NOCH, NOCH}, {NOCH, NOCH, NOCH}, {NOCH, NOCH, NOCH}, {NOCH, NOCH, NOCH},
          {NOCH, NOCH, NOCH}, {NOCH, NOCH, NOCH}, {NOCH, NOCH, NOCH}, {NOCH, NOCH, NOCH}, {NOCH, NOCH, NOCH}, {NOCH, NOCH, NOCH}, {NOCH, NOCH, NOCH}, {NOCH, NOCH, NOCH},
          {NOCH, NOCH, NOCH}, {NOCH, NOCH, NOCH}, {NOCH, NOCH, NOCH}, {NOCH, NOCH, NOCH}, {NOCH, NOCH, NOCH}, {NOCH, NOCH, NOCH}, {NOCH, NOCH, NOCH}, {NOCH, NOCH, NOCH},
          {NOCH, NOCH, NOCH}, {NOCH, NOCH, NOCH}, {NOCH, NOCH, NOCH}, {NOCH, NOCH, NOCH}, {NOCH, NOCH, NOCH}, {NOCH, NOCH, NOCH}, {NOCH, NOCH, NOCH}, {NOCH, NOCH, NOCH},
          {NOCH, NOCH, NOCH}, {NOCH, NOCH, NOCH}, {NOCH, NOCH, NOCH}, {NOCH, NOCH, NOCH}, {NOCH, NOCH, NOCH}, {NOCH, NOCH, NOCH}, {NOCH, NOCH, NOCH}, {NOCH, NOCH, NOCH},
          {NOCH, NOCH, NOCH}, {NOCH, NOCH, NOCH}, {NOCH, NOCH, NOCH}, {NOCH, NOCH, NOCH}, {NOCH, NOCH, NOCH}, {NOCH, NOCH, NOCH}, {NOCH, NOCH, NOCH}, {NOCH, NOCH, NOCH},
          {NOCH, NOCH, NOCH}, {NOCH, NOCH, NOCH}, {NOCH, NOCH, NOCH}, {NOCH, NOCH, NOCH}, {NOCH, NOCH, NOCH}, {NOCH, NOCH, NOCH}, {NOCH, NOCH, NOCH}, {NOCH, NOCH, NOCH},
          {NOCH, NOCH, NOCH}, {NOCH, NOCH, NOCH}, {NOCH, NOCH, NOCH}, {NOCH, NOCH, NOCH}, {NOCH, NOCH, NOCH}, {NOCH, NOCH, NOCH}, {NOCH, NOCH, NOCH}, {NOCH, NOCH, NOCH},


          {NOCH, NOCH, NOCH}, {NOCH, NOCH, NOCH}, {NOCH, NOCH, NOCH}, {NOCH, NOCH, NOCH}, {NOCH, NOCH, NOCH}, {NOCH, NOCH, NOCH}, {NOCH, NOCH, NOCH}, {NOCH, NOCH, NOCH}, {NOCH, NOCH, NOCH}, {NOCH, NOCH, NOCH},
          {NOCH, NOCH, NOCH}, {NOCH, NOCH, NOCH}, {"\x2e", NOCH, SET0}, {NOCH, NOCH, NOCH}, {NOCH, NOCH, NOCH}, {"\x3f", NOCH, SET0}

};



int EthioWaliaHashTable[224] = {

/*        ,      !,      ",      #,      $,      %,      &,      ',      (,      ),      *,      +,      ,,      -,      .,      /, */
    0x0000, 0x0002, 0x0002, 0x0002, 0x0002, 0x0002, 0x0002, 0x0002, 0x0002, 0x0002, 0x0002, 0x0002, 0x0002, 0x0000, 0x0002, 0x0002,

/*       0,      1,      2,      3,      4,      5,      6,      7,      8,      9,      :,      ;,      <,      =,      >,      ?, */
    0x0002, 0x0002, 0x0002, 0x0002, 0x0002, 0x0002, 0x0002, 0x0002, 0x0002, 0x0002, 0x0002, 0x0002, 0x0002, 0x0002, 0x0002, 0x0002,

/*       @,      A,      B,      C,      D,      E,      F,      G,      H,      I,      J,      K,      L,      M,      N,      O, */
    0x0002, 0x0001, 0x0001, 0x0001, 0x0001, 0x0001, 0x0001, 0x0001, 0x0001, 0x0001, 0x0001, 0x0001, 0x0001, 0x0001, 0x0001, 0x0001,

/*       P,      Q,      R,      S,      T,      U,      V,      W,      X,      Y,      Z,      [,      \,      ],      ^,      _, */
    0x0001, 0x0001, 0x0001, 0x0001, 0x0001, 0x0001, 0x0001, 0x0001, 0x0001, 0x0001, 0x0001, 0x0002, 0x0002, 0x0002, 0x0002, 0x0002,

/*       `,      a,      b,      c,      d,      e,      f,      g,      h,      i,      j,      k,      l,      m,      n,      o, */
    0x0000, 0x12a0, 0x1260, 0x1220, 0x12f0, 0x1320, 0x1348, 0x1308, 0x1210, 0x1280, 0x12e0, 0x12a8, 0x1208, 0x1218, 0x1290, 0x12d0,

/*       p,      q,      r,      s,      t,      u,      v,      w,      x,      y,      z,      {,      |,      },      ~,      , */
    0x1350, 0x1240, 0x1228, 0x1230, 0x1270, 0x1200, 0x1330, 0x0000, 0x1328, 0x12e8, 0x12d8, 0x0002, 0x0002, 0x0002, 0x0002, 0x0000,

/*    0x80,   0x81,   0x82,   0x83,   0x84,   0x85,   0x86,   0x87,   0x88,   0x89,   0x8a,   0x8b,   0x8c,   0x8d,   0x8e,   0x8f, */
    0x0000, 0x0000, 0x134b, 0x0000, 0x134a, 0x0000, 0x0000, 0x0000, 0x0000, 0x0000, 0x0000, 0x0000, 0x0000, 0x0000, 0x0000, 0x0000,

/*    0x90,   0x91,   0x92,   0x93,   0x94,   0x95,   0x96,   0x97,   0x98,   0x99,   0x9a,   0x9b,   0x9c,   0x9d,   0x9e,   0x9f, */
    0x0000, 0x0000, 0x1369, 0x136a, 0x136b, 0x136c, 0x136d, 0x136e, 0x136f, 0x1370, 0x1371, 0x1372, 0x1373, 0x0000, 0x0000, 0x1374,

/*    0xa0,      ¡,      ¢,      £,      ¤,      ¥,      ¦,      §,      ¨,      ©,      ª,      «,      ¬,      ­,      ®,      ¯, */
    0x1375, 0x1376, 0x1377, 0x1378, 0x1379, 0x137a, 0x137b, 0x137c, 0x1323, 0x1325, 0x1326, 0x12f3, 0x12f4, 0x12f5, 0x12f6, 0x1223,

/*       °,      ±,      ²,      ³,      ´,      µ,      ¶,      ·,      ¸,      ¹,      º,      »,      ¼,      ½,      ¾,      ¿, */
    0x1225, 0x1226, 0x12a3, 0x12a5, 0x12a6, 0x1349, 0x1362, 0x1365, 0x134c, 0x134d, 0x134e, 0x1263, 0x1265, 0x1266, 0x130b, 0x130d,

/*       À,      Á,      Â,      Ã,      Ä,      Å,      Æ,      Ç,      È,      É,      Ê,      Ë,      Ì,      Í,      Î,      Ï, */
    0x130e, 0x1213, 0x1215, 0x1216, 0x1283, 0x1285, 0x1286, 0x12e3, 0x12e5, 0x12e6, 0x12ab, 0x12ad, 0x12ae, 0x120b, 0x120d, 0x120e,

/*       Ð,      Ñ,      Ò,      Ó,      Ô,      Õ,      Ö,      ×,      Ø,      Ù,      Ú,      Û,      Ü,      Ý,      Þ,      ß, */
    0x121b, 0x121d, 0x121e, 0x1293, 0x1295, 0x1296, 0x12d3, 0x12d5, 0x12d6, 0x1353, 0x1355, 0x1356, 0x1243, 0x1245, 0x1246, 0x1229,

/*       à,      á,      â,      ã,      ä,      å,      æ,      ç,      è,      é,      ê,      ë,      ì,      í,      î,      ï, */
    0x122a, 0x122b, 0x122c, 0x122d, 0x122e, 0x1233, 0x1235, 0x1236, 0x1273, 0x1275, 0x1276, 0x1203, 0x1205, 0x1206, 0x1333, 0x1335,

/*       ð,      ñ,      ò,      ó,      ô,      õ,      ö,      ÷,      ø,      ù,      ú,      û,      ü,      ý,      þ,      ÿ, */
    0x1336, 0x12ca, 0x132f, 0x12cd, 0x132a, 0x132b, 0x132d, 0x132e, 0x12ea, 0x12eb, 0x12ec, 0x12ed, 0x12ee, 0x12db, 0x12dd, 0x12de,

};


#endif  /* ETHIOWALIA_MAP */
