/* This is part of the LibEth library, an ANSI C library for Ethiopic
   text and information processing (http://libeth.netpedia.net).
   Copyright (C) 1995-1998 Daniel Yacob.

   This library is free software; you can redistribute it and/or
   modify it under the terms of the GNU Library General Public
   License as published by the Free Software Foundation; either
   version 2 of the License, or (at your option) any later version.

   This library is distributed in the hope that it will be useful,
   but WITHOUT ANY WARRANTY; without even the implied warranty of
   MERCHANTABILITY or FITNESS FOR A PARTICULAR PURPOSE.  See the GNU
   Library General Public License for more details.

   You should have received a copy of the GNU Library General Public
   License along with this library; if not, write to the Free
   Foundation, Inc., 59 Temple Place, Suite 330, Boston, MA  02111-1307  USA
*/

#ifndef MAINZ_MAP
#define MAINZ_MAP  1

#ifndef SUPPORT_MAINZ
#  define SUPPORT_MAINZ 1
#endif /* SUPPORT_MAINZ */

#ifndef MAPTYPES_H
#  include "maptypes.h"
#endif /* MAPTYPES_H */

#ifndef MAINZ_H
#  include "mainz.h"
#endif /* SUPPORT_H */


unsigned char*
MainzFidelHash[] = 
{
  "h",
  "l",
  "H",
  "m",
  "M",
  "r",
  "s",
  "S",
  "q",
 "qW",
  "Q",
 "QW",
  "b",
  "B",
  "t",
  "T",
  "X",
 "hW",
  "n",
  "N",
  "E",
  "k",
 "kW",
  "K",
 "KW",
  "w",
  "O",
  "z",
  "Z",
  "y",
  "d",
"(d)",
  "D",
  "g",
 "gW",
"(g)",
  "c",
  "C",
  "P",
  "x",
  "G",
  "f",
  "p"
};


unsigned char
MainzVowelHash[8] =
{
  MAINZGIZ, MAINZKAIB, MAINZSALS, MAINZRABI, MAINZHAMS, MAINZSADS, MAINZSABI, MAINZDIQALA
};


#define MAINZHASHBASE '!'
#define MAINZHASHTOP  'z'

FCHAR
MainzHash   []  =
{
  /*  '!'  =>  */   SAFEANSI,
  /*  '"'  =>  */   SAFEANSI,
  /*  '#'  =>  */   SAFEANSI,
  /*  '$'  =>  */   SAFEANSI,
  /*  '%'  =>  */   SAFEANSI,
  /*  '&'  =>  */   SAFEANSI,
  /*  '\'' =>  */   SAFEANSI,
  /*  '('  =>  */   SAFEANSI,
  /*  ')'  =>  */   SAFEANSI,
  /*  '*'  =>  */   SAFEANSI,
  /*  '+'  =>  */   SAFEANSI,
  /*  ','  =>  */   COMMA,
  /*  '-'  =>  */   MAINZPUNCT,
  /*  '.'  =>  */   NETEB,
  /*  '/'  =>  */   SAFEANSI,
  /*  '0'  =>  */   SAFEANSI,
  /*  '1'  =>  */   SAFEANSI,
  /*  '2'  =>  */   SAFEANSI,
  /*  '3'  =>  */   SAFEANSI,
  /*  '4'  =>  */   SAFEANSI,
  /*  '5'  =>  */   SAFEANSI,
  /*  '6'  =>  */   SAFEANSI,
  /*  '7'  =>  */   SAFEANSI,
  /*  '8'  =>  */   SAFEANSI,
  /*  '9'  =>  */   SAFEANSI,
  /*  ':'  =>  */   MAINZPUNCT,
  /*  ';'  =>  */   SEMICOLON,
  /*  '<'  =>  */   MAINZPUNCT,
  /*  '='  =>  */   SAFEANSI,
  /*  '>'  =>  */   MAINZPUNCT,
  /*  '?'  =>  */   EQUESTIONMARK,
  /*  '@'  =>  */   SAFEANSI,
  /*  'A'  =>  */  RABI,
  /*  'B'  =>  */   VAE,
  /*  'C'  =>  */  CHAE,
  /*  'D'  =>  */   JAE,
  /*  'E'  =>  */    AE,
  /*  'F'  =>  */   'F',
  /*  'G'  =>  */ TSZAE,
  /*  'H'  =>  */  HHAE,
  /*  'I'  =>  */   'I',
  /*  'J'  =>  */   'J',
  /*  'K'  =>  */  KHAE,
  /*  'L'  =>  */   'L',
  /*  'M'  =>  */  SZAE,
  /*  'N'  =>  */  NYAE,
  /*  'O'  =>  */   OAE,
  /*  'P'  =>  */  PHAE,
  /*  'Q'  =>  */  QXAE,
  /*  'R'  =>  */   'R',
  /*  'S'  =>  */  SHAE,
  /*  'T'  =>  */   CAE,
  /*  'U'  =>  */   'U',
  /*  'V'  =>  */   'V',
  /*  'W'  =>  */  DIQALA,
  /*  'X'  =>  */  HZAE,
  /*  'Y'  =>  */   YAE,
  /*  'Z'  =>  */  ZHAE,
  /*  '['  =>  */  SAFEANSI,
  /*  '\\' =>  */  SAFEANSI,
  /*  ']'  =>  */  SAFEANSI,
  /*  '^'  =>  */  SAFEANSI,
  /*  '_'  =>  */  SAFEANSI,
  /*  '`'  =>  */  SAFEANSI,
  /*  'a'  =>  */   GIZ,
  /*  'b'  =>  */   BAE,
  /*  'c'  =>  */  THAE,
  /*  'd'  =>  */   DAE,
  /*  'e'  =>  */  HAMS,
  /*  'f'  =>  */   FAE,
  /*  'g'  =>  */   GAE,
  /*  'h'  =>  */   HAE,
  /*  'i'  =>  */  SALS,
  /*  'j'  =>  */  SADS,
  /*  'k'  =>  */   KAE,
  /*  'l'  =>  */   LAE,
  /*  'm'  =>  */   MAE,
  /*  'n'  =>  */   NAE,
  /*  'o'  =>  */  SABI,
  /*  'p'  =>  */   PAE,
  /*  'q'  =>  */   QAE,
  /*  'r'  =>  */   RAE,
  /*  's'  =>  */   SAE,
  /*  't'  =>  */   TAE,
  /*  'u'  =>  */  KAIB,
  /*  'v'  =>  */   'v',
  /*  'w'  =>  */   WAE,
  /*  'x'  =>  */  TSAE,
  /*  'y'  =>  */   YAE,
  /*  'z'  =>  */   ZAE,
};

#endif  /* MAINZ_MAP */
