/* This is part of the LibEth library, an ANSI C library for Ethiopic
   text and information processing (http://libeth.netpedia.net).
   Copyright (C) 1995-1998 Daniel Yacob.

   This library is free software; you can redistribute it and/or
   modify it under the terms of the GNU Library General Public
   License as published by the Free Software Foundation; either
   version 2 of the License, or (at your option) any later version.

   This library is distributed in the hope that it will be useful,
   but WITHOUT ANY WARRANTY; without even the implied warranty of
   MERCHANTABILITY or FITNESS FOR A PARTICULAR PURPOSE.  See the GNU
   Library General Public License for more details.

   You should have received a copy of the GNU Library General Public
   License along with this library; if not, write to the Free
   Foundation, Inc., 59 Temple Place, Suite 330, Boston, MA  02111-1307  USA
*/

#ifndef MONOTYPE_MAP
#define MONOTYPE_MAP 1

#ifndef SUPPORT_MONOTYPE
#  define SUPPORT_MONOTYPE 1
#endif /* SUPPORT_MONOTYPE */

#ifndef MAPTYPES_H
#  include "maptypes.h"
#endif /* MAPTYPES_H */

#ifndef MONOTYPE_H
#  include "monotype.h"
#endif /* MONOTYPE_H */

#define NUM_MONOTYPE 8
#define MONOTYPESETLENGTH 3 
unsigned char* MonoTypeTTFNames[NUM_MONOTYPE] = { 
    "Amharic 1",
    "Amharic 2",
    "Amharic 3",
    "Amharic Book 1",
    "Amharic Book 2",
    "Amharic Book 3",
    "Amharic_Alt",
    "Amharic_Num"
};
char* MonoTypeRTFPrefix[2] = { 
    "\\fnil\\fprq2\\fcharset2",
    "\\fnil\\fprq2"
};


LETCHAR MonoTypeAltFidel[UNITOTAL] = 
       {
/*  he  */  {"\x21", NOCH, SET0},   {"\x21", SMTA_ur, SET0},   {"\x22", SMTA_ir, SET0},  {"\x22", NOCH, SET0},  {"\x23", SMTA_Em, SET0},  {"\x24", NOCH, SET0},  {"\x25", NOCH, SET0},            {NOCH, NOCH, NOCH},
/*  le  */  {"\x26", NOCH, SET0},   {"\x26", SMTA_ur, SET0},   {"\x26", SMTA_ir, SET0},  {"\x27", NOCH, SET0},  {"\x26", SMTA_Er, SET0},  {"\x28", NOCH, SET0},  {"\x26", SMTA_Wer, SET0},  {"\x27", SMTA_War, SET0},
/*  He  */  {"\x29", NOCH, SET0},   {"\x2a", SMTA_ur, SET0},   {"\x29", SMTA_ir, SET0},  {"\x2b", NOCH, SET0},  {"\x29", SMTA_Er, SET0},  {"\x2c", NOCH, SET0},  {"\x2d", NOCH, SET0},      {"\x2b", SMTA_War, SET0},
/*  me  */  {"\x2e", NOCH, SET0},  {"\x2e", SMTA_urc, SET0},   {"\x2f", SMTA_ir, SET0},  {"\x2f", NOCH, SET0},  {"\x2f", SMTA_Em, SET0},  {"\x30", NOCH, SET0},  {"\x31", NOCH, SET0},      {"\x2f", SMTA_Wal, SET0},
/* `se  */  {"\x32", NOCH, SET0},  {"\x32", SMTA_ulc, SET0},   {"\x33", SMTA_ir, SET0},  {"\x33", NOCH, SET0},  {"\x33", SMTA_Em, SET0},  {"\x34", NOCH, SET0},  {"\x35", NOCH, SET0},      {"\x33", SMTA_Wal, SET0},
/*  re  */  {"\x36", NOCH, SET0},      {"\x37", NOCH, SET0},      {"\x38", NOCH, SET0},  {"\x39", NOCH, SET0},     {"\x3a", NOCH, SET0},  {"\x3b", NOCH, SET0},  {"\x3c", NOCH, SET0},          {"\x3d", NOCH, SET0},
/*  se  */  {"\x3e", NOCH, SET0},   {"\x3e", SMTA_ur, SET0},   {"\x3e", SMTA_ir, SET0},  {"\x3f", NOCH, SET0},  {"\x3e", SMTA_Er, SET0},  {"\x40", NOCH, SET0},  {"\x41", NOCH, SET0},      {"\x3f", SMTA_War, SET0},
/*  xe  */  {"\x42", NOCH, SET0},   {"\x42", SMTA_ur, SET0},   {"\x42", SMTA_ir, SET0},  {"\x43", NOCH, SET0},  {"\x42", SMTA_Er, SET0},  {"\x44", NOCH, SET0},  {"\x45", NOCH, SET0},      {"\x43", SMTA_War, SET0},
/*  qe  */  {"\x46", NOCH, SET0},  {"\x46", SMTA_ulc, SET0},   {"\x46", SMTA_ir, SET0},  {"\x47", NOCH, SET0},  {"\x46", SMTA_El, SET0},  {"\x48", NOCH, SET0},  {"\x49", NOCH, SET0},            {NOCH, NOCH, SETD},
/* qWe  */  {"\x46", SMTA_Wel, NOCH},    {NOCH, NOCH, NOCH},    {"\x46", SMTA_Wi, NOCH},  {"\x4a", NOCH, SET0},     {"\x4b", NOCH, SET0},  {"\x46", SMTA_W, NOCH},    {NOCH, NOCH, NOCH},          {NOCH, NOCH, NOCH},
/*  Qe  */  {"\x4c", NOCH, SET0},  {"\xa3", SMTA_ulc, SET0},   {"\x4c", SMTA_ir, SET0},  {"\x4d", NOCH, SET0},  {"\x4c", SMTA_El, SET0},  {"\x4e", NOCH, SET0},  {"\x4f", NOCH, SET0},            {NOCH, NOCH, SETD},
/* QWe  */  {"\x4c", SMTA_Wel, NOCH},    {NOCH, NOCH, NOCH},   {"\x4c", SMTA_Wi, NOCH},  {"\x50", NOCH, SET0},       {NOCH, NOCH, NOCH},  {"\x4c", SMTA_W, NOCH},    {NOCH, NOCH, NOCH},          {NOCH, NOCH, NOCH},
/*  be  */  {"\x51", NOCH, SET0},   {"\x51", SMTA_ur, SET0},   {"\x51", SMTA_ir, SET0},  {"\x52", NOCH, SET0},  {"\x51", SMTA_Er, SET0},  {"\x53", NOCH, SET0},  {"\x54", NOCH, SET0},      {"\x52", SMTA_War, SET0},
/*  ve  */  {"\x55", NOCH, SET0},   {"\x55", SMTA_ur, SET0},   {"\x55", SMTA_ir, SET0},  {"\x56", NOCH, SET0},  {"\x55", SMTA_Er, SET0},  {"\x57", NOCH, SET0},  {"\x58", NOCH, SET0},      {"\x55", SMTA_War, SET0},
/*  te  */  {"\x59", NOCH, SET0},   {"\x59", SMTA_ul, SET0},   {"\x59", SMTA_ir, SET0},  {"\x5a", NOCH, SET0},  {"\x59", SMTA_El, SET0},  {"\x5b", NOCH, SET0},  {"\x5c", NOCH, SET0},      {"\x5d", SMTA_Wal, SET0},
/*  ce  */  {"\x5e", NOCH, SET0},   {"\x5e", SMTA_ul, SET0},   {"\x5e", SMTA_ir, SET0},  {"\x5f", NOCH, SET0},  {"\x5e", SMTA_El, SET0},  {"\x60", NOCH, SET0},  {"\x61", NOCH, SET0},      {"\x62", SMTA_Wal, SET0},
/* `he  */  {"\x63", NOCH, SET0},   {"\x63", SMTA_ur, SET0},   {"\x63", SMTA_ir, SET0},  {"\x64", NOCH, SET0},  {"\x63", SMTA_Er, SET0},  {"\x65", NOCH, SET0},  {"\x66", NOCH, SET0},            {NOCH, NOCH, SETD},
/* hWe  */  {"\x63",SMTA_Wer, NOCH},     {NOCH, NOCH, NOCH},   {"\x63", SMTA_Wi, NOCH},  {"\x67", NOCH, SET0},     {"\x68", NOCH, SET0},  {"\x63", SMTA_W, NOCH},  {NOCH, NOCH, NOCH},            {NOCH, NOCH, NOCH},
/*  ne  */  {"\x69", NOCH, SET0},   {"\x69", SMTA_um, SET0},   {"\x69", SMTA_ir, SET0},  {"\x6a", NOCH, SET0},  {"\x69", SMTA_Er, SET0},  {"\x6b", NOCH, SET0},  {"\x6c", NOCH, SET0},          {"\x6d", NOCH, SET0},
/*  Ne  */  {"\x6e", NOCH, SET0},   {"\x6e", SMTA_ul, SET0},   {"\x6e", SMTA_ir, SET0},  {"\x6f", NOCH, SET0},  {"\x6e", SMTA_El, SET0},  {"\x70", NOCH, SET0},  {"\x71", NOCH, SET0},          {"\x72", NOCH, SET0},
/*   e  */  {"\x73", NOCH, SET0},   {"\x73", SMTA_ur, SET0},   {"\x73", SMTA_ir, SET0},  {"\x74", NOCH, SET0},  {"\x73", SMTA_Er, SET0},  {"\x75", NOCH, SET0},  {"\x76", NOCH, SET0},          {"\x77", NOCH, SET0},
/*  ke  */  {"\x78", NOCH, SET0},   {"\x78", SMTA_ur, SET0},   {"\x78", SMTA_ir, SET0},  {"\x7b", NOCH, SET0},  {"\x78", SMTA_Er, SET0},  {"\x7a", NOCH, SET0},  {"\x7b", NOCH, SET0},            {NOCH, NOCH, SETD},
/* kWe  */  {"\x78", SMTA_Wer, NOCH},    {NOCH, NOCH, NOCH},   {"\x78", SMTA_Wi, NOCH},  {"\x7c", NOCH, SET0},     {"\x7d", NOCH, SET0},    {"\x73", SMTA_W, NOCH},    {NOCH, NOCH, NOCH},    {NOCH, NOCH, NOCH},
/*  Ke  */  {"\x7e", NOCH, SET0},   {"\x7e", SMTA_ur, SET0},   {"\x7e", SMTA_ir, SET0},  {"\x80", NOCH, SET0},  {"\x7e", SMTA_Er, SET0},  {"\x81", NOCH, SET0},  {"\x82", NOCH, SET0},            {NOCH, NOCH, SETD},
/* KWe  */  {"\x7e", SMTA_Wer, NOCH},    {NOCH, NOCH, NOCH},   {"\x7e", SMTA_Wi, NOCH},    {NOCH, NOCH, NOCH},       {NOCH, NOCH, NOCH},    {"\x7e", SMTA_W, NOCH},    {NOCH, NOCH, NOCH},    {NOCH, NOCH, NOCH},
/*  we  */  {"\x83", NOCH, SET0},      {"\x84", NOCH, SET0},  {"\x85", SMTA_ill, SET0},  {"\x85", NOCH, SET0},  {"\x85", SMTA_El, SET0},  {"\x86", NOCH, SET0},  {"\x87", NOCH, SET0},            {NOCH, NOCH, NOCH},
/*  `e  */  {"\x88", NOCH, SET0},   {"\x88", SMTA_ur, SET0},   {"\x89", SMTA_ir, SET0},  {"\x89", NOCH, SET0},  {"\x89", SMTA_Er, SET0},  {"\x8b", NOCH, SET0},  {"\x8b", NOCH, SET0},            {NOCH, NOCH, NOCH},
/*  ze  */  {"\x8c", NOCH, SET0},   {"\x8c", SMTA_ur, SET0},   {"\x8c", SMTA_ir, SET0},  {"\x8d", NOCH, SET0},  {"\x8c", SMTA_Er, SET0},  {"\x8e", NOCH, SET0},  {"\x8f", NOCH, SET0},      {"\x8d", SMTA_War, SET0},
/*  Ze  */  {"\x90", NOCH, SET0},   {"\x90", SMTA_ul, SET0},  {"\x90", SMTA_ill, SET0},  {"\xdb", NOCH, SET0},  {"\x90", SMTA_El, SET0},  {"\xdc", NOCH, SET0},  {"\xdd", NOCH, SET0},          {"\xd9", NOCH, SET0},
/*  ye  */  {"\xec", NOCH, SET0},      {"\x9c", NOCH, SET0},      {"\x95", NOCH, SET0},  {"\xf1", NOCH, SET0},     {"\x9d", NOCH, SET0},  {"\xf2", NOCH, SET0},  {"\xec", SMTA_yor, SET0},        {NOCH, NOCH, NOCH},
/*  de  */  {"\x98", NOCH, SET0},   {"\xa2", SMTA_ur, SET0},   {"\x99", SMTA_ir, SET0},  {"\x99", NOCH, SET0},  {"\x9a", SMTA_Er, SET0},  {"\x98", NOCH, SET0},  {"\x9b", NOCH, SET0},      {"\x98", SMTA_War, SET0},
/*  De  */    {NOCH, NOCH, NOCH},        {NOCH, NOCH, NOCH},        {NOCH, NOCH, NOCH},    {NOCH, NOCH, NOCH},       {NOCH, NOCH, NOCH},    {NOCH, NOCH, NOCH},    {NOCH, NOCH, NOCH}        ,    {NOCH, NOCH, NOCH},
/*  je  */  {"\xa4", NOCH, SET0},   {"\x9e", SMTA_ur, SET0},   {"\xa5", SMTA_ir, SET0},  {"\xa5", NOCH, SET0},  {"\x9f", SMTA_Er, SET0},  {"\xa4", NOCH, SET0},  {"\xa6", NOCH, SET0},      {"\xa4", SMTA_War, SET0},
/*  ge  */  {"\xa7", NOCH, SET0},   {"\xa7", SMTA_ur, SET0},   {"\xa7", SMTA_ir, SET0},  {"\xa8", NOCH, SET0},  {"\xa7", SMTA_Er, SET0},  {"\xa9", NOCH, SET0},  {"\xaa", NOCH, SET0},            {NOCH, NOCH, SETD},
/* gWe  */  {"\xa7", SMTA_Wer, NOCH},    {NOCH, NOCH, NOCH},   {"\xa7", SMTA_Wi, NOCH},  {"\xab", NOCH, SET0},     {"\xac", NOCH, SET0},  {"\xa7", SMTA_W, NOCH},    {NOCH, NOCH, NOCH},    {NOCH, NOCH, NOCH},
/*  Ge  */  {"\xa7", NOCH, SET0},   {"\xa7", SMTA_ur, SET0},   {"\xa7", SMTA_ir, SET0},  {"\xa8", NOCH, SET0},  {"\xa7", SMTA_Er, SET0},  {"\xa9", NOCH, SET0},  {"\xaa", NOCH, SET0},            {NOCH, NOCH, NOCH},
/*  Te  */  {"\xad", NOCH, SET0},   {"\xad", SMTA_ur, SET0},   {"\xad", SMTA_ir, SET0},  {"\xae", NOCH, SET0},  {"\xad", SMTA_Er, SET0},  {"\xaf", NOCH, SET0},  {"\xb0", NOCH, SET0},          {"\xb1", NOCH, SET0},
/*  Ce  */  {"\xb2", NOCH, SET0},      {"\xb3", NOCH, SET0},      {"\xb4", NOCH, SET0},  {"\xb5", NOCH, SET0},     {"\xb6", NOCH, SET0},  {"\xb7", NOCH, SET0},  {"\xb8", NOCH, SET0},          {"\xb9", NOCH, SET0},
/*  Pe  */  {"\xba", NOCH, SET0},   {"\xba", SMTA_ur, SET0},   {"\xba", SMTA_ir, SET0},  {"\xbb", NOCH, SET0},  {"\xeb", SMTA_Er, SET0},  {"\xbe", NOCH, SET0},  {"\xbc", NOCH, SET0},       {"\xbb", SMTA_War, SET0},
/*  Se  */  {"\xbd", NOCH, SET0},   {"\xa1", SMTA_ur, SET0},   {"\xbd", SMTA_ir, SET0},  {"\xde", NOCH, SET0},  {"\xbd", SMTA_Er, SET0},  {"\xde", NOCH, SET0},  {"\xbf", NOCH, SET0},          {"\xc0", NOCH, SET0},
/* `Se  */  {"\xc1", NOCH, SET0},   {"\xc1", SMTA_ur, SET0},   {"\xc2", SMTA_il, SET0},  {"\xc2", NOCH, SET0},  {"\xc2", SMTA_Em, SET0},  {"\xc3", NOCH, SET0},  {"\xc4", NOCH, SET0},            {NOCH, NOCH, NOCH},
/*  fe  */  {"\xc5", NOCH, SET0},      {"\xc6", NOCH, SET0},      {"\xc7", NOCH, SET0},  {"\xc8", NOCH, SET0},     {"\xd9", NOCH, SET0},  {"\xca", NOCH, SET0},  {"\xcb", NOCH, SET0},          {"\xcc", NOCH, SET0},
/*  pe  */  {"\xcd", NOCH, SET0},   {"\xcd", SMTA_ul, SET0},  {"\xcd", SMTA_ill, SET0},  {"\xce", NOCH, SET0},  {"\xcd", SMTA_El, SET0},  {"\xcf", NOCH, SET0},  {"\xd0", NOCH, SET0},      {"\xce", SMTA_Wal, NOCH},
              {NOCH, NOCH, NOCH},        {NOCH, NOCH, NOCH},        {NOCH, NOCH, NOCH},    {NOCH, NOCH, NOCH},       {NOCH, NOCH, NOCH},    {NOCH, NOCH, NOCH},    {NOCH, NOCH, NOCH},            {NOCH, NOCH, NOCH},
 
              {NOCH, NOCH, NOCH},      {"\xd1", NOCH, SET0},      {"\xd4", NOCH, SET0},    {NOCH, NOCH, NOCH},     {"\xd2", NOCH, SET0},  {"\xd3", NOCH, SET0},    {NOCH, NOCH, NOCH},          {"\xd5", NOCH, SET0},  {"\xd6", NOCH, SET0},
    
            {"\x31", NOCH, SET1},      {"\x32", NOCH, SET1},      {"\x33", NOCH, SET1},  {"\x34", NOCH, SET1},     {"\x35", NOCH, SET1},  {"\x36", NOCH, SET1},  {"\x37", NOCH, SET1},          {"\x38", NOCH, SET1},  {"\x39", NOCH, SET1},  {"\x21", NOCH, SET1},
            {"\x22", NOCH, SET1},      {"\x23", NOCH, SET1},      {"\x24", NOCH, SET1},  {"\x25", NOCH, SET1},     {"\x5e", NOCH, SET1},  {"\x26", NOCH, SET1},  {"\x2a", NOCH, SET1},          {"\x28", NOCH, SET1},  {"\x2d", NOCH, SET1},  {"\x3d", NOCH, SET1},
              {NOCH, NOCH, NOCH},        {NOCH, NOCH, NOCH},        {NOCH, NOCH, NOCH}, 


          {NOCH, NOCH, NOCH}, {NOCH, NOCH, NOCH}, {NOCH, NOCH, NOCH}, {NOCH, NOCH, NOCH}, {NOCH, NOCH, NOCH}, {NOCH, NOCH, NOCH}, {NOCH, NOCH, NOCH}, {NOCH, NOCH, NOCH},
          {NOCH, NOCH, NOCH}, {NOCH, NOCH, NOCH}, {NOCH, NOCH, NOCH}, {NOCH, NOCH, NOCH}, {NOCH, NOCH, NOCH}, {NOCH, NOCH, NOCH}, {NOCH, NOCH, NOCH}, {NOCH, NOCH, NOCH},
          {NOCH, NOCH, NOCH}, {NOCH, NOCH, NOCH}, {NOCH, NOCH, NOCH}, {NOCH, NOCH, NOCH}, {NOCH, NOCH, NOCH}, {NOCH, NOCH, NOCH}, {NOCH, NOCH, NOCH}, {NOCH, NOCH, NOCH},
          {NOCH, NOCH, NOCH}, {NOCH, NOCH, NOCH}, {NOCH, NOCH, NOCH}, {NOCH, NOCH, NOCH}, {NOCH, NOCH, NOCH}, {NOCH, NOCH, NOCH}, {NOCH, NOCH, NOCH}, {NOCH, NOCH, NOCH},
          {NOCH, NOCH, NOCH}, {NOCH, NOCH, NOCH}, {NOCH, NOCH, NOCH}, {NOCH, NOCH, NOCH}, {NOCH, NOCH, NOCH}, {NOCH, NOCH, NOCH}, {NOCH, NOCH, NOCH}, {NOCH, NOCH, NOCH},
          {NOCH, NOCH, NOCH}, {NOCH, NOCH, NOCH}, {NOCH, NOCH, NOCH}, {NOCH, NOCH, NOCH}, {NOCH, NOCH, NOCH}, {NOCH, NOCH, NOCH}, {NOCH, NOCH, NOCH}, {NOCH, NOCH, NOCH},
          {NOCH, NOCH, NOCH}, {NOCH, NOCH, NOCH}, {NOCH, NOCH, NOCH}, {NOCH, NOCH, NOCH}, {NOCH, NOCH, NOCH}, {NOCH, NOCH, NOCH}, {NOCH, NOCH, NOCH}, {NOCH, NOCH, NOCH},
          {NOCH, NOCH, NOCH}, {NOCH, NOCH, NOCH}, {NOCH, NOCH, NOCH}, {NOCH, NOCH, NOCH}, {NOCH, NOCH, NOCH}, {NOCH, NOCH, NOCH}, {NOCH, NOCH, NOCH}, {NOCH, NOCH, NOCH},


          {"\xd7", NOCH, SET0}, {NOCH, NOCH, NOCH}, {NOCH, NOCH, NOCH}, {NOCH, NOCH, NOCH}, {NOCH, NOCH, NOCH}, {NOCH, NOCH, NOCH}, {NOCH, NOCH, NOCH}, {NOCH, NOCH, NOCH}, {NOCH, NOCH, NOCH}, {NOCH, NOCH, NOCH},
          {NOCH, NOCH, NOCH}, {NOCH, NOCH, NOCH}, {NOCH, NOCH, NOCH}, {"\xed", NOCH, SET0}, {"\xee", NOCH, SET0}, {"\xf0", NOCH, SET0}
};


LETCHAR MonoTypeFidel[UNITOTAL] = 
       {
/*  he  */  {"\x21", NOCH, SET0},  {"\x22", NOCH, SET0},  {"\x23", NOCH, SET0},  {"\x24", NOCH, SET0},  {"\x25", NOCH, SET0},  {"\x26", NOCH, SET0},  {"\x27", NOCH, SET0},    {NOCH, NOCH, NOCH},
/*  le  */  {"\x28", NOCH, SET0},  {"\x29", NOCH, SET0},  {"\x2a", NOCH, SET0},  {"\x2b", NOCH, SET0},  {"\x2c", NOCH, SET0},  {"\x2d", NOCH, SET0},  {"\x2e", NOCH, SET0},  {"\x2f", NOCH, SET0},
/*  He  */  {"\x30", NOCH, SET0},  {"\x31", NOCH, SET0},  {"\x32", NOCH, SET0},  {"\x33", NOCH, SET0},  {"\x34", NOCH, SET0},  {"\x35", NOCH, SET0},  {"\x36", NOCH, SET0},    {NOCH, NOCH, NOCH},
/*  me  */  {"\x37", NOCH, SET0},  {"\x38", NOCH, SET0},  {"\x39", NOCH, SET0},  {"\x3a", NOCH, SET0},  {"\x3b", NOCH, SET0},  {"\x3c", NOCH, SET0},  {"\x3d", NOCH, SET0},  {"\x3e", NOCH, SET0},
/* `se  */  {"\x3f", NOCH, SET0},  {"\x40", NOCH, SET0}, {"\x41", NOCH, SET0},  {"\x42", NOCH, SET0},  {"\x43", NOCH, SET0},  {"\x44", NOCH, SET0},  {"\x45", NOCH, SET0},  {NOCH, NOCH, NOCH},
/*  re  */  {"\x46", NOCH, SET0},  {"\x47", NOCH, SET0},  {"\x48", NOCH, SET0},  {"\x49", NOCH, SET0},  {"\x4a", NOCH, SET0},  {"\x4b", NOCH, SET0},  {"\x4c", NOCH, SET0},  {"\x4d", NOCH, SET0},
/*  se  */  {"\x4e", NOCH, SET0},  {"\x4f", NOCH, SET0},  {"\x50", NOCH, SET0},  {"\x51", NOCH, SET0},  {"\x52", NOCH, SET0},  {"\x53", NOCH, SET0},  {"\x54", NOCH, SET0},  {"\x55", NOCH, SET0},
/*  xe  */  {"\x56", NOCH, SET0},  {"\x57", NOCH, SET0},  {"\x58", NOCH, SET0},  {"\x59", NOCH, SET0},  {"\x5a", NOCH, SET0},  {"\x5b", NOCH, SET0},  {"\x5c", NOCH, SET0},  {"\x5d", NOCH, SET0},
/*  qe  */  {"\x5e", NOCH, SET0},  {"\x5f", NOCH, SET0},  {"\x60", NOCH, SET0},  {"\x61", NOCH, SET0},  {"\x62", NOCH, SET0},  {"\x63", NOCH, SET0},  {"\x64", NOCH, SET0},    {NOCH, NOCH, NOCH},
/* qWe  */  {"\x65", NOCH, SET0},    {NOCH, NOCH, NOCH},  {"\x67", NOCH, SET0},  {"\x68", NOCH, SET0},  {"\x69", NOCH, SET0},  {"\x66", NOCH, SET0},    {NOCH, NOCH, NOCH},    {NOCH, NOCH, NOCH},
/*  Qe  */  {"\x6a", NOCH, SET0},  {"\x6b", NOCH, SET0},  {"\x6c", NOCH, SET0},  {"\x6d", NOCH, SET0},  {"\x6e", NOCH, SET0},  {"\x6f", NOCH, SET0},  {"\x70", NOCH, SET0},    {NOCH, NOCH, NOCH},
/* QWe  */  {"\x71", NOCH, SET0},    {NOCH, NOCH, NOCH},  {"\x73", NOCH, SET0},  {"\x74", NOCH, SET0},    {NOCH, NOCH, NOCH},  {"\x72", NOCH, SET0},    {NOCH, NOCH, NOCH},    {NOCH, NOCH, NOCH},
/*  be  */  {"\x75", NOCH, SET0},  {"\x76", NOCH, SET0},  {"\x77", NOCH, SET0},  {"\x78", NOCH, SET0},  {"\x79", NOCH, SET0},  {"\x7a", NOCH, SET0},  {"\x7b", NOCH, SET0},  {"\x7c", NOCH, SET0},
/*  ve  */  {"\x7d", NOCH, SET0},  {"\x7e", NOCH, SET0},  {"\xa1", NOCH, SET0},  {"\xa2", NOCH, SET0},  {"\xa3", NOCH, SET0},  {"\xa4", NOCH, SET0},  {"\xa5", NOCH, SET0},  {"\xa6", NOCH, SET0},
/*  te  */  {"\xa7", NOCH, SET0},  {"\xa8", NOCH, SET0},  {"\xa9", NOCH, SET0},  {"\xaa", NOCH, SET0},  {"\xab", NOCH, SET0},  {"\xac", NOCH, SET0},  {"\xad", NOCH, SET0},  {"\xae", NOCH, SET0},
/*  ce  */  {"\xaf", NOCH, SET0},  {"\xb0", NOCH, SET0},  {"\xb1", NOCH, SET0},  {"\xb2", NOCH, SET0},  {"\xb3", NOCH, SET0},  {"\xb4", NOCH, SET0},  {"\xb6", NOCH, SET0},  {"\xb7", NOCH, SET0},
/* `he  */  {"\xb8", NOCH, SET0},  {"\xb9", NOCH, SET0},  {"\xba", NOCH, SET0},  {"\xbb", NOCH, SET0},  {"\xbc", NOCH, SET0},  {"\xbd", NOCH, SET0},  {"\xbf", NOCH, SET0},    {NOCH, NOCH, NOCH},
/* hWe  */  {"\xc1", NOCH, SET0},    {NOCH, NOCH, NOCH},  {"\xc3", NOCH, SET0},  {"\xc4", NOCH, SET0},  {"\xc5", NOCH, SET0},  {"\xc2", NOCH, SET0},    {NOCH, NOCH, NOCH},    {NOCH, NOCH, NOCH},
/*  ne  */  {"\x21", NOCH, SET1},  {"\x22", NOCH, SET1},  {"\x23", NOCH, SET1},  {"\x24", NOCH, SET1},  {"\x25", NOCH, SET1},  {"\x26", NOCH, SET1},  {"\x27", NOCH, SET1},  {"\x28", NOCH, SET1},
/*  Ne  */  {"\x29", NOCH, SET1},  {"\x2a", NOCH, SET1},  {"\x2b", NOCH, SET1},  {"\x2c", NOCH, SET1},  {"\x2d", NOCH, SET1},  {"\x2e", NOCH, SET1},  {"\x2f", NOCH, SET1},  {"\x30", NOCH, SET1},
/*   e  */  {"\x31", NOCH, SET1},  {"\x32", NOCH, SET1},  {"\x33", NOCH, SET1},  {"\x34", NOCH, SET1},  {"\x35", NOCH, SET1},  {"\x36", NOCH, SET1},  {"\x37", NOCH, SET1},  {"\x38", NOCH, SET1},
/*  ke  */  {"\x39", NOCH, SET1},  {"\x3a", NOCH, SET1},  {"\x3b", NOCH, SET1},  {"\x3c", NOCH, SET1},  {"\x3d", NOCH, SET1},  {"\x3e", NOCH, SET1},  {"\x3f", NOCH, SET1},    {NOCH, NOCH, NOCH},
/* kWe  */  {"\x40", NOCH, SET1},    {NOCH, NOCH, NOCH},  {"\x42", NOCH, SET1},  {"\x43", NOCH, SET1},  {"\x44", NOCH, SET1},  {"\x45", NOCH, SET1},    {NOCH, NOCH, NOCH},    {NOCH, NOCH, NOCH},
/*  Ke  */  {"\x45", NOCH, SET1},  {"\x46", NOCH, SET1},  {"\x47", NOCH, SET1},  {"\x48", NOCH, SET1},  {"\x49", NOCH, SET1},  {"\x4a", NOCH, SET1},  {"\x4b", NOCH, SET1},    {NOCH, NOCH, NOCH},
/* KWe  */  {"\x4c", NOCH, SET1},    {NOCH, NOCH, NOCH},    {NOCH, NOCH, NOCH},  {"\x4e", NOCH, SET1},  {"\x4d", NOCH, SET1},    {NOCH, NOCH, NOCH},    {NOCH, NOCH, NOCH},    {NOCH, NOCH, NOCH},
/*  we  */  {"\x4f", NOCH, SET1},  {"\x50", NOCH, SET1},  {"\x51", NOCH, SET1},  {"\x52", NOCH, SET1},  {"\x53", NOCH, SET1},  {"\x54", NOCH, SET1},  {"\x55", NOCH, SET1},    {NOCH, NOCH, NOCH},
/*  `e  */  {"\x56", NOCH, SET1},  {"\x57", NOCH, SET1},  {"\x58", NOCH, SET1},  {"\x59", NOCH, SET1},  {"\x5a", NOCH, SET1},  {"\x5b", NOCH, SET1},  {"\x5c", NOCH, SET1},    {NOCH, NOCH, NOCH},
/*  ze  */  {"\x5d", NOCH, SET1},  {"\x5e", NOCH, SET1},  {"\x5f", NOCH, SET1},  {"\x60", NOCH, SET1},  {"\x61", NOCH, SET1},  {"\x62", NOCH, SET1},  {"\x63", NOCH, SET1},  {"\x64", NOCH, SET1},
/*  Ze  */  {"\x65", NOCH, SET1},  {"\x66", NOCH, SET1},  {"\x67", NOCH, SET1},  {"\x68", NOCH, SET1},  {"\x69", NOCH, SET1},  {"\x6a", NOCH, SET1},  {"\x6b", NOCH, SET1},  {"\x6c", NOCH, SET1},
/*  ye  */  {"\x6d", NOCH, SET1},  {"\x6e", NOCH, SET1},  {"\x6f", NOCH, SET1},  {"\x70", NOCH, SET1},  {"\x71", NOCH, SET1},  {"\x72", NOCH, SET1},  {"\x73", NOCH, SET1},    {NOCH, NOCH, NOCH},
/*  de  */  {"\x74", NOCH, SET1},  {"\x75", NOCH, SET1},  {"\x76", NOCH, SET1},  {"\x77", NOCH, SET1},  {"\x78", NOCH, SET1},  {"\x79", NOCH, SET1},  {"\x7a", NOCH, SET1},  {"\x7b", NOCH, SET1},
/*  De  */  {"\x7c", NOCH, SET1},  {"\x7d", NOCH, SET1},  {"\x7e", NOCH, SET1},  {"\xa1", NOCH, SET1},  {"\xa2", NOCH, SET1},  {"\xa3", NOCH, SET1},  {"\xa4", NOCH, SET1},    {NOCH, NOCH, NOCH},
/*  je  */  {"\xac", NOCH, SET1},  {"\xad", NOCH, SET1},  {"\xae", NOCH, SET1},  {"\xaf", NOCH, SET1},  {"\xb0", NOCH, SET1},  {"\xb1", NOCH, SET1},  {"\xb2", NOCH, SET1},  {"\xb3", NOCH, SET1},
/*  ge  */  {"\xb4", NOCH, SET1},  {"\xb6", NOCH, SET1},  {"\xb7", NOCH, SET1},  {"\xb8", NOCH, SET1},  {"\xb9", NOCH, SET1},  {"\xba", NOCH, SET1},  {"\xbb", NOCH, SET1},    {NOCH, NOCH, NOCH},
/* gWe  */  {"\xbc", NOCH, SET1},    {NOCH, NOCH, NOCH},  {"\xbf", NOCH, SET1},  {"\xc1", NOCH, SET1},  {"\xc2", NOCH, SET1},  {"\xbd", NOCH, SET1},    {NOCH, NOCH, NOCH},    {NOCH, NOCH, NOCH},
/*  Ge  */    {NOCH, NOCH, NOCH},    {NOCH, NOCH, NOCH},    {NOCH, NOCH, NOCH},    {NOCH, NOCH, NOCH},    {NOCH, NOCH, NOCH},    {NOCH, NOCH, NOCH},    {NOCH, NOCH, NOCH},    {NOCH, NOCH, NOCH},
/*  Te  */  {"\xc3", NOCH, SET1},  {"\xc4", NOCH, SET1},  {"\xc5", NOCH, SET1},  {"\x21", NOCH, SET2},  {"\x22", NOCH, SET2},  {"\x23", NOCH, SET2},  {"\x24", NOCH, SET2},  {"\x25", NOCH, SET2},
/*  Ce  */  {"\x26", NOCH, SET2},  {"\x27", NOCH, SET2},  {"\x28", NOCH, SET2},  {"\x29", NOCH, SET2},  {"\x2a", NOCH, SET2},  {"\x2b", NOCH, SET2},  {"\x2c", NOCH, SET2},  {"\x2d", NOCH, SET2},
/*  Pe  */  {"\x2e", NOCH, SET2},  {"\x2f", NOCH, SET2},  {"\x30", NOCH, SET2},  {"\x31", NOCH, SET2},  {"\x32", NOCH, SET2},  {"\x33", NOCH, SET2},  {"\x34", NOCH, SET2},    {NOCH, NOCH, NOCH},
/*  Se  */  {"\x35", NOCH, SET2},  {"\x36", NOCH, SET2},  {"\x37", NOCH, SET2},  {"\x38", NOCH, SET2},  {"\x39", NOCH, SET2},  {"\x3a", NOCH, SET2},  {"\x3b", NOCH, SET2},  {"\x3c", NOCH, SET2},
/* `Se  */  {"\x3d", NOCH, SET2},  {"\x3e", NOCH, SET2},  {"\x3f", NOCH, SET2},  {"\x40", NOCH, SET2},  {"\x41", NOCH, SET2},  {"\x42", NOCH, SET2},  {"\x43", NOCH, SET2},    {NOCH, NOCH, NOCH},
/*  fe  */  {"\x44", NOCH, SET2},  {"\x45", NOCH, SET2},  {"\x46", NOCH, SET2},  {"\x47", NOCH, SET2},  {"\x48", NOCH, SET2},  {"\x49", NOCH, SET2},  {"\x4a", NOCH, SET2},  {"\x4b", NOCH, SET2},
/*  pe  */  {"\x4c", NOCH, SET2},  {"\x4d", NOCH, SET2},  {"\x4e", NOCH, SET2},  {"\x4f", NOCH, SET2},  {"\x50", NOCH, SET2},  {"\x51", NOCH, SET2},  {"\x52", NOCH, SET2},    {NOCH, NOCH, NOCH},
              {NOCH, NOCH, NOCH},    {NOCH, NOCH, NOCH},    {NOCH, NOCH, NOCH},    {NOCH, NOCH, NOCH},    {NOCH, NOCH, NOCH},    {NOCH, NOCH, NOCH},    {NOCH, NOCH, NOCH},    {NOCH, NOCH, NOCH},
 

              {NOCH, NOCH, NOCH},  {"\x67", NOCH, SET2},  {"\x6a", NOCH, SET2},    {NOCH, NOCH, NOCH},  {"\x68", NOCH, SET2},  {"\x69", NOCH, SET2},    {NOCH, NOCH, NOCH},  {"\x6b", NOCH, SET2},  {"\6c", NOCH, SET2},

            {"\x53", NOCH, SET2},  {"\x54", NOCH, SET2},  {"\x55", NOCH, SET2},  {"\x56", NOCH, SET2},  {"\x57", NOCH, SET2},  {"\x58", NOCH, SET2},  {"\x59", NOCH, SET2},  {"\x5a", NOCH, SET2},  {"\x5b", NOCH, SET2}, {"\x5c", NOCH, SET2},
            {"\x5d", NOCH, SET2},  {"\x5e", NOCH, SET2},  {"\x5f", NOCH, SET2},  {"\x60", NOCH, SET2},  {"\x61", NOCH, SET2},  {"\x62", NOCH, SET2},  {"\x63", NOCH, SET2},  {"\x64", NOCH, SET2},  {"\x65", NOCH, SET2}, {"\x66", NOCH, SET2},
              {NOCH, NOCH, NOCH},    {NOCH, NOCH, NOCH},    {NOCH, NOCH, NOCH}, 


          {NOCH, NOCH, NOCH}, {NOCH, NOCH, NOCH}, {NOCH, NOCH, NOCH}, {NOCH, NOCH, NOCH}, {NOCH, NOCH, NOCH}, {NOCH, NOCH, NOCH}, {NOCH, NOCH, NOCH}, {NOCH, NOCH, NOCH},
          {NOCH, NOCH, NOCH}, {NOCH, NOCH, NOCH}, {NOCH, NOCH, NOCH}, {NOCH, NOCH, NOCH}, {NOCH, NOCH, NOCH}, {NOCH, NOCH, NOCH}, {NOCH, NOCH, NOCH}, {NOCH, NOCH, NOCH},
          {NOCH, NOCH, NOCH}, {NOCH, NOCH, NOCH}, {NOCH, NOCH, NOCH}, {NOCH, NOCH, NOCH}, {NOCH, NOCH, NOCH}, {NOCH, NOCH, NOCH}, {NOCH, NOCH, NOCH}, {NOCH, NOCH, NOCH},
          {NOCH, NOCH, NOCH}, {NOCH, NOCH, NOCH}, {NOCH, NOCH, NOCH}, {NOCH, NOCH, NOCH}, {NOCH, NOCH, NOCH}, {NOCH, NOCH, NOCH}, {NOCH, NOCH, NOCH}, {NOCH, NOCH, NOCH},
          {NOCH, NOCH, NOCH}, {NOCH, NOCH, NOCH}, {NOCH, NOCH, NOCH}, {NOCH, NOCH, NOCH}, {NOCH, NOCH, NOCH}, {NOCH, NOCH, NOCH}, {NOCH, NOCH, NOCH}, {NOCH, NOCH, NOCH},
          {NOCH, NOCH, NOCH}, {NOCH, NOCH, NOCH}, {NOCH, NOCH, NOCH}, {NOCH, NOCH, NOCH}, {NOCH, NOCH, NOCH}, {NOCH, NOCH, NOCH}, {NOCH, NOCH, NOCH}, {NOCH, NOCH, NOCH},
          {NOCH, NOCH, NOCH}, {NOCH, NOCH, NOCH}, {NOCH, NOCH, NOCH}, {NOCH, NOCH, NOCH}, {NOCH, NOCH, NOCH}, {NOCH, NOCH, NOCH}, {NOCH, NOCH, NOCH}, {NOCH, NOCH, NOCH},
          {NOCH, NOCH, NOCH}, {NOCH, NOCH, NOCH}, {NOCH, NOCH, NOCH}, {NOCH, NOCH, NOCH}, {NOCH, NOCH, NOCH}, {NOCH, NOCH, NOCH}, {NOCH, NOCH, NOCH}, {NOCH, NOCH, NOCH},


          {"\x6d", NOCH, SET2}, {NOCH, NOCH, NOCH}, {NOCH, NOCH, NOCH}, {NOCH, NOCH, NOCH}, {NOCH, NOCH, NOCH}, {NOCH, NOCH, NOCH}, {NOCH, NOCH, NOCH}, {NOCH, NOCH, NOCH}, {NOCH, NOCH, NOCH}, {NOCH, NOCH, NOCH},
          {NOCH, NOCH, NOCH}, {NOCH, NOCH, NOCH}, {NOCH, NOCH, NOCH}, {"\xbf", NOCH, SET2}, {"\xc1", NOCH, SET2}, {"\xc3", NOCH, SET2}
};


int MonoType1HashTable[224] = {

/*        ,      !,      ",      #,      $,      %,      &,      ',      (,      ),      *,      +,      ,,      -,      .,      /, */
    0x0000, 0x1200, 0x1201, 0x1202, 0x1203, 0x1204, 0x1205, 0x1206, 0x1208, 0x1209, 0x120a, 0x120b, 0x120c, 0x120d, 0x120e, 0x120f,

/*       0,      1,      2,      3,      4,      5,      6,      7,      8,      9,      :,      ;,      <,      =,      >,      ?, */
    0x1210, 0x1211, 0x1212, 0x1213, 0x1214, 0x1215, 0x1216, 0x1218, 0x1219, 0x121a, 0x121b, 0x121c, 0x121d, 0x121e, 0x121f, 0x1220,

/*       @,      A,      B,      C,      D,      E,      F,      G,      H,      I,      J,      K,      L,      M,      N,      O, */
    0x0000, 0x1221, 0x1222, 0x1223, 0x1224, 0x1225, 0x1226, 0x1229, 0x122a, 0x122b, 0x122c, 0x122d, 0x122e, 0x122f, 0x1230, 0x1231,

/*       P,      Q,      R,      S,      T,      U,      V,      W,      X,      Y,      Z,      [,      \,      ],      ^,      _, */
    0x1232, 0x1233, 0x1234, 0x1235, 0x1236, 0x1237, 0x1238, 0x1239, 0x123a, 0x123b, 0x123c, 0x123d, 0x123e, 0x123f, 0x1240, 0x1241,

/*       `,      a,      b,      c,      d,      e,      f,      g,      h,      i,      j,      k,      l,      m,      n,      o, */
    0x1242, 0x1243, 0x1244, 0x1245, 0x1246, 0x1248, 0x124d, 0x124a, 0x124b, 0x124c, 0x1250, 0x1251, 0x1252, 0x1253, 0x1254, 0x1255,

/*       p,      q,      r,      s,      t,      u,      v,      w,      x,      y,      z,      {,      |,      },      ~,      , */
    0x1256, 0x1258, 0x125d, 0x125a, 0x125b, 0x1260, 0x1261, 0x1262, 0x1263, 0x1264, 0x1265, 0x1266, 0x1267, 0x1268, 0x1269, 0x0000,

/*    0x80,   0x81,   0x82,   0x83,   0x84,   0x85,   0x86,   0x87,   0x88,   0x89,   0x8a,   0x8b,   0x8c,   0x8d,   0x8e,   0x8f, */
    0x0000, 0x0000, 0x0000, 0x0000, 0x0000, 0x0000, 0x0000, 0x0000, 0x0000, 0x0000, 0x0000, 0x0000, 0x0000, 0x0000, 0x0000, 0x0000,

/*    0x90,   0x91,   0x92,   0x93,   0x94,   0x95,   0x96,   0x97,   0x98,   0x99,   0x9a,   0x9b,   0x9c,   0x9d,   0x9e,   0x9f, */
    0x0000, 0x0000, 0x0000, 0x0000, 0x0000, 0x0000, 0x0000, 0x0000, 0x0000, 0x0000, 0x0000, 0x0000, 0x0000, 0x0000, 0x0000, 0x0000,

/*    0xa0,      ¡,      ¢,      £,      ¤,      ¥,      ¦,      §,      ¨,      ©,      ª,      «,      ¬,      ­,      ®,      ¯, */
    0x0000, 0x126a, 0x126b, 0x126c, 0x126d, 0x126e, 0x126f, 0x1270, 0x1271, 0x1272, 0x1273, 0x1274, 0x1275, 0x0000, 0x1277, 0x1278,

/*       °,      ±,      ²,      ³,      ´,      µ,      ¶,      ·,      ¸,      ¹,      º,      »,      ¼,      ½,      ¾,      ¿, */
    0x1279, 0x127a, 0x127b, 0x127c, 0x127d, 0x0000, 0x127e, 0x127f, 0x1280, 0x1281, 0x1282, 0x1283, 0x1284, 0x1285, 0x0000, 0x1286,

/*       À,      Á,      Â,      Ã,      Ä,      Å,      Æ,      Ç,      È,      É,      Ê,      Ë,      Ì,      Í,      Î,      Ï, */
    0x0000, 0x1288, 0x128d, 0x128a, 0x128b, 0x128c, 0x0000, 0x0000, 0x0000, 0x0000, 0x0000, 0x0000, 0x0000, 0x0000, 0x0000, 0x0000,

/*       Ð,      Ñ,      Ò,      Ó,      Ô,      Õ,      Ö,      ×,      Ø,      Ù,      Ú,      Û,      Ü,      Ý,      Þ,      ß, */
    0x0000, 0x0000, 0x0000, 0x0000, 0x0000, 0x0000, 0x0000, 0x0000, 0x0000, 0x0000, 0x0000, 0x0000, 0x0000, 0x0000, 0x0000, 0x0000,

/*       à,      á,      â,      ã,      ä,      å,      æ,      ç,      è,      é,      ê,      ë,      ì,      í,      î,      ï, */
    0x0000, 0x0000, 0x0000, 0x0000, 0x0000, 0x0000, 0x0000, 0x0000, 0x0000, 0x0000, 0x0000, 0x0000, 0x0000, 0x0000, 0x0000, 0x0000,

/*       ð,      ñ,      ò,      ó,      ô,      õ,      ö,      ÷,      ø,      ù,      ú,      û,      ü,      ý,      þ,      ÿ, */
    0x0000, 0x0000, 0x0000, 0x0000, 0x0000, 0x0000, 0x0000, 0x0000, 0x0000, 0x0000, 0x0000, 0x0000, 0x0000, 0x0000, 0x0000, 0x0000,

};


int MonoType2HashTable[224] = {

/*        ,      !,      ",      #,      $,      %,      &,      ',      (,      ),      *,      +,      ,,      -,      .,      /, */
    0x0000, 0x1290, 0x1291, 0x1292, 0x1293, 0x1294, 0x1295, 0x1296, 0x1297, 0x1298, 0x1299, 0x129a, 0x129b, 0x129c, 0x129d, 0x129e,

/*       0,      1,      2,      3,      4,      5,      6,      7,      8,      9,      :,      ;,      <,      =,      >,      ?, */
    0x129f, 0x12a0, 0x12a1, 0x12a2, 0x12a3, 0x12a4, 0x12a5, 0x12a6, 0x12a7, 0x12a8, 0x12a9, 0x12aa, 0x12ab, 0x12ac, 0x12ad, 0x12ae,

/*       @,      A,      B,      C,      D,      E,      F,      G,      H,      I,      J,      K,      L,      M,      N,      O, */
    0x12b0, 0x0000, 0x12b2, 0x12b3, 0x12b4, 0x12b5, 0x12b9, 0x12ba, 0x12bb, 0x12bc, 0x12bd, 0x12be, 0x12c0, 0x12c4, 0x12c3, 0x12c8,

/*       P,      Q,      R,      S,      T,      U,      V,      W,      X,      Y,      Z,      [,      \,      ],      ^,      _, */
    0x12c9, 0x12ca, 0x12cb, 0x12cc, 0x12cd, 0x12ce, 0x12d0, 0x12d1, 0x12d2, 0x12d3, 0x12d4, 0x12d5, 0x12d6, 0x12d8, 0x12d9, 0x12da,

/*       `,      a,      b,      c,      d,      e,      f,      g,      h,      i,      j,      k,      l,      m,      n,      o, */
    0x12db, 0x12dc, 0x12dd, 0x12de, 0x12df, 0x12e0, 0x12e1, 0x12e2, 0x12e3, 0x12e4, 0x12e5, 0x12e6, 0x12e7, 0x12e8, 0x12e9, 0x12ea,

/*       p,      q,      r,      s,      t,      u,      v,      w,      x,      y,      z,      {,      |,      },      ~,      , */
    0x0000, 0x0000, 0x0000, 0x0000, 0x0000, 0x12f1, 0x12f2, 0x12f3, 0x12f4, 0x12f5, 0x12f6, 0x12f7, 0x12f8, 0x12f0, 0x12fa, 0x0000,

/*    0x80,   0x81,   0x82,   0x83,   0x84,   0x85,   0x86,   0x87,   0x88,   0x89,   0x8a,   0x8b,   0x8c,   0x8d,   0x8e,   0x8f, */
    0x0000, 0x0000, 0x0000, 0x0000, 0x0000, 0x0000, 0x0000, 0x0000, 0x0000, 0x0000, 0x0000, 0x0000, 0x0000, 0x0000, 0x0000, 0x0000,

/*    0x90,   0x91,   0x92,   0x93,   0x94,   0x95,   0x96,   0x97,   0x98,   0x99,   0x9a,   0x9b,   0x9c,   0x9d,   0x9e,   0x9f, */
    0x0000, 0x0000, 0x0000, 0x0000, 0x0000, 0x0000, 0x0000, 0x0000, 0x0000, 0x0000, 0x0000, 0x0000, 0x0000, 0x0000, 0x0000, 0x0000,

/*    0xa0,      ¡,      ¢,      £,      ¤,      ¥,      ¦,      §,      ¨,      ©,      ª,      «,      ¬,      ­,      ®,      ¯, */
    0x0000, 0x12fb, 0x12fc, 0x12fd, 0x12fe, 0x0000, 0x0000, 0x0000, 0x0000, 0x0000, 0x0000, 0x0000, 0x1300, 0x1301, 0x1302, 0x1303,

/*       °,      ±,      ²,      ³,      ´,      µ,      ¶,      ·,      ¸,      ¹,      º,      »,      ¼,      ½,      ¾,      ¿, */
    0x1304, 0x1305, 0x1306, 0x1307, 0x1308, 0x0000, 0x1309, 0x130a, 0x130b, 0x130c, 0x130d, 0x130e, 0x1310, 0x1315, 0x0000, 0x1312,

/*       À,      Á,      Â,      Ã,      Ä,      Å,      Æ,      Ç,      È,      É,      Ê,      Ë,      Ì,      Í,      Î,      Ï, */
    0x0000, 0x1313, 0x1314, 0x1320, 0x1321, 0x1322, 0x0000, 0x0000, 0x0000, 0x0000, 0x0000, 0x0000, 0x0000, 0x0000, 0x0000, 0x0000,

/*       Ð,      Ñ,      Ò,      Ó,      Ô,      Õ,      Ö,      ×,      Ø,      Ù,      Ú,      Û,      Ü,      Ý,      Þ,      ß, */
    0x0000, 0x0000, 0x0000, 0x0000, 0x0000, 0x0000, 0x0000, 0x0000, 0x0000, 0x0000, 0x0000, 0x0000, 0x0000, 0x0000, 0x0000, 0x0000,

/*       à,      á,      â,      ã,      ä,      å,      æ,      ç,      è,      é,      ê,      ë,      ì,      í,      î,      ï, */
    0x0000, 0x0000, 0x0000, 0x0000, 0x0000, 0x0000, 0x0000, 0x0000, 0x0000, 0x0000, 0x0000, 0x0000, 0x0000, 0x0000, 0x0000, 0x0000,

/*       ð,      ñ,      ò,      ó,      ô,      õ,      ö,      ÷,      ø,      ù,      ú,      û,      ü,      ý,      þ,      ÿ, */
    0x0000, 0x0000, 0x0000, 0x0000, 0x0000, 0x0000, 0x0000, 0x0000, 0x0000, 0x0000, 0x0000, 0x0000, 0x0000, 0x0000, 0x0000, 0x0000,

};



int MonoType3HashTable[224] = {

/*        ,      !,      ",      #,      $,      %,      &,      ',      (,      ),      *,      +,      ,,      -,      .,      /, */
    0x0000, 0x1323, 0x1324, 0x1325, 0x1326, 0x1327, 0x1328, 0x1329, 0x132a, 0x132b, 0x132c, 0x132d, 0x132e, 0x132f, 0x1330, 0x1331,

/*       0,      1,      2,      3,      4,      5,      6,      7,      8,      9,      :,      ;,      <,      =,      >,      ?, */
    0x1332, 0x1333, 0x1334, 0x1335, 0x1336, 0x1338, 0x1339, 0x133a, 0x133b, 0x133c, 0x133d, 0x133e, 0x133f, 0x1340, 0x1341, 0x1342,

/*       @,      A,      B,      C,      D,      E,      F,      G,      H,      I,      J,      K,      L,      M,      N,      O, */
    0x1343, 0x1344, 0x1345, 0x1346, 0x1348, 0x1349, 0x134a, 0x134b, 0x134c, 0x134d, 0x134e, 0x134f, 0x1350, 0x1351, 0x1352, 0x1353,

/*       P,      Q,      R,      S,      T,      U,      V,      W,      X,      Y,      Z,      [,      \,      ],      ^,      _, */
    0x1354, 0x1355, 0x1356, 0x1369, 0x136a, 0x136b, 0x136c, 0x136d, 0x136e, 0x136f, 0x1370, 0x1371, 0x1372, 0x1373, 0x1374, 0x1375,

/*       `,      a,      b,      c,      d,      e,      f,      g,      h,      i,      j,      k,      l,      m,      n,      o, */
    0x1376, 0x1377, 0x1378, 0x1379, 0x137a, 0x137b, 0x137c, 0x1361, 0x1364, 0x1365, 0x1362, 0x1367, 0x0000, 0xfdf0, 0x0000, 0x0000,

/*       p,      q,      r,      s,      t,      u,      v,      w,      x,      y,      z,      {,      |,      },      ~,      , */
    0x0000, 0x0000, 0x0000, 0x0000, 0x0000, 0x0000, 0x0000, 0x0000, 0x0000, 0x0000, 0x0000, 0x0000, 0x0000, 0x0000, 0x0000, 0x0000,

/*    0x80,   0x81,   0x82,   0x83,   0x84,   0x85,   0x86,   0x87,   0x88,   0x89,   0x8a,   0x8b,   0x8c,   0x8d,   0x8e,   0x8f, */
    0x0000, 0x0000, 0x0000, 0x0000, 0x0000, 0x0000, 0x0000, 0x0000, 0x0000, 0x0000, 0x0000, 0x0000, 0x0000, 0x0000, 0x0000, 0x0000,

/*    0x90,   0x91,   0x92,   0x93,   0x94,   0x95,   0x96,   0x97,   0x98,   0x99,   0x9a,   0x9b,   0x9c,   0x9d,   0x9e,   0x9f, */
    0x0000, 0x0000, 0x0000, 0x0000, 0x0000, 0x0000, 0x0000, 0x0000, 0x0000, 0x0000, 0x0000, 0x0000, 0x0000, 0x0000, 0x0000, 0x0000,

/*    0xa0,      ¡,      ¢,      £,      ¤,      ¥,      ¦,      §,      ¨,      ©,      ª,      «,      ¬,      ­,      ®,      ¯, */
    0x0000, 0x0000, 0x0000, 0x0000, 0x0000, 0x0000, 0x0000, 0x0000,    '!',    '`',    '$',    '[',    ']',   '\'',    '(',    ')',

/*       °,      ±,      ²,      ³,      ´,      µ,      ¶,      ·,      ¸,      ¹,      º,      »,      ¼,      ½,      ¾,      ¿, */
       '"',    '"',    '/',    '0',    '1', 0x0000,    '2',    '3',    '4',    '5',    '6',    '7',    '8',    '9', 0x0000, 0xfdfd,

/*       À,      Á,      Â,      Ã,      Ä,      Å,      Æ,      Ç,      È,      É,      Ê,      Ë,      Ì,      Í,      Î,      Ï, */
    0x0000, 0xfdfe, 0x00b7, 0xfdff,    '-',    '-', 0x0000, 0x0000, 0x0000, 0x0000, 0x0000, 0x0000, 0x0000, 0x0000, 0x0000, 0x0000,

/*       Ð,      Ñ,      Ò,      Ó,      Ô,      Õ,      Ö,      ×,      Ø,      Ù,      Ú,      Û,      Ü,      Ý,      Þ,      ß, */
    0x0000, 0x0000, 0x0000, 0x0000, 0x0000, 0x0000, 0x0000, 0x0000, 0x0000, 0x0000, 0x0000, 0x0000, 0x0000, 0x0000, 0x0000, 0x0000,

/*       à,      á,      â,      ã,      ä,      å,      æ,      ç,      è,      é,      ê,      ë,      ì,      í,      î,      ï, */
    0x0000, 0x0000, 0x0000, 0x0000, 0x0000, 0x0000, 0x0000, 0x0000, 0x0000, 0x0000, 0x0000, 0x0000, 0x0000, 0x0000, 0x0000, 0x0000,

/*       ð,      ñ,      ò,      ó,      ô,      õ,      ö,      ÷,      ø,      ù,      ú,      û,      ü,      ý,      þ,      ÿ, */
    0x0000, 0x0000, 0x0000, 0x0000, 0x0000, 0x0000, 0x0000, 0x0000, 0x0000, 0x0000, 0x0000, 0x0000, 0x0000, 0x0000, 0x0000, 0x0000,

};


int MonoTypeNHashTable[224] = {

/*        ,      !,      ",      #,      $,      %,      &,      ',      (,      ),      *,      +,      ,,      -,      .,      /, */
    0x0000, 0x1372, 0x1373, 0x1374, 0x1375, 0x1376, 0x1378, 0x0000, 0x137a, 0x0000, 0x1379, 0x0000, 0x0000, 0x137b, 0x0000, 0x0000,

/*       0,      1,      2,      3,      4,      5,      6,      7,      8,      9,      :,      ;,      <,      =,      >,      ?, */
    0x0000, 0x1369, 0x136a, 0x136b, 0x136c, 0x136d, 0x136e, 0x136f, 0x1370, 0x1371, 0x0000, 0x0000, 0x0000, 0x137c, 0x0000, 0x0000,

/*       @,      A,      B,      C,      D,      E,      F,      G,      H,      I,      J,      K,      L,      M,      N,      O, */
    0x0000, 0x0000, 0x0000, 0x0000, 0x0000, 0x0000, 0x0000, 0x0000, 0x0000, 0x0000, 0x0000, 0x0000, 0x0000, 0x0000, 0x0000, 0x0000,

/*       P,      Q,      R,      S,      T,      U,      V,      W,      X,      Y,      Z,      [,      \,      ],      ^,      _, */
    0x0000, 0x0000, 0x0000, 0x0000, 0x0000, 0x0000, 0x0000, 0x0000, 0x0000, 0x0000, 0x0000, 0x0000, 0x0000, 0x0000, 0x1377, 0x0000,

/*       `,      a,      b,      c,      d,      e,      f,      g,      h,      i,      j,      k,      l,      m,      n,      o, */
    0x0000, 0x0000, 0x0000, 0x0000, 0x0000, 0x0000, 0x0000, 0x0000, 0x0000, 0x0000, 0x0000, 0x0000, 0x0000, 0x0000, 0x0000, 0x0000,

/*       p,      q,      r,      s,      t,      u,      v,      w,      x,      y,      z,      {,      |,      },      ~,      , */
    0x0000, 0x0000, 0x0000, 0x0000, 0x0000, 0x0000, 0x0000, 0x0000, 0x0000, 0x0000, 0x0000, 0x0000, 0x0000, 0x0000, 0x0000, 0x0000,

/*    0x80,   0x81,   0x82,   0x83,   0x84,   0x85,   0x86,   0x87,   0x88,   0x89,   0x8a,   0x8b,   0x8c,   0x8d,   0x8e,   0x8f, */
    0x0000, 0x0000, 0x0000, 0x0000, 0x0000, 0x0000, 0x0000, 0x0000, 0x0000, 0x0000, 0x0000, 0x0000, 0x0000, 0x0000, 0x0000, 0x0000,

/*    0x90,   0x91,   0x92,   0x93,   0x94,   0x95,   0x96,   0x97,   0x98,   0x99,   0x9a,   0x9b,   0x9c,   0x9d,   0x9e,   0x9f, */
    0x0000, 0x0000, 0x0000, 0x0000, 0x0000, 0x0000, 0x0000, 0x0000, 0x0000, 0x0000, 0x0000, 0x0000, 0x0000, 0x0000, 0x0000, 0x0000,

/*    0xa0,      ¡,      ¢,      £,      ¤,      ¥,      ¦,      §,      ¨,      ©,      ª,      «,      ¬,      ­,      ®,      ¯, */
    0x0000, 0x0000, 0x0000, 0x0000, 0x0000, 0x0000, 0x0000, 0x0000, 0x0000, 0x0000, 0x0000, 0x0000, 0x0000, 0x0000, 0x0000, 0x0000,

/*       °,      ±,      ²,      ³,      ´,      µ,      ¶,      ·,      ¸,      ¹,      º,      »,      ¼,      ½,      ¾,      ¿, */
    0x0000, 0x0000, 0x0000, 0x0000, 0x0000, 0x0000, 0x0000, 0x0000, 0x0000, 0x0000, 0x0000, 0x0000, 0x0000, 0x0000, 0x0000, 0x0000,

/*       À,      Á,      Â,      Ã,      Ä,      Å,      Æ,      Ç,      È,      É,      Ê,      Ë,      Ì,      Í,      Î,      Ï, */
    0x0000, 0x0000, 0x0000, 0x0000, 0x0000, 0x0000, 0x0000, 0x0000, 0x0000, 0x0000, 0x0000, 0x0000, 0x0000, 0x0000, 0x0000, 0x0000,

/*       Ð,      Ñ,      Ò,      Ó,      Ô,      Õ,      Ö,      ×,      Ø,      Ù,      Ú,      Û,      Ü,      Ý,      Þ,      ß, */
    0x0000, 0x0000, 0x0000, 0x0000, 0x0000, 0x0000, 0x0000, 0x0000, 0x0000, 0x0000, 0x0000, 0x0000, 0x0000, 0x0000, 0x0000, 0x0000,

/*       à,      á,      â,      ã,      ä,      å,      æ,      ç,      è,      é,      ê,      ë,      ì,      í,      î,      ï, */
    0x0000, 0x0000, 0x0000, 0x0000, 0x0000, 0x0000, 0x0000, 0x0000, 0x0000, 0x0000, 0x0000, 0x0000, 0x0000, 0x0000, 0x0000, 0x0000,

/*       ð,      ñ,      ò,      ó,      ô,      õ,      ö,      ÷,      ø,      ù,      ú,      û,      ü,      ý,      þ,      ÿ, */
    0x0000, 0x0000, 0x0000, 0x0000, 0x0000, 0x0000, 0x0000, 0x0000, 0x0000, 0x0000, 0x0000, 0x0000, 0x0000, 0x0000, 0x0000, 0x0000,

};


int MonoTypeAltHashTable[224] = {

/*        ,      !,      ",      #,      $,      %,      &,      ',      (,      ),      *,      +,      ,,      -,      .,      /, */
    0x0000, 0x1200, 0x1203, 0x0000, 0x1205, 0x1206, 0x1208, 0x120b, 0x120d, 0x1210, 0x0000, 0x1213, 0x1215, 0x1216, 0x1218, 0x121b,

/*       0,      1,      2,      3,      4,      5,      6,      7,      8,      9,      :,      ;,      <,      =,      >,      ?, */
    0x121d, 0x121e, 0x1220, 0x1223, 0x1225, 0x1226, 0x1228, 0x1229, 0x122a, 0x122b, 0x122c, 0x122d, 0x122e, 0x122f, 0x1230, 0x1233,

/*       @,      A,      B,      C,      D,      E,      F,      G,      H,      I,      J,      K,      L,      M,      N,      O, */
    0x1235, 0x1236, 0x1238, 0x123b, 0x123d, 0x123e, 0x1240, 0x1243, 0x1245, 0x1246, 0x124b, 0x124c, 0x1250, 0x1253, 0x1255, 0x1256,

/*       P,      Q,      R,      S,      T,      U,      V,      W,      X,      Y,      Z,      [,      \,      ],      ^,      _, */
    0x125b, 0x1260, 0x1263, 0x1265, 0x1266, 0x1268, 0x126b, 0x126d, 0x126e, 0x1270, 0x1273, 0x1275, 0x1276, 0x0000, 0x1278, 0x127b,

/*       `,      a,      b,      c,      d,      e,      f,      g,      h,      i,      j,      k,      l,      m,      n,      o, */
    0x127d, 0x127e, 0x0000, 0x1280, 0x1283, 0x1285, 0x1286, 0x128b, 0x128c, 0x1290, 0x1293, 0x1295, 0x1296, 0x1297, 0x1298, 0x129b,

/*       p,      q,      r,      s,      t,      u,      v,      w,      x,      y,      z,      {,      |,      },      ~,      , */
    0x129d, 0x129e, 0x129f, 0x12a0, 0x12a3, 0x12a5, 0x12a6, 0x12a7, 0x12a8, 0x0000, 0x12ad, 0x12ab, 0x12b3, 0x12b4, 0x12b8, 0x0000,

/*    0x80,   0x81,   0x82,   0x83,   0x84,   0x85,   0x86,   0x87,   0x88,   0x89,   0x8a,   0x8b,   0x8c,   0x8d,   0x8e,   0x8f, */
    0x12bb, 0x12bd, 0x12be, 0x12c8, 0x12c9, 0x12cb, 0x12cd, 0x12ce, 0x12d0, 0x12d3, 0x0000, 0x12d5, 0x12d8, 0x12db, 0x12dd, 0x12de,

/*    0x90,   0x91,   0x92,   0x93,   0x94,   0x95,   0x96,   0x97,   0x98,   0x99,   0x9a,   0x9b,   0x9c,   0x9d,   0x9e,   0x9f, */
    0x12e0, 0x0000, 0x0000, 0x0000, 0x0000, 0x12ea, 0x0000, 0x0000, 0x12f0, 0x12f3, 0x0000, 0x12f6, 0x12e9, 0x12ec, 0x0000, 0x0000,

/*    0xa0,      ¡,      ¢,      £,      ¤,      ¥,      ¦,      §,      ¨,      ©,      ª,      «,      ¬,      ­,      ®,      ¯, */
    0x0000, 0x0000, 0x0000, 0x0000, 0x1300, 0x1303, 0x1306, 0x1308, 0x130b, 0x130d, 0x130e, 0x1313, 0x1314, 0x1320, 0x1323, 0x1325,

/*       °,      ±,      ²,      ³,      ´,      µ,      ¶,      ·,      ¸,      ¹,      º,      »,      ¼,      ½,      ¾,      ¿, */
    0x1326, 0x1327, 0x1328, 0x1329, 0x132a, 0x132b, 0x132c, 0x132d, 0x132e, 0x132f, 0x1330, 0x1333, 0x1336, 0x1338, 0x1335, 0x133e,

/*       À,      Á,      Â,      Ã,      Ä,      Å,      Æ,      Ç,      È,      É,      Ê,      Ë,      Ì,      Í,      Î,      Ï, */
    0x133f, 0x1340, 0x1343, 0x1345, 0x1346, 0x1348, 0x1349, 0x134a, 0x134b, 0x0000, 0x134d, 0x134e, 0x134f, 0x1350, 0x1353, 0x1355,

/*       Ð,      Ñ,      Ò,      Ó,      Ô,      Õ,      Ö,      ×,      Ø,      Ù,      Ú,      Û,      Ü,      Ý,      Þ,      ß, */
    0x1356, 0x1361, 0x1364, 0x1365, 0x1362, 0x1367, 0x1368, 0xfdf0, 0x0000, 0x12e7, 0x0000, 0x12e3, 0x12e5, 0x12e6, 0x133b, 0x0000,

/*       à,      á,      â,      ã,      ä,      å,      æ,      ç,      è,      é,      ê,      ë,      ì,      í,      î,      ï, */
    0x0000, 0x0000, 0x0000, 0x0000, 0x0000, 0x0000, 0x0000, 0x0000, 0x0000, 0x0000, 0x0000, 0x0000, 0x12e8, 0xfdfd, 0xfdfe, 0x0000,

/*       ð,      ñ,      ò,      ó,      ô,      õ,      ö,      ÷,      ø,      ù,      ú,      û,      ü,      ý,      þ,      ÿ, */
    0xfdff, 0x12eb, 0x12ed, 0x0000, 0x0000, 0x0000, 0x0000, 0x0000, 0x0000, 0x0000, 0x0000, 0x0000, 0x0000, 0x0000, 0x0000, 0x0000,

};

#endif  /* MONOTYPE_MAP */
