/* This is part of the LibEth library, an ANSI C library for Ethiopic
   text and information processing (http://libeth.netpedia.net).
   Copyright (C) 1995-1998 Daniel Yacob.

   This library is free software; you can redistribute it and/or
   modify it under the terms of the GNU Library General Public
   License as published by the Free Software Foundation; either
   version 2 of the License, or (at your option) any later version.

   This library is distributed in the hope that it will be useful,
   but WITHOUT ANY WARRANTY; without even the implied warranty of
   MERCHANTABILITY or FITNESS FOR A PARTICULAR PURPOSE.  See the GNU
   Library General Public License for more details.

   You should have received a copy of the GNU Library General Public
   License along with this library; if not, write to the Free
   Foundation, Inc., 59 Temple Place, Suite 330, Boston, MA  02111-1307  USA
*/

#ifndef SERA_MAP
#define SERA_MAP  1

#ifndef SUPPORT_SERA
#  define SUPPORT_SERA 1
#endif /* SUPPORT_SERA */

#ifndef MAPTYPES_H
#  include "maptypes.h"
#endif /* MAPTYPES_H */

#ifndef SERA_H
#  include "sera.h"
#endif /* SUPPORT_H */





#ifdef USE_SERA_MAP
unsigned char*
SERAFidel[UNITOTAL] = 
{
  "he", "hu", "hi", "ha", "hE", "h", "ho",    "",
  "le", "lu", "li", "la", "lE", "l", "lo", "lWa",
  "He", "Hu", "Hi", "Ha", "HE", "H", "Ho", "HWa",
  "me", "mu", "mi", "ma", "mE", "m", "mo", "mWa",
 "`se","`su","`si","`sa","`sE","`s","`so","`sWa",
  "re", "ru", "ri", "ra", "rE", "r", "ro", "rWa",
  "se", "su", "si", "sa", "sE", "s", "so", "sWa",
  "xe", "xu", "xi", "xa", "xE", "x", "xo", "xWa",
  "qe", "qu", "qi", "qa", "qE", "q", "qo",    "",
 "qWe","qWu","qWi","qWa","qWE","qW",   "",    "",
  "Qe", "Qu", "Qi", "Qa", "QE", "Q", "Qo",    "",
 "QWe","QWu","QWi", "QWa","QWE","QW",   "",   "",
  "be", "bu", "bi", "ba", "bE", "b", "bo", "bWa",
  "ve", "vu", "vi", "va", "vE", "v", "vo", "vWa",
  "te", "tu", "ti", "ta", "tE", "t", "to", "tWa",
  "ce", "cu", "ci", "ca", "cE", "c", "co", "cWa",
 "`he","`hu","`hi","`ha","`hE","`h","`ho",    "",
 "hWe","hWu","hWi","hWa","hWE","hW",   "",    "",
  "ne", "nu", "ni", "na", "nE", "n", "no", "nWa",
  "Ne", "Nu", "Ni", "Na", "NE", "N", "No", "NWa",
   "e",  "u",  "i",  "a", "E",  "I",  "o",  "ea",
  "ke", "ku", "ki", "ka", "kE", "k", "ko",    "",
 "kWe","kWu","kWi","kWa","kWE","kW",   "",    "",
  "Ke", "Ku", "Ki", "Ka", "KE", "K", "Ko",    "",
 "KWe","KWu","KWi","KWa","KWE","KW",   "",    "",
  "we", "wu", "wi", "wa", "wE", "w", "wo",    "",
  "`e", "`u", "`i", "`a", "`E","`I", "`o",    "",
  "ze", "zu", "zi", "za", "zE", "z", "zo", "zWa",
  "Ze", "Zu", "Zi", "Za", "ZE", "Z", "Zo", "ZWa",
  "ye", "yu", "yi", "ya", "yE", "y", "yo", "yWa",
  "de", "du", "di", "da", "dE", "d", "do", "dWa",
  "De", "Du", "Di", "Da", "DE", "D", "Do", "DWa",
  "je", "ju", "ji", "ja", "jE", "j", "jo", "jWa",
  "ge", "gu", "gi", "ga", "gE", "g", "go",    "",
 "gWe","gWu","gWi","gWa","gWE","gW",   "",    "",
  "Ge", "Gu", "Gi", "Ga", "GE", "G", "Go", "GWa",
  "Te", "Tu", "Ti", "Ta", "TE", "T", "To", "TWa",
  "Ce", "Cu", "Ci", "Ca", "CE", "C", "Co", "CWa",
  "Pe", "Pu", "Pi", "Pa", "PE", "P", "Po", "PWa",
  "Se", "Su", "Si", "Sa", "SE", "S", "So", "SWa",
 "`Se","`Su","`Si","`Sa","`SE","`S","`So",    "",
  "fe", "fu", "fi", "fa", "fE", "f", "fo", "fWa",
  "pe", "pu", "pi", "pa", "pE", "p", "po", "pWa",
 "mYa","rYa","fYa",   "",   "",  "",   "",    "",

 "`'", " : ", "::",  ",",  ";", "-:", ":-", "`?", ":|:",
  "1",   "2",  "3",  "4",  "5",  "6",  "7",  "8",   "9",    "10",
 "20",  "30", "40", "50", "60", "70", "80", "90", "100", "10000",
   "",    "",   "",
  
 "`qe", "`qu", "`qi", "`qa", "`qE", "`q", "`qo",  "", "mWe", "bWe", "GWe","fWe","pWe",  "",   "",   "",
 "`ke", "`ku", "`ki", "`ka", "`kE", "`k", "`ko",  "", "mWi", "bWi", "GWi","fWi","pWi",  "",   "",   "",
  "Xe",  "Xu",  "Xi",  "Xa",  "XE",  "X",  "Xo",  "", "mWE", "bWE", "GWE","fWE","pWE",  "",   "",   "",
 "`ge", "`gu", "`gi", "`ga", "`gE", "`g", "`go",  "",  "mW",  "bW",  "GW", "fW", "pW",  "",   "",   "", 

 "\\~X","\\~e","\\~E","\\~a","\\~A","wWe","wWi","wWa","wWE","wW",
 "''", "`!", ".", "<<", ">>", "?"
};


#else


unsigned char*
SERAFidelHash[] = 
{
  "h",
  "l",
  "H",
  "m",
 "`s",
  "r",
  "s",
  "x",
  "q",
 "qW",
  "Q",
 "QW",
  "b",
  "v",
  "t",
  "c",
 "`h",
 "hW",
  "n",
  "N",
  "e",
  "k",
 "kW",
  "K",
 "KW",
  "w",
 "`e",
  "z",
  "Z",
  "y",
  "d",
  "D",
  "j",
  "g",
 "gW",
  "G",
  "T",
  "C",
  "P",
  "S",
 "`S",
  "f",
  "p"
};

unsigned char*
SERAVowelHash[8] =
{
  "e", "u", "i", "a", "E", "I", "o", "Wa"
};

unsigned char*
SERAPunctHash[9] =
{
  "`'", " : ", "::",  ",",  ";", "-:", ":-", "`?", ":|:"
};

unsigned char*
SERAExtHash[] =
{
  "`qe", "`qu", "`qi", "`qa", "`qE", "`q", "`qo", "", "mWe", "bWe", "GWe", "fWe", "pWe",   "",   "",  "",
  "`ke", "`ku", "`ki", "`ka", "`kE", "`k", "`ko", "", "mWi", "bWi", "GWi", "fWi", "pWi",   "",   "",  "",
   "Xe",  "Xu",  "Xi",  "Xa",  "XE",  "X",  "Xo", "", "mWE", "bWE", "GWE", "fWE", "pWE",   "",    "", "",
  "`ge", "`gu", "`gi", "`ga", "`gE", "`g", "`go", "", "mW",  "bW",  "GW",  "fW",  "pW",   "",    "", "", 
  "\\~X", "\\~e", "\\~E", "\\~a", "\\~A", "wWe", "wWi", "wWa", "wWE", "wW",
    "''",   "`!",    ".",   "<<",   ">>",   "?"
};

#define SERAHASHBASE '!'
#define SERAHASHTOP  'z'

FCHAR
SERAHash   []  =
{
  /*  '!'  =>  */   SAFEANSI,
  /*  '"'  =>  */   SAFEANSI,
  /*  '#'  =>  */   SAFEANSI,
  /*  '$'  =>  */   SAFEANSI,
  /*  '%'  =>  */   SAFEANSI,
  /*  '&'  =>  */   SERAPUNCT,  /* A trick for HTML */
  /*  '\'' =>  */   SERASTOP,
  /*  '('  =>  */   SAFEANSI,
  /*  ')'  =>  */   SAFEANSI,
  /*  '*'  =>  */   SAFEANSI,
  /*  '+'  =>  */   SAFEANSI,
  /*  ','  =>  */   COMMA,
  /*  '-'  =>  */   SERAPUNCT,
  /*  '.'  =>  */   NETEB,
  /*  '/'  =>  */   SAFEANSI,
  /*  '0'  =>  */   SAFEANSI,
  /*  '1'  =>  */   SAFEANSI,
  /*  '2'  =>  */   SAFEANSI,
  /*  '3'  =>  */   SAFEANSI,
  /*  '4'  =>  */   SAFEANSI,
  /*  '5'  =>  */   SAFEANSI,
  /*  '6'  =>  */   SAFEANSI,
  /*  '7'  =>  */   SAFEANSI,
  /*  '8'  =>  */   SAFEANSI,
  /*  '9'  =>  */   SAFEANSI,
  /*  ':'  =>  */   SERAPUNCT,
  /*  ';'  =>  */   SEMICOLON,
  /*  '<'  =>  */   SERAPUNCT,
  /*  '='  =>  */   SAFEANSI,
  /*  '>'  =>  */   SERAPUNCT,
  /*  '?'  =>  */   EQUESTIONMARK,
  /*  '@'  =>  */   SAFEANSI,
  /*  'A'  =>  */    AE + RABI,
  /*  'B'  =>  */   BAE,
  /*  'C'  =>  */  CHAE,
  /*  'D'  =>  */  DHAE,
  /*  'E'  =>  */    AE + HAMS,
  /*  'F'  =>  */   FAE,
  /*  'G'  =>  */  GGAE,
  /*  'H'  =>  */  HHAE,
  /*  'I'  =>  */    AE + SADS,
  /*  'J'  =>  */   JAE,
  /*  'K'  =>  */  KHAE,
  /*  'L'  =>  */   LAE,
  /*  'M'  =>  */   MAE,
  /*  'N'  =>  */  NYAE,
  /*  'O'  =>  */    AE + SABI,
  /*  'P'  =>  */  PHAE,
  /*  'Q'  =>  */  QXAE,
  /*  'R'  =>  */   RAE,
  /*  'S'  =>  */  TSAE,
  /*  'T'  =>  */  THAE,
  /*  'U'  =>  */    AE + KAIB,
  /*  'V'  =>  */   VAE,
  /*  'W'  =>  */   WAE,
  /*  'X'  =>  */  XYAE,
  /*  'Y'  =>  */   YAE,
  /*  'Z'  =>  */  ZHAE,
  /*  '['  =>  */  SAFEANSI,
  /*  '\\' =>  */  SERAESCAPE,
  /*  ']'  =>  */  SAFEANSI,
  /*  '^'  =>  */  SAFEANSI,
  /*  '_'  =>  */  SAFEANSI,
  /*  '`'  =>  */   SERAALT,
  /*  'a'  =>  */    AE,
  /*  'b'  =>  */   BAE,
  /*  'c'  =>  */   CAE,
  /*  'd'  =>  */   DAE,
  /*  'e'  =>  */    AE,
  /*  'f'  =>  */   FAE,
  /*  'g'  =>  */   GAE,
  /*  'h'  =>  */   HAE,
  /*  'i'  =>  */    AE + SALS,
  /*  'j'  =>  */   JAE,
  /*  'k'  =>  */   KAE,
  /*  'l'  =>  */   LAE,
  /*  'm'  =>  */   MAE,
  /*  'n'  =>  */   NAE,
  /*  'o'  =>  */    AE + SABI,
  /*  'p'  =>  */   PAE,
  /*  'q'  =>  */   QAE,
  /*  'r'  =>  */   RAE,
  /*  's'  =>  */   SAE,
  /*  't'  =>  */   TAE,
  /*  'u'  =>  */    AE + KAIB,
  /*  'v'  =>  */   VAE,
  /*  'w'  =>  */   WAE,
  /*  'x'  =>  */  SHAE,
  /*  'y'  =>  */   YAE,
  /*  'z'  =>  */   ZAE,
};

#endif /* USE_SERA_MAP */

#define SERAALTHASHBASE 'A'
#define SERAALTHASHTOP SERAHASHTOP 

FCHAR
SERAAltHash    []  =
{
  /*  'A'  =>  */   OAE + RABI,
  /*  'B'  =>  */   NUL,  /* Silte(?) */
  /*  'C'  =>  */ CCHAE,  /* Bench    */
  /*  'D'  =>  */   NUL,
  /*  'E'  =>  */   OAE + HAMS,
  /*  'F'  =>  */   NUL,
  /*  'G'  =>  */   NUL,
  /*  'H'  =>  */   NUL,
  /*  'I'  =>  */   OAE + SADS,
  /*  'J'  =>  */   NUL,
  /*  'K'  =>  */  XYAE,
  /*  'L'  =>  */   NUL,  /* Gedeo, Sidama */
  /*  'M'  =>  */   NUL,  /* Gedeo, Sidama */
  /*  'N'  =>  */   NUL,  /* Gedeo, Sidama */
  /*  'O'  =>  */   OAE + SABI,
  /*  'P'  =>  */   NUL,
  /*  'Q'  =>  */   NUL,
  /*  'R'  =>  */   NUL,  /* Gedeo, Sidama */
  /*  'S'  =>  */ TSZAE,
  /*  'T'  =>  */   NUL,
  /*  'U'  =>  */   OAE + KAIB,
  /*  'V'  =>  */   NUL,
  /*  'W'  =>  */   NUL,
  /*  'X'  =>  */   NUL,  /* Bench */
  /*  'Y'  =>  */   NUL,
  /*  'Z'  =>  */   NUL,  /* Bench */
  /*  '['  =>  */   NUL,
  /*  '\\' =>  */   NUL,
  /*  ']'  =>  */   NUL,
  /*  '^'  =>  */   NUL,
  /*  '_'  =>  */   NUL,
  /*  '`'  =>  */   NUL,
  /*  'a'  =>  */   OAE + RABI,
  /*  'b'  =>  */   NUL,  /* Silte(?) */
  /*  'c'  =>  */  CCAE,  /* Bench    */
  /*  'd'  =>  */   NUL,
  /*  'e'  =>  */   OAE,
  /*  'f'  =>  */   NUL,
  /*  'g'  =>  */  GYAE,  /* Sebatbet */
  /*  'h'  =>  */  HZAE,
  /*  'i'  =>  */   OAE + SALS,
  /*  'j'  =>  */   NUL,
  /*  'k'  =>  */  KYAE,
  /*  'l'  =>  */   NUL,  /* Gedeo, Sidama */
  /*  'm'  =>  */   NUL,  /* Gedeo, Sidama */
  /*  'n'  =>  */   NUL,  /* Gedeo, Sidama */
  /*  'o'  =>  */   OAE + SABI,
  /*  'p'  =>  */   NUL,
  /*  'q'  =>  */  QYAE,
  /*  'r'  =>  */   NUL,  /* Gedeo, Sidama */
  /*  's'  =>  */  SZAE,
  /*  't'  =>  */   NUL,
  /*  'u'  =>  */   OAE + KAIB,
  /*  'v'  =>  */   NUL,
  /*  'w'  =>  */   NUL,
  /*  'x'  =>  */  SSAE,  /* Bench */
  /*  'y'  =>  */   NUL,
  /*  'z'  =>  */   NUL
};
  
#endif  /* SERA_MAP */
