/* This is part of the LibEth library, an ANSI C library for Ethiopic
   text and information processing (http://libeth.netpedia.net).
   Copyright (C) 1995-1998 Daniel Yacob.

   This library is free software; you can redistribute it and/or
   modify it under the terms of the GNU Library General Public
   License as published by the Free Software Foundation; either
   version 2 of the License, or (at your option) any later version.

   This library is distributed in the hope that it will be useful,
   but WITHOUT ANY WARRANTY; without even the implied warranty of
   MERCHANTABILITY or FITNESS FOR A PARTICULAR PURPOSE.  See the GNU
   Library General Public License for more details.

   You should have received a copy of the GNU Library General Public
   License along with this library; if not, write to the Free
   Foundation, Inc., 59 Temple Place, Suite 330, Boston, MA  02111-1307  USA
*/

#ifndef UNICODE_MAP
#define UNICODE_MAP  1

#ifndef MAPTYPES_H
#  include "maptypes.h"
#endif /* MAPTYPES_H */


unsigned char*
EthiopicSyllableNames[] = 
{
	"H",
	"L",
	"HH",
	"M",
	"SZ",
	"R",
	"S",
	"SH",
	"Q",
	"QW",
	"QH",
	"QHW",
	"B",
	"V",
	"T",
	"C",
	"X",
	"XW",
	"N",
	"NY",
	"A",
	"K",
	"KW",
	"KX",
	"KXW",
	"W",
	"A",
	"Z",
	"ZH",
	"Y",
	"D",
	"DD",
	"J",
	"G",
	"GW",
	"GG",
	"TH",
	"CH",
	"PH",
	"TS",
	"TZ",
	"F",
	"P"
};


unsigned char*
EthiopicVowelNames[8] =
{
  "A", "U", "I", "AA", "EE", "E", "O", "WA"
};


unsigned char*
EthiopicPunctuationNames[8] =
{
	"WORDSPACE",
	"FULL STOP",
	"COMMA",
	"SEMICOLON",
	"COLON",
	"PREFACE COLON",
	"QUESTION MARK",
	"PARAGRAPH SEPARATOR"
};


unsigned char*
EthiopicNumberNames[20] =
{
	"ONE",
	"TWO",
	"THREE",
	"FOUR",
	"FIVE",
	"SIX",
	"SEVEN",
	"EIGHT",
	"NINE",
	"TEN",
	"TWENTY",
	"THIRTY",
	"FORTY",
	"FIFTY",
	"SIXTY",
	"SEVENTY",
	"EIGHTY",
	"NINETY",
	"HUNDRED",
	"TEN THOUSAND"
};


#endif  /* UNICODE_MAP */
